Archive member included to satisfy reference by file (symbol)

/home/jger/EDA223/Arm_GNU_Toolchain/arm-gnu-toolchain-13.2.Rel1-x86_64-arm-none-eabi/bin/../lib/gcc/arm-none-eabi/13.2.1/../../../../arm-none-eabi/lib/thumb/v7e-m+fp/hard/libc_nano.a(libc_a-snprintf.o)
                              ./Debug/application.c.o (snprintf)
/home/jger/EDA223/Arm_GNU_Toolchain/arm-gnu-toolchain-13.2.Rel1-x86_64-arm-none-eabi/bin/../lib/gcc/arm-none-eabi/13.2.1/../../../../arm-none-eabi/lib/thumb/v7e-m+fp/hard/libc_nano.a(libc_a-atoi.o)
                              ./Debug/application.c.o (atoi)
/home/jger/EDA223/Arm_GNU_Toolchain/arm-gnu-toolchain-13.2.Rel1-x86_64-arm-none-eabi/bin/../lib/gcc/arm-none-eabi/13.2.1/../../../../arm-none-eabi/lib/thumb/v7e-m+fp/hard/libc_nano.a(libc_a-strtol.o)
                              /home/jger/EDA223/Arm_GNU_Toolchain/arm-gnu-toolchain-13.2.Rel1-x86_64-arm-none-eabi/bin/../lib/gcc/arm-none-eabi/13.2.1/../../../../arm-none-eabi/lib/thumb/v7e-m+fp/hard/libc_nano.a(libc_a-atoi.o) (_strtol_r)
/home/jger/EDA223/Arm_GNU_Toolchain/arm-gnu-toolchain-13.2.Rel1-x86_64-arm-none-eabi/bin/../lib/gcc/arm-none-eabi/13.2.1/../../../../arm-none-eabi/lib/thumb/v7e-m+fp/hard/libc_nano.a(libc_a-nano-svfprintf.o)
                              /home/jger/EDA223/Arm_GNU_Toolchain/arm-gnu-toolchain-13.2.Rel1-x86_64-arm-none-eabi/bin/../lib/gcc/arm-none-eabi/13.2.1/../../../../arm-none-eabi/lib/thumb/v7e-m+fp/hard/libc_nano.a(libc_a-snprintf.o) (_svfprintf_r)
/home/jger/EDA223/Arm_GNU_Toolchain/arm-gnu-toolchain-13.2.Rel1-x86_64-arm-none-eabi/bin/../lib/gcc/arm-none-eabi/13.2.1/../../../../arm-none-eabi/lib/thumb/v7e-m+fp/hard/libc_nano.a(libc_a-nano-vfprintf_i.o)
                              /home/jger/EDA223/Arm_GNU_Toolchain/arm-gnu-toolchain-13.2.Rel1-x86_64-arm-none-eabi/bin/../lib/gcc/arm-none-eabi/13.2.1/../../../../arm-none-eabi/lib/thumb/v7e-m+fp/hard/libc_nano.a(libc_a-nano-svfprintf.o) (_printf_i)
/home/jger/EDA223/Arm_GNU_Toolchain/arm-gnu-toolchain-13.2.Rel1-x86_64-arm-none-eabi/bin/../lib/gcc/arm-none-eabi/13.2.1/../../../../arm-none-eabi/lib/thumb/v7e-m+fp/hard/libc_nano.a(libc_a-impure.o)
                              /home/jger/EDA223/Arm_GNU_Toolchain/arm-gnu-toolchain-13.2.Rel1-x86_64-arm-none-eabi/bin/../lib/gcc/arm-none-eabi/13.2.1/../../../../arm-none-eabi/lib/thumb/v7e-m+fp/hard/libc_nano.a(libc_a-snprintf.o) (_impure_ptr)
/home/jger/EDA223/Arm_GNU_Toolchain/arm-gnu-toolchain-13.2.Rel1-x86_64-arm-none-eabi/bin/../lib/gcc/arm-none-eabi/13.2.1/../../../../arm-none-eabi/lib/thumb/v7e-m+fp/hard/libc_nano.a(libc_a-memchr.o)
                              /home/jger/EDA223/Arm_GNU_Toolchain/arm-gnu-toolchain-13.2.Rel1-x86_64-arm-none-eabi/bin/../lib/gcc/arm-none-eabi/13.2.1/../../../../arm-none-eabi/lib/thumb/v7e-m+fp/hard/libc_nano.a(libc_a-nano-svfprintf.o) (memchr)
/home/jger/EDA223/Arm_GNU_Toolchain/arm-gnu-toolchain-13.2.Rel1-x86_64-arm-none-eabi/bin/../lib/gcc/arm-none-eabi/13.2.1/../../../../arm-none-eabi/lib/thumb/v7e-m+fp/hard/libc_nano.a(libc_a-memcpy-stub.o)
                              /home/jger/EDA223/Arm_GNU_Toolchain/arm-gnu-toolchain-13.2.Rel1-x86_64-arm-none-eabi/bin/../lib/gcc/arm-none-eabi/13.2.1/../../../../arm-none-eabi/lib/thumb/v7e-m+fp/hard/libc_nano.a(libc_a-nano-svfprintf.o) (memcpy)
/home/jger/EDA223/Arm_GNU_Toolchain/arm-gnu-toolchain-13.2.Rel1-x86_64-arm-none-eabi/bin/../lib/gcc/arm-none-eabi/13.2.1/../../../../arm-none-eabi/lib/thumb/v7e-m+fp/hard/libc_nano.a(libc_a-mallocr.o)
                              /home/jger/EDA223/Arm_GNU_Toolchain/arm-gnu-toolchain-13.2.Rel1-x86_64-arm-none-eabi/bin/../lib/gcc/arm-none-eabi/13.2.1/../../../../arm-none-eabi/lib/thumb/v7e-m+fp/hard/libc_nano.a(libc_a-nano-svfprintf.o) (_malloc_r)
/home/jger/EDA223/Arm_GNU_Toolchain/arm-gnu-toolchain-13.2.Rel1-x86_64-arm-none-eabi/bin/../lib/gcc/arm-none-eabi/13.2.1/../../../../arm-none-eabi/lib/thumb/v7e-m+fp/hard/libc_nano.a(libc_a-mlock.o)
                              /home/jger/EDA223/Arm_GNU_Toolchain/arm-gnu-toolchain-13.2.Rel1-x86_64-arm-none-eabi/bin/../lib/gcc/arm-none-eabi/13.2.1/../../../../arm-none-eabi/lib/thumb/v7e-m+fp/hard/libc_nano.a(libc_a-mallocr.o) (__malloc_lock)
/home/jger/EDA223/Arm_GNU_Toolchain/arm-gnu-toolchain-13.2.Rel1-x86_64-arm-none-eabi/bin/../lib/gcc/arm-none-eabi/13.2.1/../../../../arm-none-eabi/lib/thumb/v7e-m+fp/hard/libc_nano.a(libc_a-ctype_.o)
                              /home/jger/EDA223/Arm_GNU_Toolchain/arm-gnu-toolchain-13.2.Rel1-x86_64-arm-none-eabi/bin/../lib/gcc/arm-none-eabi/13.2.1/../../../../arm-none-eabi/lib/thumb/v7e-m+fp/hard/libc_nano.a(libc_a-strtol.o) (_ctype_)
/home/jger/EDA223/Arm_GNU_Toolchain/arm-gnu-toolchain-13.2.Rel1-x86_64-arm-none-eabi/bin/../lib/gcc/arm-none-eabi/13.2.1/../../../../arm-none-eabi/lib/thumb/v7e-m+fp/hard/libc_nano.a(libc_a-sbrkr.o)
[...]
Memory Configuration

Name             Origin             Length             Attributes
RAM              0x20000000         0x0001c000         xrw
*default*        0x00000000         0xffffffff

Linker script and memory map

LOAD ./Debug/driver_src_stm32f4xx_syscfg.c.o
LOAD ./Debug/driver_src_stm32f4xx_exti.c.o
LOAD ./Debug/dispatch.s.o
LOAD ./Debug/sciTinyTimber.c.o
LOAD ./Debug/TinyTimber.c.o
LOAD ./Debug/startup.c.o
LOAD ./Debug/musicPlayer.c.o
LOAD ./Debug/driver_src_stm32f4xx_rcc.c.o
LOAD ./Debug/application.c.o
LOAD ./Debug/driver_src_stm32f4xx_can.c.o
LOAD ./Debug/canTinyTimber.c.o
LOAD ./Debug/toneGenerator.c.o
LOAD ./Debug/driver_src_stm32f4xx_gpio.c.o
LOAD ./Debug/driver_src_stm32f4xx_dac.c.o
LOAD ./Debug/driver_src_stm32f4xx_tim.c.o
LOAD ./Debug/driver_src_stm32f4xx_usart.c.o
LOAD /home/jger/EDA223/Arm_GNU_Toolchain/arm-gnu-toolchain-13.2.Rel1-x86_64-arm-none-eabi/bin/../lib/gcc/arm-none-eabi/13.2.1/../../../../arm-none-eabi/lib/thumb/v7e-m+fp/hard/libstdc++_nano.a
LOAD /home/jger/EDA223/Arm_GNU_Toolchain/arm-gnu-toolchain-13.2.Rel1-x86_64-arm-none-eabi/bin/../lib/gcc/arm-none-eabi/13.2.1/../../../../arm-none-eabi/lib/thumb/v7e-m+fp/hard/libm.a
START GROUP
LOAD /home/jger/EDA223/Arm_GNU_Toolchain/arm-gnu-toolchain-13.2.Rel1-x86_64-arm-none-eabi/bin/../lib/gcc/arm-none-eabi/13.2.1/thumb/v7e-m+fp/hard/libgcc.a
LOAD /home/jger/EDA223/Arm_GNU_Toolchain/arm-gnu-toolchain-13.2.Rel1-x86_64-arm-none-eabi/bin/../lib/gcc/arm-none-eabi/13.2.1/../../../../arm-none-eabi/lib/thumb/v7e-m+fp/hard/libc_nano.a
END GROUP
START GROUP
LOAD /home/jger/EDA223/Arm_GNU_Toolchain/arm-gnu-toolchain-13.2.Rel1-x86_64-arm-none-eabi/bin/../lib/gcc/arm-none-eabi/13.2.1/thumb/v7e-m+fp/hard/libgcc.a
LOAD /home/jger/EDA223/Arm_GNU_Toolchain/arm-gnu-toolchain-13.2.Rel1-x86_64-arm-none-eabi/bin/../lib/gcc/arm-none-eabi/13.2.1/../../../../arm-none-eabi/lib/thumb/v7e-m+fp/hard/libc_nano.a
END GROUP

.text           0x20000000     0x931c
                0x20000000                        . = ALIGN (0x4)
 *(.start_section)
 .start_section
                0x20000000       0x1c ./Debug/startup.c.o
                0x20000000                startup
 *(.text)
 .text          0x2000001c      0x154 ./Debug/driver_src_stm32f4xx_syscfg.c.o
                0x2000001c                SYSCFG_DeInit
                0x20000038                SYSCFG_MemoryRemapConfig
                0x20000058                SYSCFG_MemorySwappingBank
                0x20000078                SYSCFG_EXTILineConfig
                0x200000fc                SYSCFG_ETH_MediaInterfaceConfig
                0x2000011c                SYSCFG_CompensationCellCmd
                0x2000013c                SYSCFG_GetCompensationCellStatus
 .text          0x20000170      0x210 ./Debug/driver_src_stm32f4xx_exti.c.o
                0x20000170                EXTI_DeInit
                0x200001a4                EXTI_Init
                0x20000288                EXTI_StructInit
                0x200002b4                EXTI_GenerateSWInterrupt
                0x200002d8                EXTI_GetFlagStatus
                0x2000030c                EXTI_ClearFlag
                0x2000032c                EXTI_GetITStatus
                0x20000360                EXTI_ClearITPendingBit
 .text          0x20000380       0xf4 ./Debug/dispatch.s.o
                0x20000380                vect_SVCall
                0x20000384                vect_PendSV
 .text          0x20000474      0x294 ./Debug/sciTinyTimber.c.o
                0x200004fc                sci_init
                0x200005a2                sci_write
                0x200005f8                sci_writechar
                0x2000062e                sci_interrupt
 .text          0x20000708      0xf50 ./Debug/TinyTimber.c.o
                0x20000790                DUMP
                0x200007ca                DUMPH
                0x20000828                DUMPD
                0x200008cc                sei
                0x200008ea                cli
                0x20000908                _sbrk
                0x2000094c                SETSTACK
                0x200009b2                SETPC
                0x200009d6                TIMER_INIT
                0x20000a6c                DUMPC
                0x20000aa0                vect_USART1
                0x20000b08                vect_CAN1
                0x20000b70                vect_EXTI9_5
                0x20000bd8                enqueueByDeadline
                0x20000c30                enqueueByBaseline
                0x20000c88                dequeue
                0x20000cd8                dequeue_pool
                0x20000d28                insert
                0x20000d4c                push
                0x20000d70                pop
                0x20000df2                vect_TIM5
                0x20000e84                __svc_dispatch
                0x20000e94                __pendSV_dispatch
                0x20001004                async
                0x20001140                sync
                0x2000124c                ABORT
                0x20001300                T_RESET
                0x2000133c                T_SAMPLE
                0x2000137c                CURRENT_OFFSET
                0x20001528                install
                0x200015f4                tinytimber
 .text          0x20001658      0x32c ./Debug/startup.c.o
 .text          0x20001984      0x244 ./Debug/musicPlayer.c.o
                0x20001984                getTempo
                0x2000199e                setTempo
                0x200019ec                getKey
                0x20001a06                setKey
                0x20001a50                nextNote
                0x20001b6c                getDeadline
                0x20001bac                getI
 .text          0x20001bc8      0xcb0 ./Debug/driver_src_stm32f4xx_rcc.c.o
                0x20001bc8                RCC_DeInit
                0x20001c38                RCC_HSEConfig
                0x20001c60                RCC_WaitForHSEStartUp
                0x20001cb0                RCC_AdjustHSICalibrationValue
                0x20001cec                RCC_HSICmd
                0x20001d0c                RCC_LSEConfig
                0x20001d50                RCC_LSICmd
                0x20001d70                RCC_PLLConfig
                0x20001db0                RCC_PLLCmd
                0x20001dd0                RCC_PLLI2SConfig
                0x20001dfc                RCC_PLLI2SCmd
                0x20001e1c                RCC_PLLSAIConfig
                0x20001e50                RCC_PLLSAICmd
                0x20001e70                RCC_ClockSecuritySystemCmd
                0x20001e90                RCC_MCO1Config
                0x20001ed0                RCC_MCO2Config
                0x20001f10                RCC_SYSCLKConfig
                0x20001f48                RCC_GetSYSCLKSource
                0x20001f68                RCC_HCLKConfig
                0x20001fa0                RCC_PCLK1Config
                0x20001fd8                RCC_PCLK2Config
                0x20002014                RCC_GetClocksFreq
                0x20002170                RCC_RTCCLKConfig
                0x200021cc                RCC_RTCCLKCmd
                0x200021ec                RCC_BackupResetCmd
                0x2000220c                RCC_I2SCLKConfig
                0x2000222c                RCC_SAIPLLI2SClkDivConfig
                0x2000226c                RCC_SAIPLLSAIClkDivConfig
                0x200022ac                RCC_SAIBlockACLKConfig
                0x200022e8                RCC_SAIBlockBCLKConfig
                0x20002324                RCC_LTDCCLKDivConfig
                0x20002360                RCC_TIMCLKPresConfig
                0x20002380                RCC_AHB1PeriphClockCmd
                0x200023c0                RCC_AHB2PeriphClockCmd
                0x20002400                RCC_AHB3PeriphClockCmd
                0x20002440                RCC_APB1PeriphClockCmd
                0x20002480                RCC_APB2PeriphClockCmd
                0x200024c0                RCC_AHB1PeriphResetCmd
                0x20002500                RCC_AHB2PeriphResetCmd
                0x20002540                RCC_AHB3PeriphResetCmd
                0x20002580                RCC_APB1PeriphResetCmd
                0x200025c0                RCC_APB2PeriphResetCmd
                0x20002600                RCC_AHB1PeriphClockLPModeCmd
                0x20002640                RCC_AHB2PeriphClockLPModeCmd
                0x20002680                RCC_AHB3PeriphClockLPModeCmd
                0x200026c0                RCC_APB1PeriphClockLPModeCmd
                0x20002700                RCC_APB2PeriphClockLPModeCmd
                0x20002740                RCC_ITConfig
                0x2000278c                RCC_GetFlagStatus
                0x20002800                RCC_ClearFlag
                0x20002820                RCC_GetITStatus
                0x20002858                RCC_ClearITPendingBit
 .text          0x20002878      0xcf4 ./Debug/application.c.o
                0x20002878                receiver
                0x200028c8                reader
                0x20003354                startApp
                0x2000352c                main
 .text          0x2000356c     0x11b4 ./Debug/driver_src_stm32f4xx_can.c.o
                0x2000356c                CAN_DeInit
                0x200035b4                CAN_Init
                0x20003756                CAN_FilterInit
                0x200038dc                CAN_StructInit
                0x20003932                CAN_SlaveStartBank
                0x20003994                CAN_DBGFreeze
                0x200039cc                CAN_TTComModeCmd
                0x20003a64                CAN_Transmit
                0x20003c06                CAN_TransmitStatus
                0x20003d0c                CAN_CancelTransmit
                0x20003d64                CAN_Receive
                0x20003ee0                CAN_FIFORelease
                0x20003f18                CAN_MessagePending
                0x20003f62                CAN_OperatingModeRequest
                0x2000405e                CAN_Sleep
                0x20004098                CAN_WakeUp
                0x200040ee                CAN_GetLastErrorCode
                0x20004114                CAN_GetReceiveErrorCounter
                0x20004136                CAN_GetLSBTransmitErrorCounter
                0x20004158                CAN_ITConfig
                0x20004194                CAN_GetFlagStatus
                0x20004262                CAN_ClearFlag
                0x200042d4                CAN_GetITStatus
                0x20004538                CAN_ClearITPendingBit
 .text          0x20004720      0x434 ./Debug/canTinyTimber.c.o
                0x200047a8                can_init
                0x20004860                can_interrupt
                0x200049e8                can_receive
                0x20004ab2                can_send
 .text          0x20004b54      0x1d4 ./Debug/toneGenerator.c.o
                0x20004b54                getVolume
                0x20004b6e                setVolume
                0x20004ba8                mute
                0x20004be2                updateKey
                0x20004bfe                updateTempo
                0x20004c1c                updateNotePeriod
                0x20004c38                updateDeadline
                0x20004c54                toggle_DAC_output
                0x20004cc0                getKeyTG
                0x20004cda                getTempoTG
                0x20004cf4                getVolumeTG
                0x20004d0e                getPrevVolumeTG
 .text          0x20004d28      0x4d8 ./Debug/driver_src_stm32f4xx_gpio.c.o
                0x20004d28                GPIO_DeInit
                0x20004e8c                GPIO_Init
                0x20004faa                GPIO_StructInit
                0x20004fde                GPIO_PinLockConfig
                0x20005022                GPIO_ReadInputDataBit
                0x20005056                GPIO_ReadInputData
                0x20005070                GPIO_ReadOutputDataBit
                0x200050a4                GPIO_ReadOutputData
                0x200050be                GPIO_SetBits
                0x200050dc                GPIO_ResetBits
                0x200050fa                GPIO_WriteBit
                0x2000512a                GPIO_Write
                0x20005148                GPIO_ToggleBits
                0x2000516c                GPIO_PinAFConfig
 .text          0x20005200      0x450 ./Debug/driver_src_stm32f4xx_dac.c.o
                0x20005200                DAC_DeInit
                0x2000521c                DAC_Init
                0x20005284                DAC_StructInit
                0x200052b0                DAC_Cmd
                0x200052fc                DAC_SoftwareTriggerCmd
                0x2000534c                DAC_DualSoftwareTriggerCmd
                0x20005388                DAC_WaveGenerationCmd
                0x200053d4                DAC_SetChannel1Data
                0x2000540c                DAC_SetChannel2Data
                0x20005444                DAC_SetDualChannelData
                0x2000549c                DAC_GetDataOutputValue
                0x200054d0                DAC_DMACmd
                0x20005520                DAC_ITConfig
                0x2000556c                DAC_GetFlagStatus
                0x200055a8                DAC_ClearFlag
                0x200055d0                DAC_GetITStatus
                0x20005628                DAC_ClearITPendingBit
 .text          0x20005650     0x1c1c ./Debug/driver_src_stm32f4xx_tim.c.o
                0x20005650                TIM_DeInit
                0x20005810                TIM_TimeBaseInit
                0x200058e8                TIM_TimeBaseStructInit
                0x2000591c                TIM_PrescalerConfig
                0x20005944                TIM_CounterModeConfig
                0x2000597c                TIM_SetCounter
                0x20005998                TIM_SetAutoreload
                0x200059b4                TIM_GetCounter
                0x200059cc                TIM_GetPrescaler
                0x200059e6                TIM_UpdateDisableConfig
                0x20005a26                TIM_UpdateRequestConfig
                0x20005a66                TIM_ARRPreloadConfig
                0x20005aa6                TIM_SelectOnePulseMode
                0x20005ade                TIM_SetClockDivision
                0x20005b16                TIM_Cmd
                0x20005b56                TIM_OC1Init
                0x20005c4c                TIM_OC2Init
                0x20005d5c                TIM_OC3Init
                0x20005e68                TIM_OC4Init
                0x20005f38                TIM_OCStructInit
                0x20005f7c                TIM_SelectOCxM
                0x20006032                TIM_SetCompare1
                0x2000604e                TIM_SetCompare2
                0x2000606a                TIM_SetCompare3
                0x20006086                TIM_SetCompare4
                0x200060a2                TIM_ForcedOC1Config
                0x200060da                TIM_ForcedOC2Config
                0x20006116                TIM_ForcedOC3Config
                0x2000614e                TIM_ForcedOC4Config
                0x2000618a                TIM_OC1PreloadConfig
                0x200061c2                TIM_OC2PreloadConfig
                0x200061fe                TIM_OC3PreloadConfig
                0x20006236                TIM_OC4PreloadConfig
                0x20006272                TIM_OC1FastConfig
                0x200062aa                TIM_OC2FastConfig
                0x200062e6                TIM_OC3FastConfig
                0x2000631e                TIM_OC4FastConfig
                0x2000635a                TIM_ClearOC1Ref
                0x20006392                TIM_ClearOC2Ref
                0x200063ce                TIM_ClearOC3Ref
                0x20006406                TIM_ClearOC4Ref
                0x20006442                TIM_OC1PolarityConfig
                0x2000647a                TIM_OC1NPolarityConfig
                0x200064b2                TIM_OC2PolarityConfig
                0x200064ee                TIM_OC2NPolarityConfig
                0x2000652a                TIM_OC3PolarityConfig
                0x20006566                TIM_OC3NPolarityConfig
                0x200065a2                TIM_OC4PolarityConfig
                0x200065de                TIM_CCxCmd
                0x20006634                TIM_CCxNCmd
                0x2000668a                TIM_ICInit
                0x20006732                TIM_ICStructInit
                0x20006764                TIM_PWMIConfig
                0x2000681c                TIM_GetCapture1
                0x20006834                TIM_GetCapture2
                0x2000684c                TIM_GetCapture3
                0x20006864                TIM_GetCapture4
                0x2000687c                TIM_SetIC1Prescaler
                0x200068b4                TIM_SetIC2Prescaler
                0x200068f0                TIM_SetIC3Prescaler
                0x20006928                TIM_SetIC4Prescaler
                0x20006964                TIM_BDTRConfig
                0x200069b4                TIM_BDTRStructInit
                0x200069f2                TIM_CtrlPWMOutputs
                0x20006a3e                TIM_SelectCOM
                0x20006a7e                TIM_CCPreloadControl
                0x20006abe                TIM_ITConfig
                0x20006b06                TIM_GenerateEvent
                0x20006b24                TIM_GetFlagStatus
                0x20006b5c                TIM_ClearFlag
                0x20006b7e                TIM_GetITStatus
                0x20006bd2                TIM_ClearITPendingBit
                0x20006bf4                TIM_DMAConfig
                0x20006c1e                TIM_DMACmd
                0x20006c66                TIM_SelectCCDMA
                0x20006ca6                TIM_InternalClockConfig
                0x20006cca                TIM_ITRxExternalClockConfig
                0x20006cf8                TIM_TIxExternalClockConfig
                0x20006d54                TIM_ETRClockMode1Config
                0x20006db2                TIM_ETRClockMode2Config
                0x20006df0                TIM_SelectInputTrigger
                0x20006e28                TIM_SelectOutputTrigger
                0x20006e60                TIM_SelectSlaveMode
                0x20006e98                TIM_SelectMasterSlaveMode
                0x20006ed0                TIM_ETRConfig
                0x20006f24                TIM_EncoderInterfaceConfig
                0x20006fbc                TIM_SelectHallSensor
                0x20006ffc                TIM_RemapConfig
 .text          0x2000726c      0x970 ./Debug/driver_src_stm32f4xx_usart.c.o
                0x2000726c                USART_DeInit
                0x20007384                USART_Init
                0x200074f8                USART_StructInit
                0x20007532                USART_ClockInit
                0x20007588                USART_ClockStructInit
                0x200075b4                USART_Cmd
                0x200075f4                USART_SetPrescaler
                0x2000762e                USART_OverSampling8Cmd
                0x20007672                USART_OneBitMethodCmd
                0x200076b2                USART_SendData
                0x200076d6                USART_ReceiveData
                0x200076f6                USART_SetAddress
                0x20007730                USART_ReceiverWakeUpCmd
                0x20007770                USART_WakeUpConfig
                0x200077a8                USART_LINBreakDetectLengthConfig
                0x200077e0                USART_LINCmd
                0x20007820                USART_SendBreak
                0x20007844                USART_HalfDuplexCmd
                0x20007884                USART_SetGuardTime
                0x200078c0                USART_SmartCardCmd
                0x20007900                USART_SmartCardNACKCmd
                0x20007940                USART_IrDAConfig
                0x20007978                USART_IrDACmd
                0x200079b8                USART_DMACmd
                0x20007a00                USART_ITConfig
                0x20007a90                USART_GetFlagStatus
                0x20007ac8                USART_ClearFlag
                0x20007aea                USART_GetITStatus
                0x20007ba0                USART_ClearITPendingBit
 .text          0x20007bdc        0x0 /home/jger/EDA223/Arm_GNU_Toolchain/arm-gnu-toolchain-13.2.Rel1-x86_64-arm-none-eabi/bin/../lib/gcc/arm-none-eabi/13.2.1/../../../../arm-none-eabi/lib/thumb/v7e-m+fp/hard/libc_nano.a(libc_a-snprintf.o)
 .text          0x20007bdc        0x0 /home/jger/EDA223/Arm_GNU_Toolchain/arm-gnu-toolchain-13.2.Rel1-x86_64-arm-none-eabi/bin/../lib/gcc/arm-none-eabi/13.2.1/../../../../arm-none-eabi/lib/thumb/v7e-m+fp/hard/libc_nano.a(libc_a-atoi.o)
 .text          0x20007bdc        0x0 /home/jger/EDA223/Arm_GNU_Toolchain/arm-gnu-toolchain-13.2.Rel1-x86_64-arm-none-eabi/bin/../lib/gcc/arm-none-eabi/13.2.1/../../../../arm-none-eabi/lib/thumb/v7e-m+fp/hard/libc_nano.a(libc_a-strtol.o)
 .text          0x20007bdc        0x0 /home/jger/EDA223/Arm_GNU_Toolchain/arm-gnu-toolchain-13.2.Rel1-x86_64-arm-none-eabi/bin/../lib/gcc/arm-none-eabi/13.2.1/../../../../arm-none-eabi/lib/thumb/v7e-m+fp/hard/libc_nano.a(libc_a-nano-svfprintf.o)
 .text          0x20007bdc        0x0 /home/jger/EDA223/Arm_GNU_Toolchain/arm-gnu-toolchain-13.2.Rel1-x86_64-arm-none-eabi/bin/../lib/gcc/arm-none-eabi/13.2.1/../../../../arm-none-eabi/lib/thumb/v7e-m+fp/hard/libc_nano.a(libc_a-nano-vfprintf_i.o)
 .text          0x20007bdc        0x0 /home/jger/EDA223/Arm_GNU_Toolchain/arm-gnu-toolchain-13.2.Rel1-x86_64-arm-none-eabi/bin/../lib/gcc/arm-none-eabi/13.2.1/../../../../arm-none-eabi/lib/thumb/v7e-m+fp/hard/libc_nano.a(libc_a-impure.o)
 *fill*         0x20007bdc        0x4 
 .text          0x20007be0       0xa0 /home/jger/EDA223/Arm_GNU_Toolchain/arm-gnu-toolchain-13.2.Rel1-x86_64-arm-none-eabi/bin/../lib/gcc/arm-none-eabi/13.2.1/../../../../arm-none-eabi/lib/thumb/v7e-m+fp/hard/libc_nano.a(libc_a-memchr.o)
                0x20007be0                memchr
 .text          0x20007c80        0x0 /home/jger/EDA223/Arm_GNU_Toolchain/arm-gnu-toolchain-13.2.Rel1-x86_64-arm-none-eabi/bin/../lib/gcc/arm-none-eabi/13.2.1/../../../../arm-none-eabi/lib/thumb/v7e-m+fp/hard/libc_nano.a(libc_a-memcpy-stub.o)
 .text          0x20007c80        0x0 /home/jger/EDA223/Arm_GNU_Toolchain/arm-gnu-toolchain-13.2.Rel1-x86_64-arm-none-eabi/bin/../lib/gcc/arm-none-eabi/13.2.1/../../../../arm-none-eabi/lib/thumb/v7e-m+fp/hard/libc_nano.a(libc_a-mallocr.o)
 .text          0x20007c80        0x0 /home/jger/EDA223/Arm_GNU_Toolchain/arm-gnu-toolchain-13.2.Rel1-x86_64-arm-none-eabi/bin/../lib/gcc/arm-none-eabi/13.2.1/../../../../arm-none-eabi/lib/thumb/v7e-m+fp/hard/libc_nano.a(libc_a-mlock.o)
 .text          0x20007c80        0x0 /home/jger/EDA223/Arm_GNU_Toolchain/arm-gnu-toolchain-13.2.Rel1-x86_64-arm-none-eabi/bin/../lib/gcc/arm-none-eabi/13.2.1/../../../../arm-none-eabi/lib/thumb/v7e-m+fp/hard/libc_nano.a(libc_a-ctype_.o)
 .text          0x20007c80        0x0 /home/jger/EDA223/Arm_GNU_Toolchain/arm-gnu-toolchain-13.2.Rel1-x86_64-arm-none-eabi/bin/../lib/gcc/arm-none-eabi/13.2.1/../../../../arm-none-eabi/lib/thumb/v7e-m+fp/hard/libc_nano.a(libc_a-sbrkr.o)
 .text          0x20007c80        0x0 /home/jger/EDA223/Arm_GNU_Toolchain/arm-gnu-toolchain-13.2.Rel1-x86_64-arm-none-eabi/bin/../lib/gcc/arm-none-eabi/13.2.1/../../../../arm-none-eabi/lib/thumb/v7e-m+fp/hard/libc_nano.a(libc_a-errno.o)
 .text          0x20007c80        0x0 /home/jger/EDA223/Arm_GNU_Toolchain/arm-gnu-toolchain-13.2.Rel1-x86_64-arm-none-eabi/bin/../lib/gcc/arm-none-eabi/13.2.1/../../../../arm-none-eabi/lib/thumb/v7e-m+fp/hard/libc_nano.a(libc_a-memmove.o)
 .text          0x20007c80        0x0 /home/jger/EDA223/Arm_GNU_Toolchain/arm-gnu-toolchain-13.2.Rel1-x86_64-arm-none-eabi/bin/../lib/gcc/arm-none-eabi/13.2.1/../../../../arm-none-eabi/lib/thumb/v7e-m+fp/hard/libc_nano.a(libc_a-reallocr.o)
 .text          0x20007c80        0x0 /home/jger/EDA223/Arm_GNU_Toolchain/arm-gnu-toolchain-13.2.Rel1-x86_64-arm-none-eabi/bin/../lib/gcc/arm-none-eabi/13.2.1/../../../../arm-none-eabi/lib/thumb/v7e-m+fp/hard/libc_nano.a(libc_a-freer.o)
 .text          0x20007c80        0x0 /home/jger/EDA223/Arm_GNU_Toolchain/arm-gnu-toolchain-13.2.Rel1-x86_64-arm-none-eabi/bin/../lib/gcc/arm-none-eabi/13.2.1/../../../../arm-none-eabi/lib/thumb/v7e-m+fp/hard/libc_nano.a(libc_a-lock.o)
 .text          0x20007c80        0x0 /home/jger/EDA223/Arm_GNU_Toolchain/arm-gnu-toolchain-13.2.Rel1-x86_64-arm-none-eabi/bin/../lib/gcc/arm-none-eabi/13.2.1/../../../../arm-none-eabi/lib/thumb/v7e-m+fp/hard/libc_nano.a(libc_a-reent.o)
 .text          0x20007c80        0x0 /home/jger/EDA223/Arm_GNU_Toolchain/arm-gnu-toolchain-13.2.Rel1-x86_64-arm-none-eabi/bin/../lib/gcc/arm-none-eabi/13.2.1/../../../../arm-none-eabi/lib/thumb/v7e-m+fp/hard/libc_nano.a(libc_a-msizer.o)
 *(.text.*)
 .text._snprintf_r
                0x20007c80       0x5e /home/jger/EDA223/Arm_GNU_Toolchain/arm-gnu-toolchain-13.2.Rel1-x86_64-arm-none-eabi/bin/../lib/gcc/arm-none-eabi/13.2.1/../../../../arm-none-eabi/lib/thumb/v7e-m+fp/hard/libc_nano.a(libc_a-snprintf.o)
                0x20007c80                _sniprintf_r
                0x20007c80                _snprintf_r
 *fill*         0x20007cde        0x2 
 .text.snprintf
                0x20007ce0       0x68 /home/jger/EDA223/Arm_GNU_Toolchain/arm-gnu-toolchain-13.2.Rel1-x86_64-arm-none-eabi/bin/../lib/gcc/arm-none-eabi/13.2.1/../../../../arm-none-eabi/lib/thumb/v7e-m+fp/hard/libc_nano.a(libc_a-snprintf.o)
                0x20007ce0                snprintf
                0x20007ce0                sniprintf
 .text.atoi     0x20007d48        0x8 /home/jger/EDA223/Arm_GNU_Toolchain/arm-gnu-toolchain-13.2.Rel1-x86_64-arm-none-eabi/bin/../lib/gcc/arm-none-eabi/13.2.1/../../../../arm-none-eabi/lib/thumb/v7e-m+fp/hard/libc_nano.a(libc_a-atoi.o)
                0x20007d48                atoi
 .text._atoi_r  0x20007d50        0x8 /home/jger/EDA223/Arm_GNU_Toolchain/arm-gnu-toolchain-13.2.Rel1-x86_64-arm-none-eabi/bin/../lib/gcc/arm-none-eabi/13.2.1/../../../../arm-none-eabi/lib/thumb/v7e-m+fp/hard/libc_nano.a(libc_a-atoi.o)
                0x20007d50                _atoi_r
 .text._strtol_l.isra.0
                0x20007d58       0xf4 /home/jger/EDA223/Arm_GNU_Toolchain/arm-gnu-toolchain-13.2.Rel1-x86_64-arm-none-eabi/bin/../lib/gcc/arm-none-eabi/13.2.1/../../../../arm-none-eabi/lib/thumb/v7e-m+fp/hard/libc_nano.a(libc_a-strtol.o)
 .text._strtol_r
                0x20007e4c        0x4 /home/jger/EDA223/Arm_GNU_Toolchain/arm-gnu-toolchain-13.2.Rel1-x86_64-arm-none-eabi/bin/../lib/gcc/arm-none-eabi/13.2.1/../../../../arm-none-eabi/lib/thumb/v7e-m+fp/hard/libc_nano.a(libc_a-strtol.o)
                0x20007e4c                _strtol_r
 .text.strtol_l
                0x20007e50       0x14 /home/jger/EDA223/Arm_GNU_Toolchain/arm-gnu-toolchain-13.2.Rel1-x86_64-arm-none-eabi/bin/../lib/gcc/arm-none-eabi/13.2.1/../../../../arm-none-eabi/lib/thumb/v7e-m+fp/hard/libc_nano.a(libc_a-strtol.o)
                0x20007e50                strtol_l
 .text.strtol   0x20007e64       0x14 /home/jger/EDA223/Arm_GNU_Toolchain/arm-gnu-toolchain-13.2.Rel1-x86_64-arm-none-eabi/bin/../lib/gcc/arm-none-eabi/13.2.1/../../../../arm-none-eabi/lib/thumb/v7e-m+fp/hard/libc_nano.a(libc_a-strtol.o)
                0x20007e64                strtol
 .text.__ssputs_r
                0x20007e78       0xb6 /home/jger/EDA223/Arm_GNU_Toolchain/arm-gnu-toolchain-13.2.Rel1-x86_64-arm-none-eabi/bin/../lib/gcc/arm-none-eabi/13.2.1/../../../../arm-none-eabi/lib/thumb/v7e-m+fp/hard/libc_nano.a(libc_a-nano-svfprintf.o)
                0x20007e78                __ssputs_r
 .text.__ssprint_r
                0x20007f2e       0xfa /home/jger/EDA223/Arm_GNU_Toolchain/arm-gnu-toolchain-13.2.Rel1-x86_64-arm-none-eabi/bin/../lib/gcc/arm-none-eabi/13.2.1/../../../../arm-none-eabi/lib/thumb/v7e-m+fp/hard/libc_nano.a(libc_a-nano-svfprintf.o)
                0x20007f2e                __ssprint_r
 .text._svfprintf_r
                0x20008028      0x1f8 /home/jger/EDA223/Arm_GNU_Toolchain/arm-gnu-toolchain-13.2.Rel1-x86_64-arm-none-eabi/bin/../lib/gcc/arm-none-eabi/13.2.1/../../../../arm-none-eabi/lib/thumb/v7e-m+fp/hard/libc_nano.a(libc_a-nano-svfprintf.o)
                0x20008028                _svfprintf_r
                0x20008028                _svfiprintf_r
 .text._printf_common
                0x20008220       0xda /home/jger/EDA223/Arm_GNU_Toolchain/arm-gnu-toolchain-13.2.Rel1-x86_64-arm-none-eabi/bin/../lib/gcc/arm-none-eabi/13.2.1/../../../../arm-none-eabi/lib/thumb/v7e-m+fp/hard/libc_nano.a(libc_a-nano-vfprintf_i.o)
                0x20008220                _printf_common
 *fill*         0x200082fa        0x2 
 .text._printf_i
                0x200082fc      0x23c /home/jger/EDA223/Arm_GNU_Toolchain/arm-gnu-toolchain-13.2.Rel1-x86_64-arm-none-eabi/bin/../lib/gcc/arm-none-eabi/13.2.1/../../../../arm-none-eabi/lib/thumb/v7e-m+fp/hard/libc_nano.a(libc_a-nano-vfprintf_i.o)
                0x200082fc                _printf_i
 .text.memcpy   0x20008538       0x1c /home/jger/EDA223/Arm_GNU_Toolchain/arm-gnu-toolchain-13.2.Rel1-x86_64-arm-none-eabi/bin/../lib/gcc/arm-none-eabi/13.2.1/../../../../arm-none-eabi/lib/thumb/v7e-m+fp/hard/libc_nano.a(libc_a-memcpy-stub.o)
                0x20008538                memcpy
 .text.sbrk_aligned
                0x20008554       0x44 /home/jger/EDA223/Arm_GNU_Toolchain/arm-gnu-toolchain-13.2.Rel1-x86_64-arm-none-eabi/bin/../lib/gcc/arm-none-eabi/13.2.1/../../../../arm-none-eabi/lib/thumb/v7e-m+fp/hard/libc_nano.a(libc_a-mallocr.o)
 .text._malloc_r
                0x20008598      0x100 /home/jger/EDA223/Arm_GNU_Toolchain/arm-gnu-toolchain-13.2.Rel1-x86_64-arm-none-eabi/bin/../lib/gcc/arm-none-eabi/13.2.1/../../../../arm-none-eabi/lib/thumb/v7e-m+fp/hard/libc_nano.a(libc_a-mallocr.o)
                0x20008598                _malloc_r
 .text.__malloc_lock
                0x20008698        0xc /home/jger/EDA223/Arm_GNU_Toolchain/arm-gnu-toolchain-13.2.Rel1-x86_64-arm-none-eabi/bin/../lib/gcc/arm-none-eabi/13.2.1/../../../../arm-none-eabi/lib/thumb/v7e-m+fp/hard/libc_nano.a(libc_a-mlock.o)
                0x20008698                __malloc_lock
 .text.__malloc_unlock
                0x200086a4        0xc /home/jger/EDA223/Arm_GNU_Toolchain/arm-gnu-toolchain-13.2.Rel1-x86_64-arm-none-eabi/bin/../lib/gcc/arm-none-eabi/13.2.1/../../../../arm-none-eabi/lib/thumb/v7e-m+fp/hard/libc_nano.a(libc_a-mlock.o)
                0x200086a4                __malloc_unlock
 .text._sbrk_r  0x200086b0       0x20 /home/jger/EDA223/Arm_GNU_Toolchain/arm-gnu-toolchain-13.2.Rel1-x86_64-arm-none-eabi/bin/../lib/gcc/arm-none-eabi/13.2.1/../../../../arm-none-eabi/lib/thumb/v7e-m+fp/hard/libc_nano.a(libc_a-sbrkr.o)
                0x200086b0                _sbrk_r
 .text.__errno  0x200086d0        0xc /home/jger/EDA223/Arm_GNU_Toolchain/arm-gnu-toolchain-13.2.Rel1-x86_64-arm-none-eabi/bin/../lib/gcc/arm-none-eabi/13.2.1/../../../../arm-none-eabi/lib/thumb/v7e-m+fp/hard/libc_nano.a(libc_a-errno.o)
                0x200086d0                __errno
 .text.memmove  0x200086dc       0x34 /home/jger/EDA223/Arm_GNU_Toolchain/arm-gnu-toolchain-13.2.Rel1-x86_64-arm-none-eabi/bin/../lib/gcc/arm-none-eabi/13.2.1/../../../../arm-none-eabi/lib/thumb/v7e-m+fp/hard/libc_nano.a(libc_a-memmove.o)
                0x200086dc                memmove
 .text._realloc_r
                0x20008710       0x5c /home/jger/EDA223/Arm_GNU_Toolchain/arm-gnu-toolchain-13.2.Rel1-x86_64-arm-none-eabi/bin/../lib/gcc/arm-none-eabi/13.2.1/../../../../arm-none-eabi/lib/thumb/v7e-m+fp/hard/libc_nano.a(libc_a-reallocr.o)
                0x20008710                _realloc_r
 .text._free_r  0x2000876c       0x94 /home/jger/EDA223/Arm_GNU_Toolchain/arm-gnu-toolchain-13.2.Rel1-x86_64-arm-none-eabi/bin/../lib/gcc/arm-none-eabi/13.2.1/../../../../arm-none-eabi/lib/thumb/v7e-m+fp/hard/libc_nano.a(libc_a-freer.o)
                0x2000876c                _free_r
 .text.__retarget_lock_init
                0x20008800        0x2 /home/jger/EDA223/Arm_GNU_Toolchain/arm-gnu-toolchain-13.2.Rel1-x86_64-arm-none-eabi/bin/../lib/gcc/arm-none-eabi/13.2.1/../../../../arm-none-eabi/lib/thumb/v7e-m+fp/hard/libc_nano.a(libc_a-lock.o)
                0x20008800                __retarget_lock_init
 .text.__retarget_lock_init_recursive
                0x20008802        0x2 /home/jger/EDA223/Arm_GNU_Toolchain/arm-gnu-toolchain-13.2.Rel1-x86_64-arm-none-eabi/bin/../lib/gcc/arm-none-eabi/13.2.1/../../../../arm-none-eabi/lib/thumb/v7e-m+fp/hard/libc_nano.a(libc_a-lock.o)
                0x20008802                __retarget_lock_init_recursive
 .text.__retarget_lock_close
                0x20008804        0x2 /home/jger/EDA223/Arm_GNU_Toolchain/arm-gnu-toolchain-13.2.Rel1-x86_64-arm-none-eabi/bin/../lib/gcc/arm-none-eabi/13.2.1/../../../../arm-none-eabi/lib/thumb/v7e-m+fp/hard/libc_nano.a(libc_a-lock.o)
                0x20008804                __retarget_lock_close
 .text.__retarget_lock_close_recursive
                0x20008806        0x2 /home/jger/EDA223/Arm_GNU_Toolchain/arm-gnu-toolchain-13.2.Rel1-x86_64-arm-none-eabi/bin/../lib/gcc/arm-none-eabi/13.2.1/../../../../arm-none-eabi/lib/thumb/v7e-m+fp/hard/libc_nano.a(libc_a-lock.o)
                0x20008806                __retarget_lock_close_recursive
 .text.__retarget_lock_acquire
                0x20008808        0x2 /home/jger/EDA223/Arm_GNU_Toolchain/arm-gnu-toolchain-13.2.Rel1-x86_64-arm-none-eabi/bin/../lib/gcc/arm-none-eabi/13.2.1/../../../../arm-none-eabi/lib/thumb/v7e-m+fp/hard/libc_nano.a(libc_a-lock.o)
                0x20008808                __retarget_lock_acquire
 .text.__retarget_lock_acquire_recursive
                0x2000880a        0x2 /home/jger/EDA223/Arm_GNU_Toolchain/arm-gnu-toolchain-13.2.Rel1-x86_64-arm-none-eabi/bin/../lib/gcc/arm-none-eabi/13.2.1/../../../../arm-none-eabi/lib/thumb/v7e-m+fp/hard/libc_nano.a(libc_a-lock.o)
                0x2000880a                __retarget_lock_acquire_recursive
 .text.__retarget_lock_try_acquire
                0x2000880c        0x4 /home/jger/EDA223/Arm_GNU_Toolchain/arm-gnu-toolchain-13.2.Rel1-x86_64-arm-none-eabi/bin/../lib/gcc/arm-none-eabi/13.2.1/../../../../arm-none-eabi/lib/thumb/v7e-m+fp/hard/libc_nano.a(libc_a-lock.o)
                0x2000880c                __retarget_lock_try_acquire
 .text.__retarget_lock_try_acquire_recursive
                0x20008810        0x4 /home/jger/EDA223/Arm_GNU_Toolchain/arm-gnu-toolchain-13.2.Rel1-x86_64-arm-none-eabi/bin/../lib/gcc/arm-none-eabi/13.2.1/../../../../arm-none-eabi/lib/thumb/v7e-m+fp/hard/libc_nano.a(libc_a-lock.o)
                0x20008810                __retarget_lock_try_acquire_recursive
 .text.__retarget_lock_release
                0x20008814        0x2 /home/jger/EDA223/Arm_GNU_Toolchain/arm-gnu-toolchain-13.2.Rel1-x86_64-arm-none-eabi/bin/../lib/gcc/arm-none-eabi/13.2.1/../../../../arm-none-eabi/lib/thumb/v7e-m+fp/hard/libc_nano.a(libc_a-lock.o)
                0x20008814                __retarget_lock_release
 .text.__retarget_lock_release_recursive
                0x20008816        0x2 /home/jger/EDA223/Arm_GNU_Toolchain/arm-gnu-toolchain-13.2.Rel1-x86_64-arm-none-eabi/bin/../lib/gcc/arm-none-eabi/13.2.1/../../../../arm-none-eabi/lib/thumb/v7e-m+fp/hard/libc_nano.a(libc_a-lock.o)
                0x20008816                __retarget_lock_release_recursive
 .text._reclaim_reent
                0x20008818       0xac /home/jger/EDA223/Arm_GNU_Toolchain/arm-gnu-toolchain-13.2.Rel1-x86_64-arm-none-eabi/bin/../lib/gcc/arm-none-eabi/13.2.1/../../../../arm-none-eabi/lib/thumb/v7e-m+fp/hard/libc_nano.a(libc_a-reent.o)
                0x20008818                _reclaim_reent
 .text._malloc_usable_size_r
                0x200088c4       0x10 /home/jger/EDA223/Arm_GNU_Toolchain/arm-gnu-toolchain-13.2.Rel1-x86_64-arm-none-eabi/bin/../lib/gcc/arm-none-eabi/13.2.1/../../../../arm-none-eabi/lib/thumb/v7e-m+fp/hard/libc_nano.a(libc_a-msizer.o)
                0x200088c4                _malloc_usable_size_r
 *(.rodata)
 .rodata        0x200088d4       0x81 ./Debug/TinyTimber.c.o
 *fill*         0x20008955        0x3 
 .rodata        0x20008958      0x1c8 ./Debug/musicPlayer.c.o
                0x20008958                song
                0x200089d8                beats
                0x20008a58                notes
 .rodata        0x20008b20       0x10 ./Debug/driver_src_stm32f4xx_rcc.c.o
 .rodata        0x20008b30      0x62a ./Debug/application.c.o
 *fill*         0x2000915a        0x2 
 .rodata        0x2000915c       0x8a ./Debug/canTinyTimber.c.o
 *(.rodata*)
 .rodata._svfprintf_r.str1.1
                0x200091e6       0x33 /home/jger/EDA223/Arm_GNU_Toolchain/arm-gnu-toolchain-13.2.Rel1-x86_64-arm-none-eabi/bin/../lib/gcc/arm-none-eabi/13.2.1/../../../../arm-none-eabi/lib/thumb/v7e-m+fp/hard/libc_nano.a(libc_a-nano-svfprintf.o)
                                 0x11 (size before relaxing)
 .rodata._printf_i.str1.1
                0x20009219       0x22 /home/jger/EDA223/Arm_GNU_Toolchain/arm-gnu-toolchain-13.2.Rel1-x86_64-arm-none-eabi/bin/../lib/gcc/arm-none-eabi/13.2.1/../../../../arm-none-eabi/lib/thumb/v7e-m+fp/hard/libc_nano.a(libc_a-nano-vfprintf_i.o)
 .rodata._ctype_
                0x20009219      0x101 /home/jger/EDA223/Arm_GNU_Toolchain/arm-gnu-toolchain-13.2.Rel1-x86_64-arm-none-eabi/bin/../lib/gcc/arm-none-eabi/13.2.1/../../../../arm-none-eabi/lib/thumb/v7e-m+fp/hard/libc_nano.a(libc_a-ctype_.o)
                0x20009219                _ctype_
 *(.glue_7)
 .glue_7        0x2000931a        0x0 linker stubs
 *(.glue_7t)
 .glue_7t       0x2000931a        0x0 linker stubs
                0x2000931c                        . = ALIGN (0x4)
 *fill*         0x2000931a        0x2 

.ARM.extab      0x2000931c        0x0
 .ARM.extab     0x2000931c        0x0 /home/jger/EDA223/Arm_GNU_Toolchain/arm-gnu-toolchain-13.2.Rel1-x86_64-arm-none-eabi/bin/../lib/gcc/arm-none-eabi/13.2.1/../../../../arm-none-eabi/lib/thumb/v7e-m+fp/hard/libc_nano.a(libc_a-memchr.o)

.ARM.exidx      0x2000931c        0x8
 .ARM.exidx     0x2000931c        0x8 /home/jger/EDA223/Arm_GNU_Toolchain/arm-gnu-toolchain-13.2.Rel1-x86_64-arm-none-eabi/bin/../lib/gcc/arm-none-eabi/13.2.1/../../../../arm-none-eabi/lib/thumb/v7e-m+fp/hard/libc_nano.a(libc_a-memchr.o)

.eh_frame       0x20009324       0x50
 .eh_frame      0x20009324       0x50 /home/jger/EDA223/Arm_GNU_Toolchain/arm-gnu-toolchain-13.2.Rel1-x86_64-arm-none-eabi/bin/../lib/gcc/arm-none-eabi/13.2.1/../../../../arm-none-eabi/lib/thumb/v7e-m+fp/hard/libc_nano.a(libc_a-memchr.o)

.vfp11_veneer   0x20009374        0x0
 .vfp11_veneer  0x20009374        0x0 linker stubs

.v4_bx          0x20009374        0x0
 .v4_bx         0x20009374        0x0 linker stubs

.iplt           0x20009374        0x0
 .iplt          0x20009374        0x0 ./Debug/driver_src_stm32f4xx_syscfg.c.o

.rel.dyn        0x20009374        0x0
 .rel.iplt      0x20009374        0x0 ./Debug/driver_src_stm32f4xx_syscfg.c.o

.data           0x20009374      0x610
                0x20009374                        . = ALIGN (0x4)
 *(.data)
 .data          0x20009374        0x0 ./Debug/driver_src_stm32f4xx_syscfg.c.o
 .data          0x20009374        0x0 ./Debug/driver_src_stm32f4xx_exti.c.o
 .data          0x20009374       0x84 ./Debug/dispatch.s.o
 .data          0x200093f8        0x0 ./Debug/sciTinyTimber.c.o
 .data          0x200093f8       0x24 ./Debug/TinyTimber.c.o
                0x200093f8                hex
                0x2000940c                msgPool
                0x20009410                threadPool
                0x20009414                activeStack
                0x20009418                current
 .data          0x2000941c        0x0 ./Debug/startup.c.o
 .data          0x2000941c        0x0 ./Debug/musicPlayer.c.o
 .data          0x2000941c        0x0 ./Debug/driver_src_stm32f4xx_rcc.c.o
 .data          0x2000941c      0x500 ./Debug/application.c.o
                0x2000941c                app
                0x20009468                musicPlay
                0x20009484                sci0
                0x200098a4                can0
 .data          0x2000991c        0x0 ./Debug/driver_src_stm32f4xx_can.c.o
 .data          0x2000991c        0x0 ./Debug/canTinyTimber.c.o
 .data          0x2000991c       0x18 ./Debug/toneGenerator.c.o
                0x2000991c                toneGenerator
 .data          0x20009934        0x0 ./Debug/driver_src_stm32f4xx_gpio.c.o
 .data          0x20009934        0x0 ./Debug/driver_src_stm32f4xx_dac.c.o
 .data          0x20009934        0x0 ./Debug/driver_src_stm32f4xx_tim.c.o
 .data          0x20009934        0x0 ./Debug/driver_src_stm32f4xx_usart.c.o
 .data          0x20009934        0x0 /home/jger/EDA223/Arm_GNU_Toolchain/arm-gnu-toolchain-13.2.Rel1-x86_64-arm-none-eabi/bin/../lib/gcc/arm-none-eabi/13.2.1/../../../../arm-none-eabi/lib/thumb/v7e-m+fp/hard/libc_nano.a(libc_a-snprintf.o)
 .data          0x20009934        0x0 /home/jger/EDA223/Arm_GNU_Toolchain/arm-gnu-toolchain-13.2.Rel1-x86_64-arm-none-eabi/bin/../lib/gcc/arm-none-eabi/13.2.1/../../../../arm-none-eabi/lib/thumb/v7e-m+fp/hard/libc_nano.a(libc_a-atoi.o)
 .data          0x20009934        0x0 /home/jger/EDA223/Arm_GNU_Toolchain/arm-gnu-toolchain-13.2.Rel1-x86_64-arm-none-eabi/bin/../lib/gcc/arm-none-eabi/13.2.1/../../../../arm-none-eabi/lib/thumb/v7e-m+fp/hard/libc_nano.a(libc_a-strtol.o)
 .data          0x20009934        0x0 /home/jger/EDA223/Arm_GNU_Toolchain/arm-gnu-toolchain-13.2.Rel1-x86_64-arm-none-eabi/bin/../lib/gcc/arm-none-eabi/13.2.1/../../../../arm-none-eabi/lib/thumb/v7e-m+fp/hard/libc_nano.a(libc_a-nano-svfprintf.o)
 .data          0x20009934        0x0 /home/jger/EDA223/Arm_GNU_Toolchain/arm-gnu-toolchain-13.2.Rel1-x86_64-arm-none-eabi/bin/../lib/gcc/arm-none-eabi/13.2.1/../../../../arm-none-eabi/lib/thumb/v7e-m+fp/hard/libc_nano.a(libc_a-nano-vfprintf_i.o)
 .data          0x20009934        0x0 /home/jger/EDA223/Arm_GNU_Toolchain/arm-gnu-toolchain-13.2.Rel1-x86_64-arm-none-eabi/bin/../lib/gcc/arm-none-eabi/13.2.1/../../../../arm-none-eabi/lib/thumb/v7e-m+fp/hard/libc_nano.a(libc_a-impure.o)
 .data          0x20009934        0x0 /home/jger/EDA223/Arm_GNU_Toolchain/arm-gnu-toolchain-13.2.Rel1-x86_64-arm-none-eabi/bin/../lib/gcc/arm-none-eabi/13.2.1/../../../../arm-none-eabi/lib/thumb/v7e-m+fp/hard/libc_nano.a(libc_a-memchr.o)
 .data          0x20009934        0x0 /home/jger/EDA223/Arm_GNU_Toolchain/arm-gnu-toolchain-13.2.Rel1-x86_64-arm-none-eabi/bin/../lib/gcc/arm-none-eabi/13.2.1/../../../../arm-none-eabi/lib/thumb/v7e-m+fp/hard/libc_nano.a(libc_a-memcpy-stub.o)
 .data          0x20009934        0x0 /home/jger/EDA223/Arm_GNU_Toolchain/arm-gnu-toolchain-13.2.Rel1-x86_64-arm-none-eabi/bin/../lib/gcc/arm-none-eabi/13.2.1/../../../../arm-none-eabi/lib/thumb/v7e-m+fp/hard/libc_nano.a(libc_a-mallocr.o)
 .data          0x20009934        0x0 /home/jger/EDA223/Arm_GNU_Toolchain/arm-gnu-toolchain-13.2.Rel1-x86_64-arm-none-eabi/bin/../lib/gcc/arm-none-eabi/13.2.1/../../../../arm-none-eabi/lib/thumb/v7e-m+fp/hard/libc_nano.a(libc_a-mlock.o)
 .data          0x20009934        0x0 /home/jger/EDA223/Arm_GNU_Toolchain/arm-gnu-toolchain-13.2.Rel1-x86_64-arm-none-eabi/bin/../lib/gcc/arm-none-eabi/13.2.1/../../../../arm-none-eabi/lib/thumb/v7e-m+fp/hard/libc_nano.a(libc_a-ctype_.o)
 .data          0x20009934        0x0 /home/jger/EDA223/Arm_GNU_Toolchain/arm-gnu-toolchain-13.2.Rel1-x86_64-arm-none-eabi/bin/../lib/gcc/arm-none-eabi/13.2.1/../../../../arm-none-eabi/lib/thumb/v7e-m+fp/hard/libc_nano.a(libc_a-sbrkr.o)
 .data          0x20009934        0x0 /home/jger/EDA223/Arm_GNU_Toolchain/arm-gnu-toolchain-13.2.Rel1-x86_64-arm-none-eabi/bin/../lib/gcc/arm-none-eabi/13.2.1/../../../../arm-none-eabi/lib/thumb/v7e-m+fp/hard/libc_nano.a(libc_a-errno.o)
 .data          0x20009934        0x0 /home/jger/EDA223/Arm_GNU_Toolchain/arm-gnu-toolchain-13.2.Rel1-x86_64-arm-none-eabi/bin/../lib/gcc/arm-none-eabi/13.2.1/../../../../arm-none-eabi/lib/thumb/v7e-m+fp/hard/libc_nano.a(libc_a-memmove.o)
 .data          0x20009934        0x0 /home/jger/EDA223/Arm_GNU_Toolchain/arm-gnu-toolchain-13.2.Rel1-x86_64-arm-none-eabi/bin/../lib/gcc/arm-none-eabi/13.2.1/../../../../arm-none-eabi/lib/thumb/v7e-m+fp/hard/libc_nano.a(libc_a-reallocr.o)
 .data          0x20009934        0x0 /home/jger/EDA223/Arm_GNU_Toolchain/arm-gnu-toolchain-13.2.Rel1-x86_64-arm-none-eabi/bin/../lib/gcc/arm-none-eabi/13.2.1/../../../../arm-none-eabi/lib/thumb/v7e-m+fp/hard/libc_nano.a(libc_a-freer.o)
 .data          0x20009934        0x0 /home/jger/EDA223/Arm_GNU_Toolchain/arm-gnu-toolchain-13.2.Rel1-x86_64-arm-none-eabi/bin/../lib/gcc/arm-none-eabi/13.2.1/../../../../arm-none-eabi/lib/thumb/v7e-m+fp/hard/libc_nano.a(libc_a-lock.o)
 .data          0x20009934        0x0 /home/jger/EDA223/Arm_GNU_Toolchain/arm-gnu-toolchain-13.2.Rel1-x86_64-arm-none-eabi/bin/../lib/gcc/arm-none-eabi/13.2.1/../../../../arm-none-eabi/lib/thumb/v7e-m+fp/hard/libc_nano.a(libc_a-reent.o)
 .data          0x20009934        0x0 /home/jger/EDA223/Arm_GNU_Toolchain/arm-gnu-toolchain-13.2.Rel1-x86_64-arm-none-eabi/bin/../lib/gcc/arm-none-eabi/13.2.1/../../../../arm-none-eabi/lib/thumb/v7e-m+fp/hard/libc_nano.a(libc_a-msizer.o)
 *(.data.*)
 .data._impure_ptr
                0x20009934        0x4 /home/jger/EDA223/Arm_GNU_Toolchain/arm-gnu-toolchain-13.2.Rel1-x86_64-arm-none-eabi/bin/../lib/gcc/arm-none-eabi/13.2.1/../../../../arm-none-eabi/lib/thumb/v7e-m+fp/hard/libc_nano.a(libc_a-impure.o)
                0x20009934                _impure_ptr
 .data._impure_data
                0x20009938       0x4c /home/jger/EDA223/Arm_GNU_Toolchain/arm-gnu-toolchain-13.2.Rel1-x86_64-arm-none-eabi/bin/../lib/gcc/arm-none-eabi/13.2.1/../../../../arm-none-eabi/lib/thumb/v7e-m+fp/hard/libc_nano.a(libc_a-impure.o)
                0x20009938                _impure_data
                0x20009984                        . = ALIGN (0x4)

.igot.plt       0x20009984        0x0
 .igot.plt      0x20009984        0x0 ./Debug/driver_src_stm32f4xx_syscfg.c.o

.bss            0x20009988     0x8388
                0x20009988                        . = ALIGN (0x4)
                0x20009988                        _sbss = .
 *(.bss)
 .bss           0x20009988        0x0 ./Debug/driver_src_stm32f4xx_syscfg.c.o
 .bss           0x20009988        0x0 ./Debug/driver_src_stm32f4xx_exti.c.o
 .bss           0x20009988        0x0 ./Debug/dispatch.s.o
 .bss           0x20009988        0x0 ./Debug/sciTinyTimber.c.o
 .bss           0x20009988     0x8370 ./Debug/TinyTimber.c.o
                0x20009988                __heap_end
                0x2000998c                messages
                0x20009c5c                threads
                0x20009cb0                stacks
                0x20011cb0                thread0
                0x20011cc4                msgQ
                0x20011cc8                timerQ
                0x20011ccc                runAsHardware
                0x20011cd0                doIRQSchedule
                0x20011cd4                timestamp
                0x20011cd8                overflows
                0x20011cdc                upcoming
                0x20011ce0                mtable
                0x20011cec                otable
 .bss           0x20011cf8        0x0 ./Debug/startup.c.o
 .bss           0x20011cf8        0x0 ./Debug/musicPlayer.c.o
 .bss           0x20011cf8        0x0 ./Debug/driver_src_stm32f4xx_rcc.c.o
 .bss           0x20011cf8        0x0 ./Debug/application.c.o
 .bss           0x20011cf8        0x0 ./Debug/driver_src_stm32f4xx_can.c.o
 .bss           0x20011cf8        0x0 ./Debug/canTinyTimber.c.o
 .bss           0x20011cf8        0x4 ./Debug/toneGenerator.c.o
 .bss           0x20011cfc        0x0 ./Debug/driver_src_stm32f4xx_gpio.c.o
 .bss           0x20011cfc        0x0 ./Debug/driver_src_stm32f4xx_dac.c.o
 .bss           0x20011cfc        0x0 ./Debug/driver_src_stm32f4xx_tim.c.o
 .bss           0x20011cfc        0x0 ./Debug/driver_src_stm32f4xx_usart.c.o
 .bss           0x20011cfc        0x0 /home/jger/EDA223/Arm_GNU_Toolchain/arm-gnu-toolchain-13.2.Rel1-x86_64-arm-none-eabi/bin/../lib/gcc/arm-none-eabi/13.2.1/../../../../arm-none-eabi/lib/thumb/v7e-m+fp/hard/libc_nano.a(libc_a-snprintf.o)
 .bss           0x20011cfc        0x0 /home/jger/EDA223/Arm_GNU_Toolchain/arm-gnu-toolchain-13.2.Rel1-x86_64-arm-none-eabi/bin/../lib/gcc/arm-none-eabi/13.2.1/../../../../arm-none-eabi/lib/thumb/v7e-m+fp/hard/libc_nano.a(libc_a-atoi.o)
 .bss           0x20011cfc        0x0 /home/jger/EDA223/Arm_GNU_Toolchain/arm-gnu-toolchain-13.2.Rel1-x86_64-arm-none-eabi/bin/../lib/gcc/arm-none-eabi/13.2.1/../../../../arm-none-eabi/lib/thumb/v7e-m+fp/hard/libc_nano.a(libc_a-strtol.o)
 .bss           0x20011cfc        0x0 /home/jger/EDA223/Arm_GNU_Toolchain/arm-gnu-toolchain-13.2.Rel1-x86_64-arm-none-eabi/bin/../lib/gcc/arm-none-eabi/13.2.1/../../../../arm-none-eabi/lib/thumb/v7e-m+fp/hard/libc_nano.a(libc_a-nano-svfprintf.o)
 .bss           0x20011cfc        0x0 /home/jger/EDA223/Arm_GNU_Toolchain/arm-gnu-toolchain-13.2.Rel1-x86_64-arm-none-eabi/bin/../lib/gcc/arm-none-eabi/13.2.1/../../../../arm-none-eabi/lib/thumb/v7e-m+fp/hard/libc_nano.a(libc_a-nano-vfprintf_i.o)
 .bss           0x20011cfc        0x0 /home/jger/EDA223/Arm_GNU_Toolchain/arm-gnu-toolchain-13.2.Rel1-x86_64-arm-none-eabi/bin/../lib/gcc/arm-none-eabi/13.2.1/../../../../arm-none-eabi/lib/thumb/v7e-m+fp/hard/libc_nano.a(libc_a-impure.o)
 .bss           0x20011cfc        0x0 /home/jger/EDA223/Arm_GNU_Toolchain/arm-gnu-toolchain-13.2.Rel1-x86_64-arm-none-eabi/bin/../lib/gcc/arm-none-eabi/13.2.1/../../../../arm-none-eabi/lib/thumb/v7e-m+fp/hard/libc_nano.a(libc_a-memchr.o)
 .bss           0x20011cfc        0x0 /home/jger/EDA223/Arm_GNU_Toolchain/arm-gnu-toolchain-13.2.Rel1-x86_64-arm-none-eabi/bin/../lib/gcc/arm-none-eabi/13.2.1/../../../../arm-none-eabi/lib/thumb/v7e-m+fp/hard/libc_nano.a(libc_a-memcpy-stub.o)
 .bss           0x20011cfc        0x0 /home/jger/EDA223/Arm_GNU_Toolchain/arm-gnu-toolchain-13.2.Rel1-x86_64-arm-none-eabi/bin/../lib/gcc/arm-none-eabi/13.2.1/../../../../arm-none-eabi/lib/thumb/v7e-m+fp/hard/libc_nano.a(libc_a-mallocr.o)
 .bss           0x20011cfc        0x0 /home/jger/EDA223/Arm_GNU_Toolchain/arm-gnu-toolchain-13.2.Rel1-x86_64-arm-none-eabi/bin/../lib/gcc/arm-none-eabi/13.2.1/../../../../arm-none-eabi/lib/thumb/v7e-m+fp/hard/libc_nano.a(libc_a-mlock.o)
 .bss           0x20011cfc        0x0 /home/jger/EDA223/Arm_GNU_Toolchain/arm-gnu-toolchain-13.2.Rel1-x86_64-arm-none-eabi/bin/../lib/gcc/arm-none-eabi/13.2.1/../../../../arm-none-eabi/lib/thumb/v7e-m+fp/hard/libc_nano.a(libc_a-ctype_.o)
 .bss           0x20011cfc        0x0 /home/jger/EDA223/Arm_GNU_Toolchain/arm-gnu-toolchain-13.2.Rel1-x86_64-arm-none-eabi/bin/../lib/gcc/arm-none-eabi/13.2.1/../../../../arm-none-eabi/lib/thumb/v7e-m+fp/hard/libc_nano.a(libc_a-sbrkr.o)
 .bss           0x20011cfc        0x0 /home/jger/EDA223/Arm_GNU_Toolchain/arm-gnu-toolchain-13.2.Rel1-x86_64-arm-none-eabi/bin/../lib/gcc/arm-none-eabi/13.2.1/../../../../arm-none-eabi/lib/thumb/v7e-m+fp/hard/libc_nano.a(libc_a-errno.o)
 .bss           0x20011cfc        0x0 /home/jger/EDA223/Arm_GNU_Toolchain/arm-gnu-toolchain-13.2.Rel1-x86_64-arm-none-eabi/bin/../lib/gcc/arm-none-eabi/13.2.1/../../../../arm-none-eabi/lib/thumb/v7e-m+fp/hard/libc_nano.a(libc_a-memmove.o)
 .bss           0x20011cfc        0x0 /home/jger/EDA223/Arm_GNU_Toolchain/arm-gnu-toolchain-13.2.Rel1-x86_64-arm-none-eabi/bin/../lib/gcc/arm-none-eabi/13.2.1/../../../../arm-none-eabi/lib/thumb/v7e-m+fp/hard/libc_nano.a(libc_a-reallocr.o)
 .bss           0x20011cfc        0x0 /home/jger/EDA223/Arm_GNU_Toolchain/arm-gnu-toolchain-13.2.Rel1-x86_64-arm-none-eabi/bin/../lib/gcc/arm-none-eabi/13.2.1/../../../../arm-none-eabi/lib/thumb/v7e-m+fp/hard/libc_nano.a(libc_a-freer.o)
 .bss           0x20011cfc        0x0 /home/jger/EDA223/Arm_GNU_Toolchain/arm-gnu-toolchain-13.2.Rel1-x86_64-arm-none-eabi/bin/../lib/gcc/arm-none-eabi/13.2.1/../../../../arm-none-eabi/lib/thumb/v7e-m+fp/hard/libc_nano.a(libc_a-lock.o)
 .bss           0x20011cfc        0x0 /home/jger/EDA223/Arm_GNU_Toolchain/arm-gnu-toolchain-13.2.Rel1-x86_64-arm-none-eabi/bin/../lib/gcc/arm-none-eabi/13.2.1/../../../../arm-none-eabi/lib/thumb/v7e-m+fp/hard/libc_nano.a(libc_a-reent.o)
 .bss           0x20011cfc        0x0 /home/jger/EDA223/Arm_GNU_Toolchain/arm-gnu-toolchain-13.2.Rel1-x86_64-arm-none-eabi/bin/../lib/gcc/arm-none-eabi/13.2.1/../../../../arm-none-eabi/lib/thumb/v7e-m+fp/hard/libc_nano.a(libc_a-msizer.o)
 *(.bss.*)
 .bss.__malloc_sbrk_start
                0x20011cfc        0x4 /home/jger/EDA223/Arm_GNU_Toolchain/arm-gnu-toolchain-13.2.Rel1-x86_64-arm-none-eabi/bin/../lib/gcc/arm-none-eabi/13.2.1/../../../../arm-none-eabi/lib/thumb/v7e-m+fp/hard/libc_nano.a(libc_a-mallocr.o)
                0x20011cfc                __malloc_sbrk_start
 .bss.__malloc_free_list
                0x20011d00        0x4 /home/jger/EDA223/Arm_GNU_Toolchain/arm-gnu-toolchain-13.2.Rel1-x86_64-arm-none-eabi/bin/../lib/gcc/arm-none-eabi/13.2.1/../../../../arm-none-eabi/lib/thumb/v7e-m+fp/hard/libc_nano.a(libc_a-mallocr.o)
                0x20011d00                __malloc_free_list
 .bss.__lock___arc4random_mutex
                0x20011d04        0x1 /home/jger/EDA223/Arm_GNU_Toolchain/arm-gnu-toolchain-13.2.Rel1-x86_64-arm-none-eabi/bin/../lib/gcc/arm-none-eabi/13.2.1/../../../../arm-none-eabi/lib/thumb/v7e-m+fp/hard/libc_nano.a(libc_a-lock.o)
                0x20011d04                __lock___arc4random_mutex
 .bss.__lock___dd_hash_mutex
                0x20011d05        0x1 /home/jger/EDA223/Arm_GNU_Toolchain/arm-gnu-toolchain-13.2.Rel1-x86_64-arm-none-eabi/bin/../lib/gcc/arm-none-eabi/13.2.1/../../../../arm-none-eabi/lib/thumb/v7e-m+fp/hard/libc_nano.a(libc_a-lock.o)
                0x20011d05                __lock___dd_hash_mutex
 .bss.__lock___tz_mutex
                0x20011d06        0x1 /home/jger/EDA223/Arm_GNU_Toolchain/arm-gnu-toolchain-13.2.Rel1-x86_64-arm-none-eabi/bin/../lib/gcc/arm-none-eabi/13.2.1/../../../../arm-none-eabi/lib/thumb/v7e-m+fp/hard/libc_nano.a(libc_a-lock.o)
                0x20011d06                __lock___tz_mutex
 .bss.__lock___env_recursive_mutex
                0x20011d07        0x1 /home/jger/EDA223/Arm_GNU_Toolchain/arm-gnu-toolchain-13.2.Rel1-x86_64-arm-none-eabi/bin/../lib/gcc/arm-none-eabi/13.2.1/../../../../arm-none-eabi/lib/thumb/v7e-m+fp/hard/libc_nano.a(libc_a-lock.o)
                0x20011d07                __lock___env_recursive_mutex
 .bss.__lock___malloc_recursive_mutex
                0x20011d08        0x1 /home/jger/EDA223/Arm_GNU_Toolchain/arm-gnu-toolchain-13.2.Rel1-x86_64-arm-none-eabi/bin/../lib/gcc/arm-none-eabi/13.2.1/../../../../arm-none-eabi/lib/thumb/v7e-m+fp/hard/libc_nano.a(libc_a-lock.o)
                0x20011d08                __lock___malloc_recursive_mutex
 .bss.__lock___at_quick_exit_mutex
                0x20011d09        0x1 /home/jger/EDA223/Arm_GNU_Toolchain/arm-gnu-toolchain-13.2.Rel1-x86_64-arm-none-eabi/bin/../lib/gcc/arm-none-eabi/13.2.1/../../../../arm-none-eabi/lib/thumb/v7e-m+fp/hard/libc_nano.a(libc_a-lock.o)
                0x20011d09                __lock___at_quick_exit_mutex
 .bss.__lock___atexit_recursive_mutex
                0x20011d0a        0x1 /home/jger/EDA223/Arm_GNU_Toolchain/arm-gnu-toolchain-13.2.Rel1-x86_64-arm-none-eabi/bin/../lib/gcc/arm-none-eabi/13.2.1/../../../../arm-none-eabi/lib/thumb/v7e-m+fp/hard/libc_nano.a(libc_a-lock.o)
                0x20011d0a                __lock___atexit_recursive_mutex
 .bss.__lock___sfp_recursive_mutex
                0x20011d0b        0x1 /home/jger/EDA223/Arm_GNU_Toolchain/arm-gnu-toolchain-13.2.Rel1-x86_64-arm-none-eabi/bin/../lib/gcc/arm-none-eabi/13.2.1/../../../../arm-none-eabi/lib/thumb/v7e-m+fp/hard/libc_nano.a(libc_a-lock.o)
                0x20011d0b                __lock___sfp_recursive_mutex
 .bss.errno     0x20011d0c        0x4 /home/jger/EDA223/Arm_GNU_Toolchain/arm-gnu-toolchain-13.2.Rel1-x86_64-arm-none-eabi/bin/../lib/gcc/arm-none-eabi/13.2.1/../../../../arm-none-eabi/lib/thumb/v7e-m+fp/hard/libc_nano.a(libc_a-reent.o)
                0x20011d0c                errno
 *(COMMON)
                0x20011d10                        . = ALIGN (0x4)
                0x20011d10                        _ebss = .
                0x20011d10                        PROVIDE (end = _ebss)
                [!provide]                        PROVIDE (_end = _ebss)
OUTPUT(./Debug/RTS-Lab.elf elf32-littlearm)
LOAD linker stubs

.debug_info     0x00000000     0xa406
 .debug_info    0x00000000      0x284 ./Debug/driver_src_stm32f4xx_syscfg.c.o
 .debug_info    0x00000284      0x31b ./Debug/driver_src_stm32f4xx_exti.c.o
 .debug_info    0x0000059f      0xa14 ./Debug/sciTinyTimber.c.o
 .debug_info    0x00000fb3     0x18b3 ./Debug/TinyTimber.c.o
 .debug_info    0x00002866      0xc29 ./Debug/startup.c.o
 .debug_info    0x0000348f      0x4d6 ./Debug/musicPlayer.c.o
 .debug_info    0x00003965      0xda3 ./Debug/driver_src_stm32f4xx_rcc.c.o
 .debug_info    0x00004708      0xce0 ./Debug/application.c.o
 .debug_info    0x000053e8      0xb71 ./Debug/driver_src_stm32f4xx_can.c.o
 .debug_info    0x00005f59      0xe78 ./Debug/canTinyTimber.c.o
 .debug_info    0x00006dd1      0x463 ./Debug/toneGenerator.c.o
 .debug_info    0x00007234      0x608 ./Debug/driver_src_stm32f4xx_gpio.c.o
 .debug_info    0x0000783c      0x61b ./Debug/driver_src_stm32f4xx_dac.c.o
 .debug_info    0x00007e57     0x1bf1 ./Debug/driver_src_stm32f4xx_tim.c.o
 .debug_info    0x00009a48      0x9be ./Debug/driver_src_stm32f4xx_usart.c.o

.debug_abbrev   0x00000000     0x220c
 .debug_abbrev  0x00000000      0x161 ./Debug/driver_src_stm32f4xx_syscfg.c.o
 .debug_abbrev  0x00000161      0x1d1 ./Debug/driver_src_stm32f4xx_exti.c.o
 .debug_abbrev  0x00000332      0x2c0 ./Debug/sciTinyTimber.c.o
 .debug_abbrev  0x000005f2      0x536 ./Debug/TinyTimber.c.o
 .debug_abbrev  0x00000b28      0x2c3 ./Debug/startup.c.o
 .debug_abbrev  0x00000deb      0x1b9 ./Debug/musicPlayer.c.o
 .debug_abbrev  0x00000fa4      0x1df ./Debug/driver_src_stm32f4xx_rcc.c.o
 .debug_abbrev  0x00001183      0x2ed ./Debug/application.c.o
 .debug_abbrev  0x00001470      0x240 ./Debug/driver_src_stm32f4xx_can.c.o
 .debug_abbrev  0x000016b0      0x2c8 ./Debug/canTinyTimber.c.o
 .debug_abbrev  0x00001978      0x16d ./Debug/toneGenerator.c.o
 .debug_abbrev  0x00001ae5      0x1ec ./Debug/driver_src_stm32f4xx_gpio.c.o
 .debug_abbrev  0x00001cd1      0x1c0 ./Debug/driver_src_stm32f4xx_dac.c.o
 .debug_abbrev  0x00001e91      0x1cc ./Debug/driver_src_stm32f4xx_tim.c.o
 .debug_abbrev  0x0000205d      0x1af ./Debug/driver_src_stm32f4xx_usart.c.o

.debug_aranges  0x00000000      0x1e8
 .debug_aranges
                0x00000000       0x20 ./Debug/driver_src_stm32f4xx_syscfg.c.o
 .debug_aranges
                0x00000020       0x20 ./Debug/driver_src_stm32f4xx_exti.c.o
 .debug_aranges
                0x00000040       0x20 ./Debug/sciTinyTimber.c.o
 .debug_aranges
                0x00000060       0x20 ./Debug/TinyTimber.c.o
 .debug_aranges
                0x00000080       0x28 ./Debug/startup.c.o
 .debug_aranges
                0x000000a8       0x20 ./Debug/musicPlayer.c.o
 .debug_aranges
                0x000000c8       0x20 ./Debug/driver_src_stm32f4xx_rcc.c.o
 .debug_aranges
                0x000000e8       0x20 ./Debug/application.c.o
 .debug_aranges
                0x00000108       0x20 ./Debug/driver_src_stm32f4xx_can.c.o
 .debug_aranges
                0x00000128       0x20 ./Debug/canTinyTimber.c.o
 .debug_aranges
                0x00000148       0x20 ./Debug/toneGenerator.c.o
 .debug_aranges
                0x00000168       0x20 ./Debug/driver_src_stm32f4xx_gpio.c.o
 .debug_aranges
                0x00000188       0x20 ./Debug/driver_src_stm32f4xx_dac.c.o
 .debug_aranges
                0x000001a8       0x20 ./Debug/driver_src_stm32f4xx_tim.c.o
 .debug_aranges
                0x000001c8       0x20 ./Debug/driver_src_stm32f4xx_usart.c.o

.debug_line     0x00000000     0x57dc
 .debug_line    0x00000000      0x2e2 ./Debug/driver_src_stm32f4xx_syscfg.c.o
 .debug_line    0x000002e2      0x389 ./Debug/driver_src_stm32f4xx_exti.c.o
 .debug_line    0x0000066b      0x39b ./Debug/sciTinyTimber.c.o
 .debug_line    0x00000a06      0xb47 ./Debug/TinyTimber.c.o
 .debug_line    0x0000154d      0x431 ./Debug/startup.c.o
 .debug_line    0x0000197e      0x26f ./Debug/musicPlayer.c.o
 .debug_line    0x00001bed      0x859 ./Debug/driver_src_stm32f4xx_rcc.c.o
 .debug_line    0x00002446      0x634 ./Debug/application.c.o
 .debug_line    0x00002a7a      0xa46 ./Debug/driver_src_stm32f4xx_can.c.o
 .debug_line    0x000034c0      0x479 ./Debug/canTinyTimber.c.o
 .debug_line    0x00003939      0x23f ./Debug/toneGenerator.c.o
 .debug_line    0x00003b78      0x4b5 ./Debug/driver_src_stm32f4xx_gpio.c.o
 .debug_line    0x0000402d      0x472 ./Debug/driver_src_stm32f4xx_dac.c.o
 .debug_line    0x0000449f      0xcd6 ./Debug/driver_src_stm32f4xx_tim.c.o
 .debug_line    0x00005175      0x667 ./Debug/driver_src_stm32f4xx_usart.c.o

.debug_str      0x00000000     0x3717
 .debug_str     0x00000000     0x3717 ./Debug/driver_src_stm32f4xx_syscfg.c.o
                                0x344 (size before relaxing)
 .debug_str     0x00003717      0x36b ./Debug/driver_src_stm32f4xx_exti.c.o
 .debug_str     0x00003717      0x913 ./Debug/sciTinyTimber.c.o
 .debug_str     0x00003717      0xd74 ./Debug/TinyTimber.c.o
 .debug_str     0x00003717      0x8f1 ./Debug/startup.c.o
 .debug_str     0x00003717      0x32c ./Debug/musicPlayer.c.o
 .debug_str     0x00003717      0x9b4 ./Debug/driver_src_stm32f4xx_rcc.c.o
 .debug_str     0x00003717      0x62a ./Debug/application.c.o
 .debug_str     0x00003717      0x774 ./Debug/driver_src_stm32f4xx_can.c.o
 .debug_str     0x00003717      0xaba ./Debug/canTinyTimber.c.o
 .debug_str     0x00003717      0x32f ./Debug/toneGenerator.c.o
 .debug_str     0x00003717      0x4e9 ./Debug/driver_src_stm32f4xx_gpio.c.o
 .debug_str     0x00003717      0x489 ./Debug/driver_src_stm32f4xx_dac.c.o
 .debug_str     0x00003717      0xe1d ./Debug/driver_src_stm32f4xx_tim.c.o
 .debug_str     0x00003717      0x6ee ./Debug/driver_src_stm32f4xx_usart.c.o

.comment        0x00000000       0x44
 .comment       0x00000000       0x44 ./Debug/driver_src_stm32f4xx_syscfg.c.o
                                 0x45 (size before relaxing)
 .comment       0x00000044       0x45 ./Debug/driver_src_stm32f4xx_exti.c.o
 .comment       0x00000044       0x45 ./Debug/sciTinyTimber.c.o
 .comment       0x00000044       0x45 ./Debug/TinyTimber.c.o
 .comment       0x00000044       0x45 ./Debug/startup.c.o
 .comment       0x00000044       0x45 ./Debug/musicPlayer.c.o
 .comment       0x00000044       0x45 ./Debug/driver_src_stm32f4xx_rcc.c.o
 .comment       0x00000044       0x45 ./Debug/application.c.o
 .comment       0x00000044       0x45 ./Debug/driver_src_stm32f4xx_can.c.o
 .comment       0x00000044       0x45 ./Debug/canTinyTimber.c.o
 .comment       0x00000044       0x45 ./Debug/toneGenerator.c.o
 .comment       0x00000044       0x45 ./Debug/driver_src_stm32f4xx_gpio.c.o
 .comment       0x00000044       0x45 ./Debug/driver_src_stm32f4xx_dac.c.o
 .comment       0x00000044       0x45 ./Debug/driver_src_stm32f4xx_tim.c.o
 .comment       0x00000044       0x45 ./Debug/driver_src_stm32f4xx_usart.c.o

.ARM.attributes
                0x00000000       0x32
 .ARM.attributes
                0x00000000       0x34 ./Debug/driver_src_stm32f4xx_syscfg.c.o
 .ARM.attributes
                0x00000034       0x34 ./Debug/driver_src_stm32f4xx_exti.c.o
 .ARM.attributes
                0x00000068       0x25 ./Debug/dispatch.s.o
 .ARM.attributes
                0x0000008d       0x34 ./Debug/sciTinyTimber.c.o
 .ARM.attributes
                0x000000c1       0x34 ./Debug/TinyTimber.c.o
 .ARM.attributes
                0x000000f5       0x34 ./Debug/startup.c.o
 .ARM.attributes
                0x00000129       0x34 ./Debug/musicPlayer.c.o
 .ARM.attributes
                0x0000015d       0x34 ./Debug/driver_src_stm32f4xx_rcc.c.o
 .ARM.attributes
                0x00000191       0x34 ./Debug/application.c.o
 .ARM.attributes
                0x000001c5       0x34 ./Debug/driver_src_stm32f4xx_can.c.o
 .ARM.attributes
                0x000001f9       0x34 ./Debug/canTinyTimber.c.o
 .ARM.attributes
                0x0000022d       0x34 ./Debug/toneGenerator.c.o
 .ARM.attributes
                0x00000261       0x34 ./Debug/driver_src_stm32f4xx_gpio.c.o
 .ARM.attributes
                0x00000295       0x34 ./Debug/driver_src_stm32f4xx_dac.c.o
 .ARM.attributes
                0x000002c9       0x34 ./Debug/driver_src_stm32f4xx_tim.c.o
 .ARM.attributes
                0x000002fd       0x34 ./Debug/driver_src_stm32f4xx_usart.c.o
 .ARM.attributes
                0x00000331       0x34 /home/jger/EDA223/Arm_GNU_Toolchain/arm-gnu-toolchain-13.2.Rel1-x86_64-arm-none-eabi/bin/../lib/gcc/arm-none-eabi/13.2.1/../../../../arm-none-eabi/lib/thumb/v7e-m+fp/hard/libc_nano.a(libc_a-snprintf.o)
 .ARM.attributes
                0x00000365       0x34 /home/jger/EDA223/Arm_GNU_Toolchain/arm-gnu-toolchain-13.2.Rel1-x86_64-arm-none-eabi/bin/../lib/gcc/arm-none-eabi/13.2.1/../../../../arm-none-eabi/lib/thumb/v7e-m+fp/hard/libc_nano.a(libc_a-atoi.o)
 .ARM.attributes
                0x00000399       0x34 /home/jger/EDA223/Arm_GNU_Toolchain/arm-gnu-toolchain-13.2.Rel1-x86_64-arm-none-eabi/bin/../lib/gcc/arm-none-eabi/13.2.1/../../../../arm-none-eabi/lib/thumb/v7e-m+fp/hard/libc_nano.a(libc_a-strtol.o)
 .ARM.attributes
                0x000003cd       0x34 /home/jger/EDA223/Arm_GNU_Toolchain/arm-gnu-toolchain-13.2.Rel1-x86_64-arm-none-eabi/bin/../lib/gcc/arm-none-eabi/13.2.1/../../../../arm-none-eabi/lib/thumb/v7e-m+fp/hard/libc_nano.a(libc_a-nano-svfprintf.o)
 .ARM.attributes
                0x00000401       0x34 /home/jger/EDA223/Arm_GNU_Toolchain/arm-gnu-toolchain-13.2.Rel1-x86_64-arm-none-eabi/bin/../lib/gcc/arm-none-eabi/13.2.1/../../../../arm-none-eabi/lib/thumb/v7e-m+fp/hard/libc_nano.a(libc_a-nano-vfprintf_i.o)
 .ARM.attributes
                0x00000435       0x34 /home/jger/EDA223/Arm_GNU_Toolchain/arm-gnu-toolchain-13.2.Rel1-x86_64-arm-none-eabi/bin/../lib/gcc/arm-none-eabi/13.2.1/../../../../arm-none-eabi/lib/thumb/v7e-m+fp/hard/libc_nano.a(libc_a-impure.o)
 .ARM.attributes
                0x00000469       0x1c /home/jger/EDA223/Arm_GNU_Toolchain/arm-gnu-toolchain-13.2.Rel1-x86_64-arm-none-eabi/bin/../lib/gcc/arm-none-eabi/13.2.1/../../../../arm-none-eabi/lib/thumb/v7e-m+fp/hard/libc_nano.a(libc_a-memchr.o)
 .ARM.attributes
                0x00000485       0x34 /home/jger/EDA223/Arm_GNU_Toolchain/arm-gnu-toolchain-13.2.Rel1-x86_64-arm-none-eabi/bin/../lib/gcc/arm-none-eabi/13.2.1/../../../../arm-none-eabi/lib/thumb/v7e-m+fp/hard/libc_nano.a(libc_a-memcpy-stub.o)
 .ARM.attributes
                0x000004b9       0x34 /home/jger/EDA223/Arm_GNU_Toolchain/arm-gnu-toolchain-13.2.Rel1-x86_64-arm-none-eabi/bin/../lib/gcc/arm-none-eabi/13.2.1/../../../../arm-none-eabi/lib/thumb/v7e-m+fp/hard/libc_nano.a(libc_a-mallocr.o)
 .ARM.attributes
                0x000004ed       0x34 /home/jger/EDA223/Arm_GNU_Toolchain/arm-gnu-toolchain-13.2.Rel1-x86_64-arm-none-eabi/bin/../lib/gcc/arm-none-eabi/13.2.1/../../../../arm-none-eabi/lib/thumb/v7e-m+fp/hard/libc_nano.a(libc_a-mlock.o)
 .ARM.attributes
                0x00000521       0x34 /home/jger/EDA223/Arm_GNU_Toolchain/arm-gnu-toolchain-13.2.Rel1-x86_64-arm-none-eabi/bin/../lib/gcc/arm-none-eabi/13.2.1/../../../../arm-none-eabi/lib/thumb/v7e-m+fp/hard/libc_nano.a(libc_a-ctype_.o)
 .ARM.attributes
                0x00000555       0x34 /home/jger/EDA223/Arm_GNU_Toolchain/arm-gnu-toolchain-13.2.Rel1-x86_64-arm-none-eabi/bin/../lib/gcc/arm-none-eabi/13.2.1/../../../../arm-none-eabi/lib/thumb/v7e-m+fp/hard/libc_nano.a(libc_a-sbrkr.o)
 .ARM.attributes
                0x00000589       0x34 /home/jger/EDA223/Arm_GNU_Toolchain/arm-gnu-toolchain-13.2.Rel1-x86_64-arm-none-eabi/bin/../lib/gcc/arm-none-eabi/13.2.1/../../../../arm-none-eabi/lib/thumb/v7e-m+fp/hard/libc_nano.a(libc_a-errno.o)
 .ARM.attributes
                0x000005bd       0x34 /home/jger/EDA223/Arm_GNU_Toolchain/arm-gnu-toolchain-13.2.Rel1-x86_64-arm-none-eabi/bin/../lib/gcc/arm-none-eabi/13.2.1/../../../../arm-none-eabi/lib/thumb/v7e-m+fp/hard/libc_nano.a(libc_a-memmove.o)
 .ARM.attributes
                0x000005f1       0x34 /home/jger/EDA223/Arm_GNU_Toolchain/arm-gnu-toolchain-13.2.Rel1-x86_64-arm-none-eabi/bin/../lib/gcc/arm-none-eabi/13.2.1/../../../../arm-none-eabi/lib/thumb/v7e-m+fp/hard/libc_nano.a(libc_a-reallocr.o)
 .ARM.attributes
                0x00000625       0x34 /home/jger/EDA223/Arm_GNU_Toolchain/arm-gnu-toolchain-13.2.Rel1-x86_64-arm-none-eabi/bin/../lib/gcc/arm-none-eabi/13.2.1/../../../../arm-none-eabi/lib/thumb/v7e-m+fp/hard/libc_nano.a(libc_a-freer.o)
 .ARM.attributes
                0x00000659       0x34 /home/jger/EDA223/Arm_GNU_Toolchain/arm-gnu-toolchain-13.2.Rel1-x86_64-arm-none-eabi/bin/../lib/gcc/arm-none-eabi/13.2.1/../../../../arm-none-eabi/lib/thumb/v7e-m+fp/hard/libc_nano.a(libc_a-lock.o)
 .ARM.attributes
                0x0000068d       0x34 /home/jger/EDA223/Arm_GNU_Toolchain/arm-gnu-toolchain-13.2.Rel1-x86_64-arm-none-eabi/bin/../lib/gcc/arm-none-eabi/13.2.1/../../../../arm-none-eabi/lib/thumb/v7e-m+fp/hard/libc_nano.a(libc_a-reent.o)
 .ARM.attributes
                0x000006c1       0x34 /home/jger/EDA223/Arm_GNU_Toolchain/arm-gnu-toolchain-13.2.Rel1-x86_64-arm-none-eabi/bin/../lib/gcc/arm-none-eabi/13.2.1/../../../../arm-none-eabi/lib/thumb/v7e-m+fp/hard/libc_nano.a(libc_a-msizer.o)

.debug_frame    0x00000000     0x3764
 .debug_frame   0x00000000      0x11c ./Debug/driver_src_stm32f4xx_syscfg.c.o
 .debug_frame   0x0000011c      0x148 ./Debug/driver_src_stm32f4xx_exti.c.o
 .debug_frame   0x00000264      0x11c ./Debug/sciTinyTimber.c.o
 .debug_frame   0x00000380      0x57c ./Debug/TinyTimber.c.o
 .debug_frame   0x000008fc      0x14c ./Debug/startup.c.o
 .debug_frame   0x00000a48      0x120 ./Debug/musicPlayer.c.o
 .debug_frame   0x00000b68      0x814 ./Debug/driver_src_stm32f4xx_rcc.c.o
 .debug_frame   0x0000137c       0xa0 ./Debug/application.c.o
 .debug_frame   0x0000141c      0x3f8 ./Debug/driver_src_stm32f4xx_can.c.o
 .debug_frame   0x00001814      0x100 ./Debug/canTinyTimber.c.o
 .debug_frame   0x00001914      0x1ec ./Debug/toneGenerator.c.o
 .debug_frame   0x00001b00      0x23c ./Debug/driver_src_stm32f4xx_gpio.c.o
 .debug_frame   0x00001d3c      0x2ac ./Debug/driver_src_stm32f4xx_dac.c.o
 .debug_frame   0x00001fe8      0xe54 ./Debug/driver_src_stm32f4xx_tim.c.o
 .debug_frame   0x00002e3c      0x490 ./Debug/driver_src_stm32f4xx_usart.c.o
 .debug_frame   0x000032cc       0x7c /home/jger/EDA223/Arm_GNU_Toolchain/arm-gnu-toolchain-13.2.Rel1-x86_64-arm-none-eabi/bin/../lib/gcc/arm-none-eabi/13.2.1/../../../../arm-none-eabi/lib/thumb/v7e-m+fp/hard/libc_nano.a(libc_a-snprintf.o)
 .debug_frame   0x00003348       0x30 /home/jger/EDA223/Arm_GNU_Toolchain/arm-gnu-toolchain-13.2.Rel1-x86_64-arm-none-eabi/bin/../lib/gcc/arm-none-eabi/13.2.1/../../../../arm-none-eabi/lib/thumb/v7e-m+fp/hard/libc_nano.a(libc_a-atoi.o)
 .debug_frame   0x00003378       0x64 /home/jger/EDA223/Arm_GNU_Toolchain/arm-gnu-toolchain-13.2.Rel1-x86_64-arm-none-eabi/bin/../lib/gcc/arm-none-eabi/13.2.1/../../../../arm-none-eabi/lib/thumb/v7e-m+fp/hard/libc_nano.a(libc_a-strtol.o)
 .debug_frame   0x000033dc       0x90 /home/jger/EDA223/Arm_GNU_Toolchain/arm-gnu-toolchain-13.2.Rel1-x86_64-arm-none-eabi/bin/../lib/gcc/arm-none-eabi/13.2.1/../../../../arm-none-eabi/lib/thumb/v7e-m+fp/hard/libc_nano.a(libc_a-nano-svfprintf.o)
 .debug_frame   0x0000346c       0x60 /home/jger/EDA223/Arm_GNU_Toolchain/arm-gnu-toolchain-13.2.Rel1-x86_64-arm-none-eabi/bin/../lib/gcc/arm-none-eabi/13.2.1/../../../../arm-none-eabi/lib/thumb/v7e-m+fp/hard/libc_nano.a(libc_a-nano-vfprintf_i.o)
 .debug_frame   0x000034cc       0x28 /home/jger/EDA223/Arm_GNU_Toolchain/arm-gnu-toolchain-13.2.Rel1-x86_64-arm-none-eabi/bin/../lib/gcc/arm-none-eabi/13.2.1/../../../../arm-none-eabi/lib/thumb/v7e-m+fp/hard/libc_nano.a(libc_a-memcpy-stub.o)
 .debug_frame   0x000034f4       0x50 /home/jger/EDA223/Arm_GNU_Toolchain/arm-gnu-toolchain-13.2.Rel1-x86_64-arm-none-eabi/bin/../lib/gcc/arm-none-eabi/13.2.1/../../../../arm-none-eabi/lib/thumb/v7e-m+fp/hard/libc_nano.a(libc_a-mallocr.o)
 .debug_frame   0x00003544       0x30 /home/jger/EDA223/Arm_GNU_Toolchain/arm-gnu-toolchain-13.2.Rel1-x86_64-arm-none-eabi/bin/../lib/gcc/arm-none-eabi/13.2.1/../../../../arm-none-eabi/lib/thumb/v7e-m+fp/hard/libc_nano.a(libc_a-mlock.o)
 .debug_frame   0x00003574       0x2c /home/jger/EDA223/Arm_GNU_Toolchain/arm-gnu-toolchain-13.2.Rel1-x86_64-arm-none-eabi/bin/../lib/gcc/arm-none-eabi/13.2.1/../../../../arm-none-eabi/lib/thumb/v7e-m+fp/hard/libc_nano.a(libc_a-sbrkr.o)
 .debug_frame   0x000035a0       0x20 /home/jger/EDA223/Arm_GNU_Toolchain/arm-gnu-toolchain-13.2.Rel1-x86_64-arm-none-eabi/bin/../lib/gcc/arm-none-eabi/13.2.1/../../../../arm-none-eabi/lib/thumb/v7e-m+fp/hard/libc_nano.a(libc_a-errno.o)
 .debug_frame   0x000035c0       0x28 /home/jger/EDA223/Arm_GNU_Toolchain/arm-gnu-toolchain-13.2.Rel1-x86_64-arm-none-eabi/bin/../lib/gcc/arm-none-eabi/13.2.1/../../../../arm-none-eabi/lib/thumb/v7e-m+fp/hard/libc_nano.a(libc_a-memmove.o)
 .debug_frame   0x000035e8       0x3c /home/jger/EDA223/Arm_GNU_Toolchain/arm-gnu-toolchain-13.2.Rel1-x86_64-arm-none-eabi/bin/../lib/gcc/arm-none-eabi/13.2.1/../../../../arm-none-eabi/lib/thumb/v7e-m+fp/hard/libc_nano.a(libc_a-reallocr.o)
 .debug_frame   0x00003624       0x38 /home/jger/EDA223/Arm_GNU_Toolchain/arm-gnu-toolchain-13.2.Rel1-x86_64-arm-none-eabi/bin/../lib/gcc/arm-none-eabi/13.2.1/../../../../arm-none-eabi/lib/thumb/v7e-m+fp/hard/libc_nano.a(libc_a-freer.o)
 .debug_frame   0x0000365c       0xb0 /home/jger/EDA223/Arm_GNU_Toolchain/arm-gnu-toolchain-13.2.Rel1-x86_64-arm-none-eabi/bin/../lib/gcc/arm-none-eabi/13.2.1/../../../../arm-none-eabi/lib/thumb/v7e-m+fp/hard/libc_nano.a(libc_a-lock.o)
 .debug_frame   0x0000370c       0x38 /home/jger/EDA223/Arm_GNU_Toolchain/arm-gnu-toolchain-13.2.Rel1-x86_64-arm-none-eabi/bin/../lib/gcc/arm-none-eabi/13.2.1/../../../../arm-none-eabi/lib/thumb/v7e-m+fp/hard/libc_nano.a(libc_a-reent.o)
 .debug_frame   0x00003744       0x20 /home/jger/EDA223/Arm_GNU_Toolchain/arm-gnu-toolchain-13.2.Rel1-x86_64-arm-none-eabi/bin/../lib/gcc/arm-none-eabi/13.2.1/../../../../arm-none-eabi/lib/thumb/v7e-m+fp/hard/libc_nano.a(libc_a-msizer.o)

.debug_rnglists
                0x00000000       0x1a
 .debug_rnglists
                0x00000000       0x1a ./Debug/startup.c.o

.debug_line_str
                0x00000000       0xda
 .debug_line_str
                0x00000000       0xda /home/jger/EDA223/Arm_GNU_Toolchain/arm-gnu-toolchain-13.2.Rel1-x86_64-arm-none-eabi/bin/../lib/gcc/arm-none-eabi/13.2.1/../../../../arm-none-eabi/lib/thumb/v7e-m+fp/hard/libc_nano.a(libc_a-memchr.o)

Cross Reference Table

Symbol                                            File
ABORT                                             ./Debug/TinyTimber.c.o
CAN_CancelTransmit                                ./Debug/driver_src_stm32f4xx_can.c.o
CAN_ClearFlag                                     ./Debug/driver_src_stm32f4xx_can.c.o
CAN_ClearITPendingBit                             ./Debug/driver_src_stm32f4xx_can.c.o
CAN_DBGFreeze                                     ./Debug/driver_src_stm32f4xx_can.c.o
CAN_DeInit                                        ./Debug/driver_src_stm32f4xx_can.c.o
                                                  ./Debug/startup.c.o
CAN_FIFORelease                                   ./Debug/driver_src_stm32f4xx_can.c.o
CAN_FilterInit                                    ./Debug/driver_src_stm32f4xx_can.c.o
                                                  ./Debug/startup.c.o
CAN_GetFlagStatus                                 ./Debug/driver_src_stm32f4xx_can.c.o
                                                  ./Debug/canTinyTimber.c.o
CAN_GetITStatus                                   ./Debug/driver_src_stm32f4xx_can.c.o
CAN_GetLSBTransmitErrorCounter                    ./Debug/driver_src_stm32f4xx_can.c.o
CAN_GetLastErrorCode                              ./Debug/driver_src_stm32f4xx_can.c.o
CAN_GetReceiveErrorCounter                        ./Debug/driver_src_stm32f4xx_can.c.o
CAN_ITConfig                                      ./Debug/driver_src_stm32f4xx_can.c.o
                                                  ./Debug/canTinyTimber.c.o
CAN_Init                                          ./Debug/driver_src_stm32f4xx_can.c.o
                                                  ./Debug/canTinyTimber.c.o
CAN_MessagePending                                ./Debug/driver_src_stm32f4xx_can.c.o
CAN_OperatingModeRequest                          ./Debug/driver_src_stm32f4xx_can.c.o
CAN_Receive                                       ./Debug/driver_src_stm32f4xx_can.c.o
                                                  ./Debug/canTinyTimber.c.o
CAN_SlaveStartBank                                ./Debug/driver_src_stm32f4xx_can.c.o
CAN_Sleep                                         ./Debug/driver_src_stm32f4xx_can.c.o
CAN_StructInit                                    ./Debug/driver_src_stm32f4xx_can.c.o
                                                  ./Debug/canTinyTimber.c.o
CAN_TTComModeCmd                                  ./Debug/driver_src_stm32f4xx_can.c.o
CAN_Transmit                                      ./Debug/driver_src_stm32f4xx_can.c.o
                                                  ./Debug/canTinyTimber.c.o
CAN_TransmitStatus                                ./Debug/driver_src_stm32f4xx_can.c.o
CAN_WakeUp                                        ./Debug/driver_src_stm32f4xx_can.c.o
CURRENT_OFFSET                                    ./Debug/TinyTimber.c.o
DAC_ClearFlag                                     ./Debug/driver_src_stm32f4xx_dac.c.o
DAC_ClearITPendingBit                             ./Debug/driver_src_stm32f4xx_dac.c.o
DAC_Cmd                                           ./Debug/driver_src_stm32f4xx_dac.c.o
                                                  ./Debug/startup.c.o
DAC_DMACmd                                        ./Debug/driver_src_stm32f4xx_dac.c.o
DAC_DeInit                                        ./Debug/driver_src_stm32f4xx_dac.c.o
                                                  ./Debug/startup.c.o
DAC_DualSoftwareTriggerCmd                        ./Debug/driver_src_stm32f4xx_dac.c.o
DAC_GetDataOutputValue                            ./Debug/driver_src_stm32f4xx_dac.c.o
DAC_GetFlagStatus                                 ./Debug/driver_src_stm32f4xx_dac.c.o
DAC_GetITStatus                                   ./Debug/driver_src_stm32f4xx_dac.c.o
DAC_ITConfig                                      ./Debug/driver_src_stm32f4xx_dac.c.o
DAC_Init                                          ./Debug/driver_src_stm32f4xx_dac.c.o
                                                  ./Debug/startup.c.o
DAC_SetChannel1Data                               ./Debug/driver_src_stm32f4xx_dac.c.o
DAC_SetChannel2Data                               ./Debug/driver_src_stm32f4xx_dac.c.o
                                                  ./Debug/startup.c.o
DAC_SetDualChannelData                            ./Debug/driver_src_stm32f4xx_dac.c.o
DAC_SoftwareTriggerCmd                            ./Debug/driver_src_stm32f4xx_dac.c.o
DAC_StructInit                                    ./Debug/driver_src_stm32f4xx_dac.c.o
                                                  ./Debug/startup.c.o
DAC_WaveGenerationCmd                             ./Debug/driver_src_stm32f4xx_dac.c.o
DUMP                                              ./Debug/TinyTimber.c.o
                                                  ./Debug/canTinyTimber.c.o
                                                  ./Debug/dispatch.s.o
DUMPC                                             ./Debug/TinyTimber.c.o
DUMPD                                             ./Debug/TinyTimber.c.o
                                                  ./Debug/dispatch.s.o
DUMPH                                             ./Debug/TinyTimber.c.o
                                                  ./Debug/dispatch.s.o
EXTI_ClearFlag                                    ./Debug/driver_src_stm32f4xx_exti.c.o
EXTI_ClearITPendingBit                            ./Debug/driver_src_stm32f4xx_exti.c.o
EXTI_DeInit                                       ./Debug/driver_src_stm32f4xx_exti.c.o
                                                  ./Debug/startup.c.o
EXTI_GenerateSWInterrupt                          ./Debug/driver_src_stm32f4xx_exti.c.o
EXTI_GetFlagStatus                                ./Debug/driver_src_stm32f4xx_exti.c.o
EXTI_GetITStatus                                  ./Debug/driver_src_stm32f4xx_exti.c.o
EXTI_Init                                         ./Debug/driver_src_stm32f4xx_exti.c.o
                                                  ./Debug/startup.c.o
EXTI_StructInit                                   ./Debug/driver_src_stm32f4xx_exti.c.o
                                                  ./Debug/startup.c.o
GPIO_DeInit                                       ./Debug/driver_src_stm32f4xx_gpio.c.o
                                                  ./Debug/startup.c.o
GPIO_Init                                         ./Debug/driver_src_stm32f4xx_gpio.c.o
                                                  ./Debug/startup.c.o
GPIO_PinAFConfig                                  ./Debug/driver_src_stm32f4xx_gpio.c.o
                                                  ./Debug/startup.c.o
GPIO_PinLockConfig                                ./Debug/driver_src_stm32f4xx_gpio.c.o
GPIO_ReadInputData                                ./Debug/driver_src_stm32f4xx_gpio.c.o
GPIO_ReadInputDataBit                             ./Debug/driver_src_stm32f4xx_gpio.c.o
GPIO_ReadOutputData                               ./Debug/driver_src_stm32f4xx_gpio.c.o
GPIO_ReadOutputDataBit                            ./Debug/driver_src_stm32f4xx_gpio.c.o
GPIO_ResetBits                                    ./Debug/driver_src_stm32f4xx_gpio.c.o
GPIO_SetBits                                      ./Debug/driver_src_stm32f4xx_gpio.c.o
GPIO_StructInit                                   ./Debug/driver_src_stm32f4xx_gpio.c.o
                                                  ./Debug/startup.c.o
GPIO_ToggleBits                                   ./Debug/driver_src_stm32f4xx_gpio.c.o
GPIO_Write                                        ./Debug/driver_src_stm32f4xx_gpio.c.o
GPIO_WriteBit                                     ./Debug/driver_src_stm32f4xx_gpio.c.o
                                                  ./Debug/startup.c.o
                                                  ./Debug/TinyTimber.c.o
RCC_AHB1PeriphClockCmd                            ./Debug/driver_src_stm32f4xx_rcc.c.o
                                                  ./Debug/startup.c.o
RCC_AHB1PeriphClockLPModeCmd                      ./Debug/driver_src_stm32f4xx_rcc.c.o
RCC_AHB1PeriphResetCmd                            ./Debug/driver_src_stm32f4xx_rcc.c.o
                                                  ./Debug/driver_src_stm32f4xx_gpio.c.o
RCC_AHB2PeriphClockCmd                            ./Debug/driver_src_stm32f4xx_rcc.c.o
RCC_AHB2PeriphClockLPModeCmd                      ./Debug/driver_src_stm32f4xx_rcc.c.o
RCC_AHB2PeriphResetCmd                            ./Debug/driver_src_stm32f4xx_rcc.c.o
RCC_AHB3PeriphClockCmd                            ./Debug/driver_src_stm32f4xx_rcc.c.o
RCC_AHB3PeriphClockLPModeCmd                      ./Debug/driver_src_stm32f4xx_rcc.c.o
RCC_AHB3PeriphResetCmd                            ./Debug/driver_src_stm32f4xx_rcc.c.o
RCC_APB1PeriphClockCmd                            ./Debug/driver_src_stm32f4xx_rcc.c.o
                                                  ./Debug/startup.c.o
RCC_APB1PeriphClockLPModeCmd                      ./Debug/driver_src_stm32f4xx_rcc.c.o
                                                  ./Debug/startup.c.o
RCC_APB1PeriphResetCmd                            ./Debug/driver_src_stm32f4xx_rcc.c.o
                                                  ./Debug/driver_src_stm32f4xx_usart.c.o
                                                  ./Debug/driver_src_stm32f4xx_tim.c.o
                                                  ./Debug/driver_src_stm32f4xx_dac.c.o
                                                  ./Debug/driver_src_stm32f4xx_can.c.o
RCC_APB2PeriphClockCmd                            ./Debug/driver_src_stm32f4xx_rcc.c.o
                                                  ./Debug/startup.c.o
RCC_APB2PeriphClockLPModeCmd                      ./Debug/driver_src_stm32f4xx_rcc.c.o
RCC_APB2PeriphResetCmd                            ./Debug/driver_src_stm32f4xx_rcc.c.o
                                                  ./Debug/driver_src_stm32f4xx_usart.c.o
                                                  ./Debug/driver_src_stm32f4xx_tim.c.o
                                                  ./Debug/driver_src_stm32f4xx_syscfg.c.o
RCC_AdjustHSICalibrationValue                     ./Debug/driver_src_stm32f4xx_rcc.c.o
RCC_BackupResetCmd                                ./Debug/driver_src_stm32f4xx_rcc.c.o
RCC_ClearFlag                                     ./Debug/driver_src_stm32f4xx_rcc.c.o
RCC_ClearITPendingBit                             ./Debug/driver_src_stm32f4xx_rcc.c.o
RCC_ClockSecuritySystemCmd                        ./Debug/driver_src_stm32f4xx_rcc.c.o
RCC_DeInit                                        ./Debug/driver_src_stm32f4xx_rcc.c.o
RCC_GetClocksFreq                                 ./Debug/driver_src_stm32f4xx_rcc.c.o
                                                  ./Debug/driver_src_stm32f4xx_usart.c.o
RCC_GetFlagStatus                                 ./Debug/driver_src_stm32f4xx_rcc.c.o
RCC_GetITStatus                                   ./Debug/driver_src_stm32f4xx_rcc.c.o
RCC_GetSYSCLKSource                               ./Debug/driver_src_stm32f4xx_rcc.c.o
RCC_HCLKConfig                                    ./Debug/driver_src_stm32f4xx_rcc.c.o
RCC_HSEConfig                                     ./Debug/driver_src_stm32f4xx_rcc.c.o
RCC_HSICmd                                        ./Debug/driver_src_stm32f4xx_rcc.c.o
RCC_I2SCLKConfig                                  ./Debug/driver_src_stm32f4xx_rcc.c.o
RCC_ITConfig                                      ./Debug/driver_src_stm32f4xx_rcc.c.o
RCC_LSEConfig                                     ./Debug/driver_src_stm32f4xx_rcc.c.o
RCC_LSICmd                                        ./Debug/driver_src_stm32f4xx_rcc.c.o
RCC_LTDCCLKDivConfig                              ./Debug/driver_src_stm32f4xx_rcc.c.o
RCC_MCO1Config                                    ./Debug/driver_src_stm32f4xx_rcc.c.o
RCC_MCO2Config                                    ./Debug/driver_src_stm32f4xx_rcc.c.o
RCC_PCLK1Config                                   ./Debug/driver_src_stm32f4xx_rcc.c.o
RCC_PCLK2Config                                   ./Debug/driver_src_stm32f4xx_rcc.c.o
RCC_PLLCmd                                        ./Debug/driver_src_stm32f4xx_rcc.c.o
RCC_PLLConfig                                     ./Debug/driver_src_stm32f4xx_rcc.c.o
RCC_PLLI2SCmd                                     ./Debug/driver_src_stm32f4xx_rcc.c.o
RCC_PLLI2SConfig                                  ./Debug/driver_src_stm32f4xx_rcc.c.o
RCC_PLLSAICmd                                     ./Debug/driver_src_stm32f4xx_rcc.c.o
RCC_PLLSAIConfig                                  ./Debug/driver_src_stm32f4xx_rcc.c.o
RCC_RTCCLKCmd                                     ./Debug/driver_src_stm32f4xx_rcc.c.o
RCC_RTCCLKConfig                                  ./Debug/driver_src_stm32f4xx_rcc.c.o
RCC_SAIBlockACLKConfig                            ./Debug/driver_src_stm32f4xx_rcc.c.o
RCC_SAIBlockBCLKConfig                            ./Debug/driver_src_stm32f4xx_rcc.c.o
RCC_SAIPLLI2SClkDivConfig                         ./Debug/driver_src_stm32f4xx_rcc.c.o
RCC_SAIPLLSAIClkDivConfig                         ./Debug/driver_src_stm32f4xx_rcc.c.o
RCC_SYSCLKConfig                                  ./Debug/driver_src_stm32f4xx_rcc.c.o
RCC_TIMCLKPresConfig                              ./Debug/driver_src_stm32f4xx_rcc.c.o
RCC_WaitForHSEStartUp                             ./Debug/driver_src_stm32f4xx_rcc.c.o
SETPC                                             ./Debug/TinyTimber.c.o
SETSTACK                                          ./Debug/TinyTimber.c.o
SYSCFG_CompensationCellCmd                        ./Debug/driver_src_stm32f4xx_syscfg.c.o
SYSCFG_DeInit                                     ./Debug/driver_src_stm32f4xx_syscfg.c.o
SYSCFG_ETH_MediaInterfaceConfig                   ./Debug/driver_src_stm32f4xx_syscfg.c.o
SYSCFG_EXTILineConfig                             ./Debug/driver_src_stm32f4xx_syscfg.c.o
                                                  ./Debug/startup.c.o
SYSCFG_GetCompensationCellStatus                  ./Debug/driver_src_stm32f4xx_syscfg.c.o
SYSCFG_MemoryRemapConfig                          ./Debug/driver_src_stm32f4xx_syscfg.c.o
SYSCFG_MemorySwappingBank                         ./Debug/driver_src_stm32f4xx_syscfg.c.o
TIMER_INIT                                        ./Debug/TinyTimber.c.o
TIM_ARRPreloadConfig                              ./Debug/driver_src_stm32f4xx_tim.c.o
TIM_BDTRConfig                                    ./Debug/driver_src_stm32f4xx_tim.c.o
TIM_BDTRStructInit                                ./Debug/driver_src_stm32f4xx_tim.c.o
TIM_CCPreloadControl                              ./Debug/driver_src_stm32f4xx_tim.c.o
TIM_CCxCmd                                        ./Debug/driver_src_stm32f4xx_tim.c.o
TIM_CCxNCmd                                       ./Debug/driver_src_stm32f4xx_tim.c.o
TIM_ClearFlag                                     ./Debug/driver_src_stm32f4xx_tim.c.o
TIM_ClearITPendingBit                             ./Debug/driver_src_stm32f4xx_tim.c.o
                                                  ./Debug/TinyTimber.c.o
TIM_ClearOC1Ref                                   ./Debug/driver_src_stm32f4xx_tim.c.o
TIM_ClearOC2Ref                                   ./Debug/driver_src_stm32f4xx_tim.c.o
TIM_ClearOC3Ref                                   ./Debug/driver_src_stm32f4xx_tim.c.o
TIM_ClearOC4Ref                                   ./Debug/driver_src_stm32f4xx_tim.c.o
TIM_Cmd                                           ./Debug/driver_src_stm32f4xx_tim.c.o
                                                  ./Debug/TinyTimber.c.o
TIM_CounterModeConfig                             ./Debug/driver_src_stm32f4xx_tim.c.o
TIM_CtrlPWMOutputs                                ./Debug/driver_src_stm32f4xx_tim.c.o
TIM_DMACmd                                        ./Debug/driver_src_stm32f4xx_tim.c.o
TIM_DMAConfig                                     ./Debug/driver_src_stm32f4xx_tim.c.o
TIM_DeInit                                        ./Debug/driver_src_stm32f4xx_tim.c.o
                                                  ./Debug/TinyTimber.c.o
TIM_ETRClockMode1Config                           ./Debug/driver_src_stm32f4xx_tim.c.o
TIM_ETRClockMode2Config                           ./Debug/driver_src_stm32f4xx_tim.c.o
TIM_ETRConfig                                     ./Debug/driver_src_stm32f4xx_tim.c.o
TIM_EncoderInterfaceConfig                        ./Debug/driver_src_stm32f4xx_tim.c.o
TIM_ForcedOC1Config                               ./Debug/driver_src_stm32f4xx_tim.c.o
TIM_ForcedOC2Config                               ./Debug/driver_src_stm32f4xx_tim.c.o
TIM_ForcedOC3Config                               ./Debug/driver_src_stm32f4xx_tim.c.o
TIM_ForcedOC4Config                               ./Debug/driver_src_stm32f4xx_tim.c.o
TIM_GenerateEvent                                 ./Debug/driver_src_stm32f4xx_tim.c.o
TIM_GetCapture1                                   ./Debug/driver_src_stm32f4xx_tim.c.o
TIM_GetCapture2                                   ./Debug/driver_src_stm32f4xx_tim.c.o
TIM_GetCapture3                                   ./Debug/driver_src_stm32f4xx_tim.c.o
TIM_GetCapture4                                   ./Debug/driver_src_stm32f4xx_tim.c.o
TIM_GetCounter                                    ./Debug/driver_src_stm32f4xx_tim.c.o
                                                  ./Debug/TinyTimber.c.o
TIM_GetFlagStatus                                 ./Debug/driver_src_stm32f4xx_tim.c.o
TIM_GetITStatus                                   ./Debug/driver_src_stm32f4xx_tim.c.o
TIM_GetPrescaler                                  ./Debug/driver_src_stm32f4xx_tim.c.o
TIM_ICInit                                        ./Debug/driver_src_stm32f4xx_tim.c.o
TIM_ICStructInit                                  ./Debug/driver_src_stm32f4xx_tim.c.o
TIM_ITConfig                                      ./Debug/driver_src_stm32f4xx_tim.c.o
                                                  ./Debug/TinyTimber.c.o
TIM_ITRxExternalClockConfig                       ./Debug/driver_src_stm32f4xx_tim.c.o
TIM_InternalClockConfig                           ./Debug/driver_src_stm32f4xx_tim.c.o
TIM_OC1FastConfig                                 ./Debug/driver_src_stm32f4xx_tim.c.o
TIM_OC1Init                                       ./Debug/driver_src_stm32f4xx_tim.c.o
TIM_OC1NPolarityConfig                            ./Debug/driver_src_stm32f4xx_tim.c.o
TIM_OC1PolarityConfig                             ./Debug/driver_src_stm32f4xx_tim.c.o
TIM_OC1PreloadConfig                              ./Debug/driver_src_stm32f4xx_tim.c.o
TIM_OC2FastConfig                                 ./Debug/driver_src_stm32f4xx_tim.c.o
TIM_OC2Init                                       ./Debug/driver_src_stm32f4xx_tim.c.o
TIM_OC2NPolarityConfig                            ./Debug/driver_src_stm32f4xx_tim.c.o
TIM_OC2PolarityConfig                             ./Debug/driver_src_stm32f4xx_tim.c.o