Archive member included to satisfy reference by file (symbol)

/home/jger/EDA223/Arm_GNU_Toolchain/arm-gnu-toolchain-13.2.Rel1-x86_64-arm-none-eabi/bin/../lib/gcc/arm-none-eabi/13.2.1/thumb/v7e-m+fp/hard/libgcc.a(_arm_muldf3.o)
                              ./Debug/application.c.o (__aeabi_dmul)
/home/jger/EDA223/Arm_GNU_Toolchain/arm-gnu-toolchain-13.2.Rel1-x86_64-arm-none-eabi/bin/../lib/gcc/arm-none-eabi/13.2.1/thumb/v7e-m+fp/hard/libgcc.a(_arm_addsubdf3.o)
                              ./Debug/application.c.o (__aeabi_i2d)
/home/jger/EDA223/Arm_GNU_Toolchain/arm-gnu-toolchain-13.2.Rel1-x86_64-arm-none-eabi/bin/../lib/gcc/arm-none-eabi/13.2.1/thumb/v7e-m+fp/hard/libgcc.a(_arm_fixdfsi.o)
                              ./Debug/application.c.o (__aeabi_d2iz)
/home/jger/EDA223/Arm_GNU_Toolchain/arm-gnu-toolchain-13.2.Rel1-x86_64-arm-none-eabi/bin/../lib/gcc/arm-none-eabi/13.2.1/../../../../arm-none-eabi/lib/thumb/v7e-m+fp/hard/libc_nano.a(libc_a-snprintf.o)
                              ./Debug/application.c.o (snprintf)
/home/jger/EDA223/Arm_GNU_Toolchain/arm-gnu-toolchain-13.2.Rel1-x86_64-arm-none-eabi/bin/../lib/gcc/arm-none-eabi/13.2.1/../../../../arm-none-eabi/lib/thumb/v7e-m+fp/hard/libc_nano.a(libc_a-atoi.o)
                              ./Debug/application.c.o (atoi)
/home/jger/EDA223/Arm_GNU_Toolchain/arm-gnu-toolchain-13.2.Rel1-x86_64-arm-none-eabi/bin/../lib/gcc/arm-none-eabi/13.2.1/../../../../arm-none-eabi/lib/thumb/v7e-m+fp/hard/libc_nano.a(libc_a-strtol.o)
                              /home/jger/EDA223/Arm_GNU_Toolchain/arm-gnu-toolchain-13.2.Rel1-x86_64-arm-none-eabi/bin/../lib/gcc/arm-none-eabi/13.2.1/../../../../arm-none-eabi/lib/thumb/v7e-m+fp/hard/libc_nano.a(libc_a-atoi.o) (_strtol_r)
/home/jger/EDA223/Arm_GNU_Toolchain/arm-gnu-toolchain-13.2.Rel1-x86_64-arm-none-eabi/bin/../lib/gcc/arm-none-eabi/13.2.1/../../../../arm-none-eabi/lib/thumb/v7e-m+fp/hard/libc_nano.a(libc_a-nano-svfprintf.o)
                              /home/jger/EDA223/Arm_GNU_Toolchain/arm-gnu-toolchain-13.2.Rel1-x86_64-arm-none-eabi/bin/../lib/gcc/arm-none-eabi/13.2.1/../../../../arm-none-eabi/lib/thumb/v7e-m+fp/hard/libc_nano.a(libc_a-snprintf.o) (_svfprintf_r)
/home/jger/EDA223/Arm_GNU_Toolchain/arm-gnu-toolchain-13.2.Rel1-x86_64-arm-none-eabi/bin/../lib/gcc/arm-none-eabi/13.2.1/../../../../arm-none-eabi/lib/thumb/v7e-m+fp/hard/libc_nano.a(libc_a-nano-vfprintf_i.o)
                              /home/jger/EDA223/Arm_GNU_Toolchain/arm-gnu-toolchain-13.2.Rel1-x86_64-arm-none-eabi/bin/../lib/gcc/arm-none-eabi/13.2.1/../../../../arm-none-eabi/lib/thumb/v7e-m+fp/hard/libc_nano.a(libc_a-nano-svfprintf.o) (_printf_i)
/home/jger/EDA223/Arm_GNU_Toolchain/arm-gnu-toolchain-13.2.Rel1-x86_64-arm-none-eabi/bin/../lib/gcc/arm-none-eabi/13.2.1/../../../../arm-none-eabi/lib/thumb/v7e-m+fp/hard/libc_nano.a(libc_a-impure.o)
                              /home/jger/EDA223/Arm_GNU_Toolchain/arm-gnu-toolchain-13.2.Rel1-x86_64-arm-none-eabi/bin/../lib/gcc/arm-none-eabi/13.2.1/../../../../arm-none-eabi/lib/thumb/v7e-m+fp/hard/libc_nano.a(libc_a-snprintf.o) (_impure_ptr)
/home/jger/EDA223/Arm_GNU_Toolchain/arm-gnu-toolchain-13.2.Rel1-x86_64-arm-none-eabi/bin/../lib/gcc/arm-none-eabi/13.2.1/../../../../arm-none-eabi/lib/thumb/v7e-m+fp/hard/libc_nano.a(libc_a-memchr.o)
                              /home/jger/EDA223/Arm_GNU_Toolchain/arm-gnu-toolchain-13.2.Rel1-x86_64-arm-none-eabi/bin/../lib/gcc/arm-none-eabi/13.2.1/../../../../arm-none-eabi/lib/thumb/v7e-m+fp/hard/libc_nano.a(libc_a-nano-svfprintf.o) (memchr)
/home/jger/EDA223/Arm_GNU_Toolchain/arm-gnu-toolchain-13.2.Rel1-x86_64-arm-none-eabi/bin/../lib/gcc/arm-none-eabi/13.2.1/../../../../arm-none-eabi/lib/thumb/v7e-m+fp/hard/libc_nano.a(libc_a-memcpy-stub.o)
                              /home/jger/EDA223/Arm_GNU_Toolchain/arm-gnu-toolchain-13.2.Rel1-x86_64-arm-none-eabi/bin/../lib/gcc/arm-none-eabi/13.2.1/../../../../arm-none-eabi/lib/thumb/v7e-m+fp/hard/libc_nano.a(libc_a-nano-svfprintf.o) (memcpy)
/home/jger/EDA223/Arm_GNU_Toolchain/arm-gnu-toolchain-13.2.Rel1-x86_64-arm-none-eabi/bin/../lib/gcc/arm-none-eabi/13.2.1/../../../../arm-none-eabi/lib/thumb/v7e-m+fp/hard/libc_nano.a(libc_a-mallocr.o)
                              /home/jger/EDA223/Arm_GNU_Toolchain/arm-gnu-toolchain-13.2.Rel1-x86_64-arm-none-eabi/bin/../lib/gcc/arm-none-eabi/13.2.1/../../../../arm-none-eabi/lib/thumb/v7e-m+fp/hard/libc_nano.a(libc_a-nano-svfprintf.o) (_malloc_r)
/home/jger/EDA223/Arm_GNU_Toolchain/arm-gnu-toolchain-13.2.Rel1-x86_64-arm-none-eabi/bin/../lib/gcc/arm-none-eabi/13.2.1/../../../../arm-none-eabi/lib/thumb/v7e-m+fp/hard/libc_nano.a(libc_a-mlock.o)
                              /home/jger/EDA223/Arm_GNU_Toolchain/arm-gnu-toolchain-13.2.Rel1-x86_64-arm-none-eabi/bin/../lib/gcc/arm-none-eabi/13.2.1/../../../../arm-none-eabi/lib/thumb/v7e-m+fp/hard/libc_nano.a(libc_a-mallocr.o) (__malloc_lock)
[...]
Memory Configuration

Name             Origin             Length             Attributes
RAM              0x20000000         0x0001c000         xrw
*default*        0x00000000         0xffffffff

Linker script and memory map

LOAD ./Debug/startup.c.o
LOAD ./Debug/canTinyTimber.c.o
LOAD ./Debug/application.c.o
LOAD ./Debug/TinyTimber.c.o
LOAD ./Debug/driver_src_stm32f4xx_gpio.c.o
LOAD ./Debug/driver_src_stm32f4xx_dac.c.o
LOAD ./Debug/driver_src_stm32f4xx_syscfg.c.o
LOAD ./Debug/driver_src_stm32f4xx_rcc.c.o
LOAD ./Debug/driver_src_stm32f4xx_tim.c.o
LOAD ./Debug/driver_src_stm32f4xx_usart.c.o
LOAD ./Debug/sciTinyTimber.c.o
LOAD ./Debug/driver_src_stm32f4xx_can.c.o
LOAD ./Debug/driver_src_stm32f4xx_exti.c.o
LOAD ./Debug/dispatch.s.o
LOAD /home/jger/EDA223/Arm_GNU_Toolchain/arm-gnu-toolchain-13.2.Rel1-x86_64-arm-none-eabi/bin/../lib/gcc/arm-none-eabi/13.2.1/../../../../arm-none-eabi/lib/thumb/v7e-m+fp/hard/libstdc++_nano.a
LOAD /home/jger/EDA223/Arm_GNU_Toolchain/arm-gnu-toolchain-13.2.Rel1-x86_64-arm-none-eabi/bin/../lib/gcc/arm-none-eabi/13.2.1/../../../../arm-none-eabi/lib/thumb/v7e-m+fp/hard/libm.a
START GROUP
LOAD /home/jger/EDA223/Arm_GNU_Toolchain/arm-gnu-toolchain-13.2.Rel1-x86_64-arm-none-eabi/bin/../lib/gcc/arm-none-eabi/13.2.1/thumb/v7e-m+fp/hard/libgcc.a
LOAD /home/jger/EDA223/Arm_GNU_Toolchain/arm-gnu-toolchain-13.2.Rel1-x86_64-arm-none-eabi/bin/../lib/gcc/arm-none-eabi/13.2.1/../../../../arm-none-eabi/lib/thumb/v7e-m+fp/hard/libc_nano.a
END GROUP
START GROUP
LOAD /home/jger/EDA223/Arm_GNU_Toolchain/arm-gnu-toolchain-13.2.Rel1-x86_64-arm-none-eabi/bin/../lib/gcc/arm-none-eabi/13.2.1/thumb/v7e-m+fp/hard/libgcc.a
LOAD /home/jger/EDA223/Arm_GNU_Toolchain/arm-gnu-toolchain-13.2.Rel1-x86_64-arm-none-eabi/bin/../lib/gcc/arm-none-eabi/13.2.1/../../../../arm-none-eabi/lib/thumb/v7e-m+fp/hard/libc_nano.a
END GROUP

.text           0x20000000     0x8728
                0x20000000                        . = ALIGN (0x4)
 *(.start_section)
 .start_section
                0x20000000       0x1c ./Debug/startup.c.o
                0x20000000                startup
 *(.text)
 .text          0x2000001c      0x32c ./Debug/startup.c.o
 .text          0x20000348      0x434 ./Debug/canTinyTimber.c.o
                0x200003d0                can_init
                0x20000488                can_interrupt
                0x20000610                can_receive
                0x200006da                can_send
 .text          0x2000077c      0x5e8 ./Debug/application.c.o
                0x2000077c                receiver
                0x200007cc                reader
                0x20000b30                parseMedian
                0x20000ca4                startApp
                0x20000d24                main
 .text          0x20000d64      0xf50 ./Debug/TinyTimber.c.o
                0x20000dec                DUMP
                0x20000e26                DUMPH
                0x20000e84                DUMPD
                0x20000f28                sei
                0x20000f46                cli
                0x20000f64                _sbrk
                0x20000fa8                SETSTACK
                0x2000100e                SETPC
                0x20001032                TIMER_INIT
                0x200010c8                DUMPC
                0x200010fc                vect_USART1
                0x20001164                vect_CAN1
                0x200011cc                vect_EXTI9_5
                0x20001234                enqueueByDeadline
                0x2000128c                enqueueByBaseline
                0x200012e4                dequeue
                0x20001334                dequeue_pool
                0x20001384                insert
                0x200013a8                push
                0x200013cc                pop
                0x2000144e                vect_TIM5
                0x200014e0                __svc_dispatch
                0x200014f0                __pendSV_dispatch
                0x20001660                async
                0x2000179c                sync
                0x200018a8                ABORT
                0x2000195c                T_RESET
                0x20001998                T_SAMPLE
                0x200019d8                CURRENT_OFFSET
                0x20001b84                install
                0x20001c50                tinytimber
 .text          0x20001cb4      0x4d8 ./Debug/driver_src_stm32f4xx_gpio.c.o
                0x20001cb4                GPIO_DeInit
                0x20001e18                GPIO_Init
                0x20001f36                GPIO_StructInit
                0x20001f6a                GPIO_PinLockConfig
                0x20001fae                GPIO_ReadInputDataBit
                0x20001fe2                GPIO_ReadInputData
                0x20001ffc                GPIO_ReadOutputDataBit
                0x20002030                GPIO_ReadOutputData
                0x2000204a                GPIO_SetBits
                0x20002068                GPIO_ResetBits
                0x20002086                GPIO_WriteBit
                0x200020b6                GPIO_Write
                0x200020d4                GPIO_ToggleBits
                0x200020f8                GPIO_PinAFConfig
 .text          0x2000218c      0x450 ./Debug/driver_src_stm32f4xx_dac.c.o
                0x2000218c                DAC_DeInit
                0x200021a8                DAC_Init
                0x20002210                DAC_StructInit
                0x2000223c                DAC_Cmd
                0x20002288                DAC_SoftwareTriggerCmd
                0x200022d8                DAC_DualSoftwareTriggerCmd
                0x20002314                DAC_WaveGenerationCmd
                0x20002360                DAC_SetChannel1Data
                0x20002398                DAC_SetChannel2Data
                0x200023d0                DAC_SetDualChannelData
                0x20002428                DAC_GetDataOutputValue
                0x2000245c                DAC_DMACmd
                0x200024ac                DAC_ITConfig
                0x200024f8                DAC_GetFlagStatus
                0x20002534                DAC_ClearFlag
                0x2000255c                DAC_GetITStatus
                0x200025b4                DAC_ClearITPendingBit
 .text          0x200025dc      0x154 ./Debug/driver_src_stm32f4xx_syscfg.c.o
                0x200025dc                SYSCFG_DeInit
                0x200025f8                SYSCFG_MemoryRemapConfig
                0x20002618                SYSCFG_MemorySwappingBank
                0x20002638                SYSCFG_EXTILineConfig
                0x200026bc                SYSCFG_ETH_MediaInterfaceConfig
                0x200026dc                SYSCFG_CompensationCellCmd
                0x200026fc                SYSCFG_GetCompensationCellStatus
 .text          0x20002730      0xcb0 ./Debug/driver_src_stm32f4xx_rcc.c.o
                0x20002730                RCC_DeInit
                0x200027a0                RCC_HSEConfig
                0x200027c8                RCC_WaitForHSEStartUp
                0x20002818                RCC_AdjustHSICalibrationValue
                0x20002854                RCC_HSICmd
                0x20002874                RCC_LSEConfig
                0x200028b8                RCC_LSICmd
                0x200028d8                RCC_PLLConfig
                0x20002918                RCC_PLLCmd
                0x20002938                RCC_PLLI2SConfig
                0x20002964                RCC_PLLI2SCmd
                0x20002984                RCC_PLLSAIConfig
                0x200029b8                RCC_PLLSAICmd
                0x200029d8                RCC_ClockSecuritySystemCmd
                0x200029f8                RCC_MCO1Config
                0x20002a38                RCC_MCO2Config
                0x20002a78                RCC_SYSCLKConfig
                0x20002ab0                RCC_GetSYSCLKSource
                0x20002ad0                RCC_HCLKConfig
                0x20002b08                RCC_PCLK1Config
                0x20002b40                RCC_PCLK2Config
                0x20002b7c                RCC_GetClocksFreq
                0x20002cd8                RCC_RTCCLKConfig
                0x20002d34                RCC_RTCCLKCmd
                0x20002d54                RCC_BackupResetCmd
                0x20002d74                RCC_I2SCLKConfig
                0x20002d94                RCC_SAIPLLI2SClkDivConfig
                0x20002dd4                RCC_SAIPLLSAIClkDivConfig
                0x20002e14                RCC_SAIBlockACLKConfig
                0x20002e50                RCC_SAIBlockBCLKConfig
                0x20002e8c                RCC_LTDCCLKDivConfig
                0x20002ec8                RCC_TIMCLKPresConfig
                0x20002ee8                RCC_AHB1PeriphClockCmd
                0x20002f28                RCC_AHB2PeriphClockCmd
                0x20002f68                RCC_AHB3PeriphClockCmd
                0x20002fa8                RCC_APB1PeriphClockCmd
                0x20002fe8                RCC_APB2PeriphClockCmd
                0x20003028                RCC_AHB1PeriphResetCmd
                0x20003068                RCC_AHB2PeriphResetCmd
                0x200030a8                RCC_AHB3PeriphResetCmd
                0x200030e8                RCC_APB1PeriphResetCmd
                0x20003128                RCC_APB2PeriphResetCmd
                0x20003168                RCC_AHB1PeriphClockLPModeCmd
                0x200031a8                RCC_AHB2PeriphClockLPModeCmd
                0x200031e8                RCC_AHB3PeriphClockLPModeCmd
                0x20003228                RCC_APB1PeriphClockLPModeCmd
                0x20003268                RCC_APB2PeriphClockLPModeCmd
                0x200032a8                RCC_ITConfig
                0x200032f4                RCC_GetFlagStatus
                0x20003368                RCC_ClearFlag
                0x20003388                RCC_GetITStatus
                0x200033c0                RCC_ClearITPendingBit
 .text          0x200033e0     0x1c1c ./Debug/driver_src_stm32f4xx_tim.c.o
                0x200033e0                TIM_DeInit
                0x200035a0                TIM_TimeBaseInit
                0x20003678                TIM_TimeBaseStructInit
                0x200036ac                TIM_PrescalerConfig
                0x200036d4                TIM_CounterModeConfig
                0x2000370c                TIM_SetCounter
                0x20003728                TIM_SetAutoreload
                0x20003744                TIM_GetCounter
                0x2000375c                TIM_GetPrescaler
                0x20003776                TIM_UpdateDisableConfig
                0x200037b6                TIM_UpdateRequestConfig
                0x200037f6                TIM_ARRPreloadConfig
                0x20003836                TIM_SelectOnePulseMode
                0x2000386e                TIM_SetClockDivision
                0x200038a6                TIM_Cmd
                0x200038e6                TIM_OC1Init
                0x200039dc                TIM_OC2Init
                0x20003aec                TIM_OC3Init
                0x20003bf8                TIM_OC4Init
                0x20003cc8                TIM_OCStructInit
                0x20003d0c                TIM_SelectOCxM
                0x20003dc2                TIM_SetCompare1
                0x20003dde                TIM_SetCompare2
                0x20003dfa                TIM_SetCompare3
                0x20003e16                TIM_SetCompare4
                0x20003e32                TIM_ForcedOC1Config
                0x20003e6a                TIM_ForcedOC2Config
                0x20003ea6                TIM_ForcedOC3Config
                0x20003ede                TIM_ForcedOC4Config
                0x20003f1a                TIM_OC1PreloadConfig
                0x20003f52                TIM_OC2PreloadConfig
                0x20003f8e                TIM_OC3PreloadConfig
                0x20003fc6                TIM_OC4PreloadConfig
                0x20004002                TIM_OC1FastConfig
                0x2000403a                TIM_OC2FastConfig
                0x20004076                TIM_OC3FastConfig
                0x200040ae                TIM_OC4FastConfig
                0x200040ea                TIM_ClearOC1Ref
                0x20004122                TIM_ClearOC2Ref
                0x2000415e                TIM_ClearOC3Ref
                0x20004196                TIM_ClearOC4Ref
                0x200041d2                TIM_OC1PolarityConfig
                0x2000420a                TIM_OC1NPolarityConfig
                0x20004242                TIM_OC2PolarityConfig
                0x2000427e                TIM_OC2NPolarityConfig
                0x200042ba                TIM_OC3PolarityConfig
                0x200042f6                TIM_OC3NPolarityConfig
                0x20004332                TIM_OC4PolarityConfig
                0x2000436e                TIM_CCxCmd
                0x200043c4                TIM_CCxNCmd
                0x2000441a                TIM_ICInit
                0x200044c2                TIM_ICStructInit
                0x200044f4                TIM_PWMIConfig
                0x200045ac                TIM_GetCapture1
                0x200045c4                TIM_GetCapture2
                0x200045dc                TIM_GetCapture3
                0x200045f4                TIM_GetCapture4
                0x2000460c                TIM_SetIC1Prescaler
                0x20004644                TIM_SetIC2Prescaler
                0x20004680                TIM_SetIC3Prescaler
                0x200046b8                TIM_SetIC4Prescaler
                0x200046f4                TIM_BDTRConfig
                0x20004744                TIM_BDTRStructInit
                0x20004782                TIM_CtrlPWMOutputs
                0x200047ce                TIM_SelectCOM
                0x2000480e                TIM_CCPreloadControl
                0x2000484e                TIM_ITConfig
                0x20004896                TIM_GenerateEvent
                0x200048b4                TIM_GetFlagStatus
                0x200048ec                TIM_ClearFlag
                0x2000490e                TIM_GetITStatus
                0x20004962                TIM_ClearITPendingBit
                0x20004984                TIM_DMAConfig
                0x200049ae                TIM_DMACmd
                0x200049f6                TIM_SelectCCDMA
                0x20004a36                TIM_InternalClockConfig
                0x20004a5a                TIM_ITRxExternalClockConfig
                0x20004a88                TIM_TIxExternalClockConfig
                0x20004ae4                TIM_ETRClockMode1Config
                0x20004b42                TIM_ETRClockMode2Config
                0x20004b80                TIM_SelectInputTrigger
                0x20004bb8                TIM_SelectOutputTrigger
                0x20004bf0                TIM_SelectSlaveMode
                0x20004c28                TIM_SelectMasterSlaveMode
                0x20004c60                TIM_ETRConfig
                0x20004cb4                TIM_EncoderInterfaceConfig
                0x20004d4c                TIM_SelectHallSensor
                0x20004d8c                TIM_RemapConfig
 .text          0x20004ffc      0x970 ./Debug/driver_src_stm32f4xx_usart.c.o
                0x20004ffc                USART_DeInit
                0x20005114                USART_Init
                0x20005288                USART_StructInit
                0x200052c2                USART_ClockInit
                0x20005318                USART_ClockStructInit
                0x20005344                USART_Cmd
                0x20005384                USART_SetPrescaler
                0x200053be                USART_OverSampling8Cmd
                0x20005402                USART_OneBitMethodCmd
                0x20005442                USART_SendData
                0x20005466                USART_ReceiveData
                0x20005486                USART_SetAddress
                0x200054c0                USART_ReceiverWakeUpCmd
                0x20005500                USART_WakeUpConfig
                0x20005538                USART_LINBreakDetectLengthConfig
                0x20005570                USART_LINCmd
                0x200055b0                USART_SendBreak
                0x200055d4                USART_HalfDuplexCmd
                0x20005614                USART_SetGuardTime
                0x20005650                USART_SmartCardCmd
                0x20005690                USART_SmartCardNACKCmd
                0x200056d0                USART_IrDAConfig
                0x20005708                USART_IrDACmd
                0x20005748                USART_DMACmd
                0x20005790                USART_ITConfig
                0x20005820                USART_GetFlagStatus
                0x20005858                USART_ClearFlag
                0x2000587a                USART_GetITStatus
                0x20005930                USART_ClearITPendingBit
 .text          0x2000596c      0x294 ./Debug/sciTinyTimber.c.o
                0x200059f4                sci_init
                0x20005a9a                sci_write
                0x20005af0                sci_writechar
                0x20005b26                sci_interrupt
 .text          0x20005c00     0x11b4 ./Debug/driver_src_stm32f4xx_can.c.o
                0x20005c00                CAN_DeInit
                0x20005c48                CAN_Init
                0x20005dea                CAN_FilterInit
                0x20005f70                CAN_StructInit
                0x20005fc6                CAN_SlaveStartBank
                0x20006028                CAN_DBGFreeze
                0x20006060                CAN_TTComModeCmd
                0x200060f8                CAN_Transmit
                0x2000629a                CAN_TransmitStatus
                0x200063a0                CAN_CancelTransmit
                0x200063f8                CAN_Receive
                0x20006574                CAN_FIFORelease
                0x200065ac                CAN_MessagePending
                0x200065f6                CAN_OperatingModeRequest
                0x200066f2                CAN_Sleep
                0x2000672c                CAN_WakeUp
                0x20006782                CAN_GetLastErrorCode
                0x200067a8                CAN_GetReceiveErrorCounter
                0x200067ca                CAN_GetLSBTransmitErrorCounter
                0x200067ec                CAN_ITConfig
                0x20006828                CAN_GetFlagStatus
                0x200068f6                CAN_ClearFlag
                0x20006968                CAN_GetITStatus
                0x20006bcc                CAN_ClearITPendingBit
 .text          0x20006db4      0x210 ./Debug/driver_src_stm32f4xx_exti.c.o
                0x20006db4                EXTI_DeInit
                0x20006de8                EXTI_Init
                0x20006ecc                EXTI_StructInit
                0x20006ef8                EXTI_GenerateSWInterrupt
                0x20006f1c                EXTI_GetFlagStatus
                0x20006f50                EXTI_ClearFlag
                0x20006f70                EXTI_GetITStatus
                0x20006fa4                EXTI_ClearITPendingBit
 .text          0x20006fc4       0xf4 ./Debug/dispatch.s.o
                0x20006fc4                vect_SVCall
                0x20006fc8                vect_PendSV
 .text          0x200070b8      0x254 /home/jger/EDA223/Arm_GNU_Toolchain/arm-gnu-toolchain-13.2.Rel1-x86_64-arm-none-eabi/bin/../lib/gcc/arm-none-eabi/13.2.1/thumb/v7e-m+fp/hard/libgcc.a(_arm_muldf3.o)
                0x200070b8                __aeabi_dmul
                0x200070b8                __muldf3
 .text          0x2000730c      0x378 /home/jger/EDA223/Arm_GNU_Toolchain/arm-gnu-toolchain-13.2.Rel1-x86_64-arm-none-eabi/bin/../lib/gcc/arm-none-eabi/13.2.1/thumb/v7e-m+fp/hard/libgcc.a(_arm_addsubdf3.o)
                0x2000730c                __aeabi_drsub
                0x20007314                __aeabi_dsub
                0x20007314                __subdf3
                0x20007318                __adddf3
                0x20007318                __aeabi_dadd
                0x20007590                __aeabi_ui2d
                0x20007590                __floatunsidf
                0x200075b0                __floatsidf
                0x200075b0                __aeabi_i2d
                0x200075d4                __extendsfdf2
                0x200075d4                __aeabi_f2d
                0x20007618                __aeabi_ul2d
                0x20007618                __floatundidf
                0x20007628                __floatdidf
                0x20007628                __aeabi_l2d
 .text          0x20007684       0x50 /home/jger/EDA223/Arm_GNU_Toolchain/arm-gnu-toolchain-13.2.Rel1-x86_64-arm-none-eabi/bin/../lib/gcc/arm-none-eabi/13.2.1/thumb/v7e-m+fp/hard/libgcc.a(_arm_fixdfsi.o)
                0x20007684                __fixdfsi
                0x20007684                __aeabi_d2iz
 .text          0x200076d4        0x0 /home/jger/EDA223/Arm_GNU_Toolchain/arm-gnu-toolchain-13.2.Rel1-x86_64-arm-none-eabi/bin/../lib/gcc/arm-none-eabi/13.2.1/../../../../arm-none-eabi/lib/thumb/v7e-m+fp/hard/libc_nano.a(libc_a-snprintf.o)
 .text          0x200076d4        0x0 /home/jger/EDA223/Arm_GNU_Toolchain/arm-gnu-toolchain-13.2.Rel1-x86_64-arm-none-eabi/bin/../lib/gcc/arm-none-eabi/13.2.1/../../../../arm-none-eabi/lib/thumb/v7e-m+fp/hard/libc_nano.a(libc_a-atoi.o)
 .text          0x200076d4        0x0 /home/jger/EDA223/Arm_GNU_Toolchain/arm-gnu-toolchain-13.2.Rel1-x86_64-arm-none-eabi/bin/../lib/gcc/arm-none-eabi/13.2.1/../../../../arm-none-eabi/lib/thumb/v7e-m+fp/hard/libc_nano.a(libc_a-strtol.o)
 .text          0x200076d4        0x0 /home/jger/EDA223/Arm_GNU_Toolchain/arm-gnu-toolchain-13.2.Rel1-x86_64-arm-none-eabi/bin/../lib/gcc/arm-none-eabi/13.2.1/../../../../arm-none-eabi/lib/thumb/v7e-m+fp/hard/libc_nano.a(libc_a-nano-svfprintf.o)
 .text          0x200076d4        0x0 /home/jger/EDA223/Arm_GNU_Toolchain/arm-gnu-toolchain-13.2.Rel1-x86_64-arm-none-eabi/bin/../lib/gcc/arm-none-eabi/13.2.1/../../../../arm-none-eabi/lib/thumb/v7e-m+fp/hard/libc_nano.a(libc_a-nano-vfprintf_i.o)
 .text          0x200076d4        0x0 /home/jger/EDA223/Arm_GNU_Toolchain/arm-gnu-toolchain-13.2.Rel1-x86_64-arm-none-eabi/bin/../lib/gcc/arm-none-eabi/13.2.1/../../../../arm-none-eabi/lib/thumb/v7e-m+fp/hard/libc_nano.a(libc_a-impure.o)
 *fill*         0x200076d4        0xc 
 .text          0x200076e0       0xa0 /home/jger/EDA223/Arm_GNU_Toolchain/arm-gnu-toolchain-13.2.Rel1-x86_64-arm-none-eabi/bin/../lib/gcc/arm-none-eabi/13.2.1/../../../../arm-none-eabi/lib/thumb/v7e-m+fp/hard/libc_nano.a(libc_a-memchr.o)
                0x200076e0                memchr
 .text          0x20007780        0x0 /home/jger/EDA223/Arm_GNU_Toolchain/arm-gnu-toolchain-13.2.Rel1-x86_64-arm-none-eabi/bin/../lib/gcc/arm-none-eabi/13.2.1/../../../../arm-none-eabi/lib/thumb/v7e-m+fp/hard/libc_nano.a(libc_a-memcpy-stub.o)
 .text          0x20007780        0x0 /home/jger/EDA223/Arm_GNU_Toolchain/arm-gnu-toolchain-13.2.Rel1-x86_64-arm-none-eabi/bin/../lib/gcc/arm-none-eabi/13.2.1/../../../../arm-none-eabi/lib/thumb/v7e-m+fp/hard/libc_nano.a(libc_a-mallocr.o)
 .text          0x20007780        0x0 /home/jger/EDA223/Arm_GNU_Toolchain/arm-gnu-toolchain-13.2.Rel1-x86_64-arm-none-eabi/bin/../lib/gcc/arm-none-eabi/13.2.1/../../../../arm-none-eabi/lib/thumb/v7e-m+fp/hard/libc_nano.a(libc_a-mlock.o)
 .text          0x20007780        0x0 /home/jger/EDA223/Arm_GNU_Toolchain/arm-gnu-toolchain-13.2.Rel1-x86_64-arm-none-eabi/bin/../lib/gcc/arm-none-eabi/13.2.1/../../../../arm-none-eabi/lib/thumb/v7e-m+fp/hard/libc_nano.a(libc_a-ctype_.o)
 .text          0x20007780        0x0 /home/jger/EDA223/Arm_GNU_Toolchain/arm-gnu-toolchain-13.2.Rel1-x86_64-arm-none-eabi/bin/../lib/gcc/arm-none-eabi/13.2.1/../../../../arm-none-eabi/lib/thumb/v7e-m+fp/hard/libc_nano.a(libc_a-sbrkr.o)
 .text          0x20007780        0x0 /home/jger/EDA223/Arm_GNU_Toolchain/arm-gnu-toolchain-13.2.Rel1-x86_64-arm-none-eabi/bin/../lib/gcc/arm-none-eabi/13.2.1/../../../../arm-none-eabi/lib/thumb/v7e-m+fp/hard/libc_nano.a(libc_a-errno.o)
 .text          0x20007780        0x0 /home/jger/EDA223/Arm_GNU_Toolchain/arm-gnu-toolchain-13.2.Rel1-x86_64-arm-none-eabi/bin/../lib/gcc/arm-none-eabi/13.2.1/../../../../arm-none-eabi/lib/thumb/v7e-m+fp/hard/libc_nano.a(libc_a-memmove.o)
 .text          0x20007780        0x0 /home/jger/EDA223/Arm_GNU_Toolchain/arm-gnu-toolchain-13.2.Rel1-x86_64-arm-none-eabi/bin/../lib/gcc/arm-none-eabi/13.2.1/../../../../arm-none-eabi/lib/thumb/v7e-m+fp/hard/libc_nano.a(libc_a-reallocr.o)
 .text          0x20007780        0x0 /home/jger/EDA223/Arm_GNU_Toolchain/arm-gnu-toolchain-13.2.Rel1-x86_64-arm-none-eabi/bin/../lib/gcc/arm-none-eabi/13.2.1/../../../../arm-none-eabi/lib/thumb/v7e-m+fp/hard/libc_nano.a(libc_a-freer.o)
 .text          0x20007780        0x0 /home/jger/EDA223/Arm_GNU_Toolchain/arm-gnu-toolchain-13.2.Rel1-x86_64-arm-none-eabi/bin/../lib/gcc/arm-none-eabi/13.2.1/../../../../arm-none-eabi/lib/thumb/v7e-m+fp/hard/libc_nano.a(libc_a-lock.o)
 .text          0x20007780        0x0 /home/jger/EDA223/Arm_GNU_Toolchain/arm-gnu-toolchain-13.2.Rel1-x86_64-arm-none-eabi/bin/../lib/gcc/arm-none-eabi/13.2.1/../../../../arm-none-eabi/lib/thumb/v7e-m+fp/hard/libc_nano.a(libc_a-reent.o)
 .text          0x20007780        0x0 /home/jger/EDA223/Arm_GNU_Toolchain/arm-gnu-toolchain-13.2.Rel1-x86_64-arm-none-eabi/bin/../lib/gcc/arm-none-eabi/13.2.1/../../../../arm-none-eabi/lib/thumb/v7e-m+fp/hard/libc_nano.a(libc_a-msizer.o)
 *(.text.*)
 .text._snprintf_r
                0x20007780       0x5e /home/jger/EDA223/Arm_GNU_Toolchain/arm-gnu-toolchain-13.2.Rel1-x86_64-arm-none-eabi/bin/../lib/gcc/arm-none-eabi/13.2.1/../../../../arm-none-eabi/lib/thumb/v7e-m+fp/hard/libc_nano.a(libc_a-snprintf.o)
                0x20007780                _sniprintf_r
                0x20007780                _snprintf_r
 *fill*         0x200077de        0x2 
 .text.snprintf
                0x200077e0       0x68 /home/jger/EDA223/Arm_GNU_Toolchain/arm-gnu-toolchain-13.2.Rel1-x86_64-arm-none-eabi/bin/../lib/gcc/arm-none-eabi/13.2.1/../../../../arm-none-eabi/lib/thumb/v7e-m+fp/hard/libc_nano.a(libc_a-snprintf.o)
                0x200077e0                snprintf
                0x200077e0                sniprintf
 .text.atoi     0x20007848        0x8 /home/jger/EDA223/Arm_GNU_Toolchain/arm-gnu-toolchain-13.2.Rel1-x86_64-arm-none-eabi/bin/../lib/gcc/arm-none-eabi/13.2.1/../../../../arm-none-eabi/lib/thumb/v7e-m+fp/hard/libc_nano.a(libc_a-atoi.o)
                0x20007848                atoi
 .text._atoi_r  0x20007850        0x8 /home/jger/EDA223/Arm_GNU_Toolchain/arm-gnu-toolchain-13.2.Rel1-x86_64-arm-none-eabi/bin/../lib/gcc/arm-none-eabi/13.2.1/../../../../arm-none-eabi/lib/thumb/v7e-m+fp/hard/libc_nano.a(libc_a-atoi.o)
                0x20007850                _atoi_r
 .text._strtol_l.isra.0
                0x20007858       0xf4 /home/jger/EDA223/Arm_GNU_Toolchain/arm-gnu-toolchain-13.2.Rel1-x86_64-arm-none-eabi/bin/../lib/gcc/arm-none-eabi/13.2.1/../../../../arm-none-eabi/lib/thumb/v7e-m+fp/hard/libc_nano.a(libc_a-strtol.o)
 .text._strtol_r
                0x2000794c        0x4 /home/jger/EDA223/Arm_GNU_Toolchain/arm-gnu-toolchain-13.2.Rel1-x86_64-arm-none-eabi/bin/../lib/gcc/arm-none-eabi/13.2.1/../../../../arm-none-eabi/lib/thumb/v7e-m+fp/hard/libc_nano.a(libc_a-strtol.o)
                0x2000794c                _strtol_r
 .text.strtol_l
                0x20007950       0x14 /home/jger/EDA223/Arm_GNU_Toolchain/arm-gnu-toolchain-13.2.Rel1-x86_64-arm-none-eabi/bin/../lib/gcc/arm-none-eabi/13.2.1/../../../../arm-none-eabi/lib/thumb/v7e-m+fp/hard/libc_nano.a(libc_a-strtol.o)
                0x20007950                strtol_l
 .text.strtol   0x20007964       0x14 /home/jger/EDA223/Arm_GNU_Toolchain/arm-gnu-toolchain-13.2.Rel1-x86_64-arm-none-eabi/bin/../lib/gcc/arm-none-eabi/13.2.1/../../../../arm-none-eabi/lib/thumb/v7e-m+fp/hard/libc_nano.a(libc_a-strtol.o)
                0x20007964                strtol
 .text.__ssputs_r
                0x20007978       0xb6 /home/jger/EDA223/Arm_GNU_Toolchain/arm-gnu-toolchain-13.2.Rel1-x86_64-arm-none-eabi/bin/../lib/gcc/arm-none-eabi/13.2.1/../../../../arm-none-eabi/lib/thumb/v7e-m+fp/hard/libc_nano.a(libc_a-nano-svfprintf.o)
                0x20007978                __ssputs_r
 .text.__ssprint_r
                0x20007a2e       0xfa /home/jger/EDA223/Arm_GNU_Toolchain/arm-gnu-toolchain-13.2.Rel1-x86_64-arm-none-eabi/bin/../lib/gcc/arm-none-eabi/13.2.1/../../../../arm-none-eabi/lib/thumb/v7e-m+fp/hard/libc_nano.a(libc_a-nano-svfprintf.o)
                0x20007a2e                __ssprint_r
 .text._svfprintf_r
                0x20007b28      0x1f8 /home/jger/EDA223/Arm_GNU_Toolchain/arm-gnu-toolchain-13.2.Rel1-x86_64-arm-none-eabi/bin/../lib/gcc/arm-none-eabi/13.2.1/../../../../arm-none-eabi/lib/thumb/v7e-m+fp/hard/libc_nano.a(libc_a-nano-svfprintf.o)
                0x20007b28                _svfprintf_r
                0x20007b28                _svfiprintf_r
 .text._printf_common
                0x20007d20       0xda /home/jger/EDA223/Arm_GNU_Toolchain/arm-gnu-toolchain-13.2.Rel1-x86_64-arm-none-eabi/bin/../lib/gcc/arm-none-eabi/13.2.1/../../../../arm-none-eabi/lib/thumb/v7e-m+fp/hard/libc_nano.a(libc_a-nano-vfprintf_i.o)
                0x20007d20                _printf_common
 *fill*         0x20007dfa        0x2 
 .text._printf_i
                0x20007dfc      0x23c /home/jger/EDA223/Arm_GNU_Toolchain/arm-gnu-toolchain-13.2.Rel1-x86_64-arm-none-eabi/bin/../lib/gcc/arm-none-eabi/13.2.1/../../../../arm-none-eabi/lib/thumb/v7e-m+fp/hard/libc_nano.a(libc_a-nano-vfprintf_i.o)
                0x20007dfc                _printf_i
 .text.memcpy   0x20008038       0x1c /home/jger/EDA223/Arm_GNU_Toolchain/arm-gnu-toolchain-13.2.Rel1-x86_64-arm-none-eabi/bin/../lib/gcc/arm-none-eabi/13.2.1/../../../../arm-none-eabi/lib/thumb/v7e-m+fp/hard/libc_nano.a(libc_a-memcpy-stub.o)
                0x20008038                memcpy
 .text.sbrk_aligned
                0x20008054       0x44 /home/jger/EDA223/Arm_GNU_Toolchain/arm-gnu-toolchain-13.2.Rel1-x86_64-arm-none-eabi/bin/../lib/gcc/arm-none-eabi/13.2.1/../../../../arm-none-eabi/lib/thumb/v7e-m+fp/hard/libc_nano.a(libc_a-mallocr.o)
 .text._malloc_r
                0x20008098      0x100 /home/jger/EDA223/Arm_GNU_Toolchain/arm-gnu-toolchain-13.2.Rel1-x86_64-arm-none-eabi/bin/../lib/gcc/arm-none-eabi/13.2.1/../../../../arm-none-eabi/lib/thumb/v7e-m+fp/hard/libc_nano.a(libc_a-mallocr.o)
                0x20008098                _malloc_r
 .text.__malloc_lock
                0x20008198        0xc /home/jger/EDA223/Arm_GNU_Toolchain/arm-gnu-toolchain-13.2.Rel1-x86_64-arm-none-eabi/bin/../lib/gcc/arm-none-eabi/13.2.1/../../../../arm-none-eabi/lib/thumb/v7e-m+fp/hard/libc_nano.a(libc_a-mlock.o)
                0x20008198                __malloc_lock
 .text.__malloc_unlock
                0x200081a4        0xc /home/jger/EDA223/Arm_GNU_Toolchain/arm-gnu-toolchain-13.2.Rel1-x86_64-arm-none-eabi/bin/../lib/gcc/arm-none-eabi/13.2.1/../../../../arm-none-eabi/lib/thumb/v7e-m+fp/hard/libc_nano.a(libc_a-mlock.o)
                0x200081a4                __malloc_unlock
 .text._sbrk_r  0x200081b0       0x20 /home/jger/EDA223/Arm_GNU_Toolchain/arm-gnu-toolchain-13.2.Rel1-x86_64-arm-none-eabi/bin/../lib/gcc/arm-none-eabi/13.2.1/../../../../arm-none-eabi/lib/thumb/v7e-m+fp/hard/libc_nano.a(libc_a-sbrkr.o)
                0x200081b0                _sbrk_r
 .text.__errno  0x200081d0        0xc /home/jger/EDA223/Arm_GNU_Toolchain/arm-gnu-toolchain-13.2.Rel1-x86_64-arm-none-eabi/bin/../lib/gcc/arm-none-eabi/13.2.1/../../../../arm-none-eabi/lib/thumb/v7e-m+fp/hard/libc_nano.a(libc_a-errno.o)
                0x200081d0                __errno
 .text.memmove  0x200081dc       0x34 /home/jger/EDA223/Arm_GNU_Toolchain/arm-gnu-toolchain-13.2.Rel1-x86_64-arm-none-eabi/bin/../lib/gcc/arm-none-eabi/13.2.1/../../../../arm-none-eabi/lib/thumb/v7e-m+fp/hard/libc_nano.a(libc_a-memmove.o)
                0x200081dc                memmove
 .text._realloc_r
                0x20008210       0x5c /home/jger/EDA223/Arm_GNU_Toolchain/arm-gnu-toolchain-13.2.Rel1-x86_64-arm-none-eabi/bin/../lib/gcc/arm-none-eabi/13.2.1/../../../../arm-none-eabi/lib/thumb/v7e-m+fp/hard/libc_nano.a(libc_a-reallocr.o)
                0x20008210                _realloc_r
 .text._free_r  0x2000826c       0x94 /home/jger/EDA223/Arm_GNU_Toolchain/arm-gnu-toolchain-13.2.Rel1-x86_64-arm-none-eabi/bin/../lib/gcc/arm-none-eabi/13.2.1/../../../../arm-none-eabi/lib/thumb/v7e-m+fp/hard/libc_nano.a(libc_a-freer.o)
                0x2000826c                _free_r
 .text.__retarget_lock_init
                0x20008300        0x2 /home/jger/EDA223/Arm_GNU_Toolchain/arm-gnu-toolchain-13.2.Rel1-x86_64-arm-none-eabi/bin/../lib/gcc/arm-none-eabi/13.2.1/../../../../arm-none-eabi/lib/thumb/v7e-m+fp/hard/libc_nano.a(libc_a-lock.o)
                0x20008300                __retarget_lock_init
 .text.__retarget_lock_init_recursive
                0x20008302        0x2 /home/jger/EDA223/Arm_GNU_Toolchain/arm-gnu-toolchain-13.2.Rel1-x86_64-arm-none-eabi/bin/../lib/gcc/arm-none-eabi/13.2.1/../../../../arm-none-eabi/lib/thumb/v7e-m+fp/hard/libc_nano.a(libc_a-lock.o)
                0x20008302                __retarget_lock_init_recursive
 .text.__retarget_lock_close
                0x20008304        0x2 /home/jger/EDA223/Arm_GNU_Toolchain/arm-gnu-toolchain-13.2.Rel1-x86_64-arm-none-eabi/bin/../lib/gcc/arm-none-eabi/13.2.1/../../../../arm-none-eabi/lib/thumb/v7e-m+fp/hard/libc_nano.a(libc_a-lock.o)
                0x20008304                __retarget_lock_close
 .text.__retarget_lock_close_recursive
                0x20008306        0x2 /home/jger/EDA223/Arm_GNU_Toolchain/arm-gnu-toolchain-13.2.Rel1-x86_64-arm-none-eabi/bin/../lib/gcc/arm-none-eabi/13.2.1/../../../../arm-none-eabi/lib/thumb/v7e-m+fp/hard/libc_nano.a(libc_a-lock.o)
                0x20008306                __retarget_lock_close_recursive
 .text.__retarget_lock_acquire
                0x20008308        0x2 /home/jger/EDA223/Arm_GNU_Toolchain/arm-gnu-toolchain-13.2.Rel1-x86_64-arm-none-eabi/bin/../lib/gcc/arm-none-eabi/13.2.1/../../../../arm-none-eabi/lib/thumb/v7e-m+fp/hard/libc_nano.a(libc_a-lock.o)
                0x20008308                __retarget_lock_acquire
 .text.__retarget_lock_acquire_recursive
                0x2000830a        0x2 /home/jger/EDA223/Arm_GNU_Toolchain/arm-gnu-toolchain-13.2.Rel1-x86_64-arm-none-eabi/bin/../lib/gcc/arm-none-eabi/13.2.1/../../../../arm-none-eabi/lib/thumb/v7e-m+fp/hard/libc_nano.a(libc_a-lock.o)
                0x2000830a                __retarget_lock_acquire_recursive
 .text.__retarget_lock_try_acquire
                0x2000830c        0x4 /home/jger/EDA223/Arm_GNU_Toolchain/arm-gnu-toolchain-13.2.Rel1-x86_64-arm-none-eabi/bin/../lib/gcc/arm-none-eabi/13.2.1/../../../../arm-none-eabi/lib/thumb/v7e-m+fp/hard/libc_nano.a(libc_a-lock.o)
                0x2000830c                __retarget_lock_try_acquire
 .text.__retarget_lock_try_acquire_recursive
                0x20008310        0x4 /home/jger/EDA223/Arm_GNU_Toolchain/arm-gnu-toolchain-13.2.Rel1-x86_64-arm-none-eabi/bin/../lib/gcc/arm-none-eabi/13.2.1/../../../../arm-none-eabi/lib/thumb/v7e-m+fp/hard/libc_nano.a(libc_a-lock.o)
                0x20008310                __retarget_lock_try_acquire_recursive
 .text.__retarget_lock_release
                0x20008314        0x2 /home/jger/EDA223/Arm_GNU_Toolchain/arm-gnu-toolchain-13.2.Rel1-x86_64-arm-none-eabi/bin/../lib/gcc/arm-none-eabi/13.2.1/../../../../arm-none-eabi/lib/thumb/v7e-m+fp/hard/libc_nano.a(libc_a-lock.o)
                0x20008314                __retarget_lock_release
 .text.__retarget_lock_release_recursive
                0x20008316        0x2 /home/jger/EDA223/Arm_GNU_Toolchain/arm-gnu-toolchain-13.2.Rel1-x86_64-arm-none-eabi/bin/../lib/gcc/arm-none-eabi/13.2.1/../../../../arm-none-eabi/lib/thumb/v7e-m+fp/hard/libc_nano.a(libc_a-lock.o)
                0x20008316                __retarget_lock_release_recursive
 .text._reclaim_reent
                0x20008318       0xac /home/jger/EDA223/Arm_GNU_Toolchain/arm-gnu-toolchain-13.2.Rel1-x86_64-arm-none-eabi/bin/../lib/gcc/arm-none-eabi/13.2.1/../../../../arm-none-eabi/lib/thumb/v7e-m+fp/hard/libc_nano.a(libc_a-reent.o)
                0x20008318                _reclaim_reent
 .text._malloc_usable_size_r
                0x200083c4       0x10 /home/jger/EDA223/Arm_GNU_Toolchain/arm-gnu-toolchain-13.2.Rel1-x86_64-arm-none-eabi/bin/../lib/gcc/arm-none-eabi/13.2.1/../../../../arm-none-eabi/lib/thumb/v7e-m+fp/hard/libc_nano.a(libc_a-msizer.o)
                0x200083c4                _malloc_usable_size_r
 *(.rodata)
 .rodata        0x200083d4       0x8a ./Debug/canTinyTimber.c.o
 *fill*         0x2000845e        0x2 
 .rodata        0x20008460       0xfd ./Debug/application.c.o
 *fill*         0x2000855d        0x3 
 .rodata        0x20008560       0x81 ./Debug/TinyTimber.c.o
 *fill*         0x200085e1        0x3 
 .rodata        0x200085e4       0x10 ./Debug/driver_src_stm32f4xx_rcc.c.o
 *(.rodata*)
 .rodata._svfprintf_r.str1.1
                0x200085f4       0x33 /home/jger/EDA223/Arm_GNU_Toolchain/arm-gnu-toolchain-13.2.Rel1-x86_64-arm-none-eabi/bin/../lib/gcc/arm-none-eabi/13.2.1/../../../../arm-none-eabi/lib/thumb/v7e-m+fp/hard/libc_nano.a(libc_a-nano-svfprintf.o)
                                 0x11 (size before relaxing)
 .rodata._printf_i.str1.1
                0x20008627       0x22 /home/jger/EDA223/Arm_GNU_Toolchain/arm-gnu-toolchain-13.2.Rel1-x86_64-arm-none-eabi/bin/../lib/gcc/arm-none-eabi/13.2.1/../../../../arm-none-eabi/lib/thumb/v7e-m+fp/hard/libc_nano.a(libc_a-nano-vfprintf_i.o)
 .rodata._ctype_
                0x20008627      0x101 /home/jger/EDA223/Arm_GNU_Toolchain/arm-gnu-toolchain-13.2.Rel1-x86_64-arm-none-eabi/bin/../lib/gcc/arm-none-eabi/13.2.1/../../../../arm-none-eabi/lib/thumb/v7e-m+fp/hard/libc_nano.a(libc_a-ctype_.o)
                0x20008627                _ctype_
 *(.glue_7)
 .glue_7        0x20008728        0x0 linker stubs
 *(.glue_7t)
 .glue_7t       0x20008728        0x0 linker stubs
                0x20008728                        . = ALIGN (0x4)

.ARM.extab      0x20008728        0x0
 .ARM.extab     0x20008728        0x0 /home/jger/EDA223/Arm_GNU_Toolchain/arm-gnu-toolchain-13.2.Rel1-x86_64-arm-none-eabi/bin/../lib/gcc/arm-none-eabi/13.2.1/../../../../arm-none-eabi/lib/thumb/v7e-m+fp/hard/libc_nano.a(libc_a-memchr.o)

.ARM.exidx      0x20008728        0x8
 .ARM.exidx     0x20008728        0x8 /home/jger/EDA223/Arm_GNU_Toolchain/arm-gnu-toolchain-13.2.Rel1-x86_64-arm-none-eabi/bin/../lib/gcc/arm-none-eabi/13.2.1/../../../../arm-none-eabi/lib/thumb/v7e-m+fp/hard/libc_nano.a(libc_a-memchr.o)

.eh_frame       0x20008730       0x50
 .eh_frame      0x20008730       0x50 /home/jger/EDA223/Arm_GNU_Toolchain/arm-gnu-toolchain-13.2.Rel1-x86_64-arm-none-eabi/bin/../lib/gcc/arm-none-eabi/13.2.1/../../../../arm-none-eabi/lib/thumb/v7e-m+fp/hard/libc_nano.a(libc_a-memchr.o)

.vfp11_veneer   0x20008780        0x0
 .vfp11_veneer  0x20008780        0x0 linker stubs

.v4_bx          0x20008780        0x0
 .v4_bx         0x20008780        0x0 linker stubs

.iplt           0x20008780        0x0
 .iplt          0x20008780        0x0 ./Debug/startup.c.o

.rel.dyn        0x20008780        0x0
 .rel.iplt      0x20008780        0x0 ./Debug/startup.c.o

.data           0x20008780      0x5e0
                0x20008780                        . = ALIGN (0x4)
 *(.data)
 .data          0x20008780        0x0 ./Debug/startup.c.o
 .data          0x20008780        0x0 ./Debug/canTinyTimber.c.o
 .data          0x20008780      0x4e8 ./Debug/application.c.o
                0x20008780                app
                0x200087d0                sci0
                0x20008bf0                can0
 .data          0x20008c68       0x24 ./Debug/TinyTimber.c.o
                0x20008c68                hex
                0x20008c7c                msgPool
                0x20008c80                threadPool
                0x20008c84                activeStack
                0x20008c88                current
 .data          0x20008c8c        0x0 ./Debug/driver_src_stm32f4xx_gpio.c.o
 .data          0x20008c8c        0x0 ./Debug/driver_src_stm32f4xx_dac.c.o
 .data          0x20008c8c        0x0 ./Debug/driver_src_stm32f4xx_syscfg.c.o
 .data          0x20008c8c        0x0 ./Debug/driver_src_stm32f4xx_rcc.c.o
 .data          0x20008c8c        0x0 ./Debug/driver_src_stm32f4xx_tim.c.o
 .data          0x20008c8c        0x0 ./Debug/driver_src_stm32f4xx_usart.c.o
 .data          0x20008c8c        0x0 ./Debug/sciTinyTimber.c.o
 .data          0x20008c8c        0x0 ./Debug/driver_src_stm32f4xx_can.c.o
 .data          0x20008c8c        0x0 ./Debug/driver_src_stm32f4xx_exti.c.o
 .data          0x20008c8c       0x84 ./Debug/dispatch.s.o
 .data          0x20008d10        0x0 /home/jger/EDA223/Arm_GNU_Toolchain/arm-gnu-toolchain-13.2.Rel1-x86_64-arm-none-eabi/bin/../lib/gcc/arm-none-eabi/13.2.1/thumb/v7e-m+fp/hard/libgcc.a(_arm_muldf3.o)
 .data          0x20008d10        0x0 /home/jger/EDA223/Arm_GNU_Toolchain/arm-gnu-toolchain-13.2.Rel1-x86_64-arm-none-eabi/bin/../lib/gcc/arm-none-eabi/13.2.1/thumb/v7e-m+fp/hard/libgcc.a(_arm_addsubdf3.o)
 .data          0x20008d10        0x0 /home/jger/EDA223/Arm_GNU_Toolchain/arm-gnu-toolchain-13.2.Rel1-x86_64-arm-none-eabi/bin/../lib/gcc/arm-none-eabi/13.2.1/thumb/v7e-m+fp/hard/libgcc.a(_arm_fixdfsi.o)
 .data          0x20008d10        0x0 /home/jger/EDA223/Arm_GNU_Toolchain/arm-gnu-toolchain-13.2.Rel1-x86_64-arm-none-eabi/bin/../lib/gcc/arm-none-eabi/13.2.1/../../../../arm-none-eabi/lib/thumb/v7e-m+fp/hard/libc_nano.a(libc_a-snprintf.o)
 .data          0x20008d10        0x0 /home/jger/EDA223/Arm_GNU_Toolchain/arm-gnu-toolchain-13.2.Rel1-x86_64-arm-none-eabi/bin/../lib/gcc/arm-none-eabi/13.2.1/../../../../arm-none-eabi/lib/thumb/v7e-m+fp/hard/libc_nano.a(libc_a-atoi.o)
 .data          0x20008d10        0x0 /home/jger/EDA223/Arm_GNU_Toolchain/arm-gnu-toolchain-13.2.Rel1-x86_64-arm-none-eabi/bin/../lib/gcc/arm-none-eabi/13.2.1/../../../../arm-none-eabi/lib/thumb/v7e-m+fp/hard/libc_nano.a(libc_a-strtol.o)
 .data          0x20008d10        0x0 /home/jger/EDA223/Arm_GNU_Toolchain/arm-gnu-toolchain-13.2.Rel1-x86_64-arm-none-eabi/bin/../lib/gcc/arm-none-eabi/13.2.1/../../../../arm-none-eabi/lib/thumb/v7e-m+fp/hard/libc_nano.a(libc_a-nano-svfprintf.o)
 .data          0x20008d10        0x0 /home/jger/EDA223/Arm_GNU_Toolchain/arm-gnu-toolchain-13.2.Rel1-x86_64-arm-none-eabi/bin/../lib/gcc/arm-none-eabi/13.2.1/../../../../arm-none-eabi/lib/thumb/v7e-m+fp/hard/libc_nano.a(libc_a-nano-vfprintf_i.o)
 .data          0x20008d10        0x0 /home/jger/EDA223/Arm_GNU_Toolchain/arm-gnu-toolchain-13.2.Rel1-x86_64-arm-none-eabi/bin/../lib/gcc/arm-none-eabi/13.2.1/../../../../arm-none-eabi/lib/thumb/v7e-m+fp/hard/libc_nano.a(libc_a-impure.o)
 .data          0x20008d10        0x0 /home/jger/EDA223/Arm_GNU_Toolchain/arm-gnu-toolchain-13.2.Rel1-x86_64-arm-none-eabi/bin/../lib/gcc/arm-none-eabi/13.2.1/../../../../arm-none-eabi/lib/thumb/v7e-m+fp/hard/libc_nano.a(libc_a-memchr.o)
 .data          0x20008d10        0x0 /home/jger/EDA223/Arm_GNU_Toolchain/arm-gnu-toolchain-13.2.Rel1-x86_64-arm-none-eabi/bin/../lib/gcc/arm-none-eabi/13.2.1/../../../../arm-none-eabi/lib/thumb/v7e-m+fp/hard/libc_nano.a(libc_a-memcpy-stub.o)
 .data          0x20008d10        0x0 /home/jger/EDA223/Arm_GNU_Toolchain/arm-gnu-toolchain-13.2.Rel1-x86_64-arm-none-eabi/bin/../lib/gcc/arm-none-eabi/13.2.1/../../../../arm-none-eabi/lib/thumb/v7e-m+fp/hard/libc_nano.a(libc_a-mallocr.o)
 .data          0x20008d10        0x0 /home/jger/EDA223/Arm_GNU_Toolchain/arm-gnu-toolchain-13.2.Rel1-x86_64-arm-none-eabi/bin/../lib/gcc/arm-none-eabi/13.2.1/../../../../arm-none-eabi/lib/thumb/v7e-m+fp/hard/libc_nano.a(libc_a-mlock.o)
 .data          0x20008d10        0x0 /home/jger/EDA223/Arm_GNU_Toolchain/arm-gnu-toolchain-13.2.Rel1-x86_64-arm-none-eabi/bin/../lib/gcc/arm-none-eabi/13.2.1/../../../../arm-none-eabi/lib/thumb/v7e-m+fp/hard/libc_nano.a(libc_a-ctype_.o)
 .data          0x20008d10        0x0 /home/jger/EDA223/Arm_GNU_Toolchain/arm-gnu-toolchain-13.2.Rel1-x86_64-arm-none-eabi/bin/../lib/gcc/arm-none-eabi/13.2.1/../../../../arm-none-eabi/lib/thumb/v7e-m+fp/hard/libc_nano.a(libc_a-sbrkr.o)
 .data          0x20008d10        0x0 /home/jger/EDA223/Arm_GNU_Toolchain/arm-gnu-toolchain-13.2.Rel1-x86_64-arm-none-eabi/bin/../lib/gcc/arm-none-eabi/13.2.1/../../../../arm-none-eabi/lib/thumb/v7e-m+fp/hard/libc_nano.a(libc_a-errno.o)
 .data          0x20008d10        0x0 /home/jger/EDA223/Arm_GNU_Toolchain/arm-gnu-toolchain-13.2.Rel1-x86_64-arm-none-eabi/bin/../lib/gcc/arm-none-eabi/13.2.1/../../../../arm-none-eabi/lib/thumb/v7e-m+fp/hard/libc_nano.a(libc_a-memmove.o)
 .data          0x20008d10        0x0 /home/jger/EDA223/Arm_GNU_Toolchain/arm-gnu-toolchain-13.2.Rel1-x86_64-arm-none-eabi/bin/../lib/gcc/arm-none-eabi/13.2.1/../../../../arm-none-eabi/lib/thumb/v7e-m+fp/hard/libc_nano.a(libc_a-reallocr.o)
 .data          0x20008d10        0x0 /home/jger/EDA223/Arm_GNU_Toolchain/arm-gnu-toolchain-13.2.Rel1-x86_64-arm-none-eabi/bin/../lib/gcc/arm-none-eabi/13.2.1/../../../../arm-none-eabi/lib/thumb/v7e-m+fp/hard/libc_nano.a(libc_a-freer.o)
 .data          0x20008d10        0x0 /home/jger/EDA223/Arm_GNU_Toolchain/arm-gnu-toolchain-13.2.Rel1-x86_64-arm-none-eabi/bin/../lib/gcc/arm-none-eabi/13.2.1/../../../../arm-none-eabi/lib/thumb/v7e-m+fp/hard/libc_nano.a(libc_a-lock.o)
 .data          0x20008d10        0x0 /home/jger/EDA223/Arm_GNU_Toolchain/arm-gnu-toolchain-13.2.Rel1-x86_64-arm-none-eabi/bin/../lib/gcc/arm-none-eabi/13.2.1/../../../../arm-none-eabi/lib/thumb/v7e-m+fp/hard/libc_nano.a(libc_a-reent.o)
 .data          0x20008d10        0x0 /home/jger/EDA223/Arm_GNU_Toolchain/arm-gnu-toolchain-13.2.Rel1-x86_64-arm-none-eabi/bin/../lib/gcc/arm-none-eabi/13.2.1/../../../../arm-none-eabi/lib/thumb/v7e-m+fp/hard/libc_nano.a(libc_a-msizer.o)
 *(.data.*)
 .data._impure_ptr
                0x20008d10        0x4 /home/jger/EDA223/Arm_GNU_Toolchain/arm-gnu-toolchain-13.2.Rel1-x86_64-arm-none-eabi/bin/../lib/gcc/arm-none-eabi/13.2.1/../../../../arm-none-eabi/lib/thumb/v7e-m+fp/hard/libc_nano.a(libc_a-impure.o)
                0x20008d10                _impure_ptr
 .data._impure_data
                0x20008d14       0x4c /home/jger/EDA223/Arm_GNU_Toolchain/arm-gnu-toolchain-13.2.Rel1-x86_64-arm-none-eabi/bin/../lib/gcc/arm-none-eabi/13.2.1/../../../../arm-none-eabi/lib/thumb/v7e-m+fp/hard/libc_nano.a(libc_a-impure.o)
                0x20008d14                _impure_data
                0x20008d60                        . = ALIGN (0x4)

.igot.plt       0x20008d60        0x0
 .igot.plt      0x20008d60        0x0 ./Debug/startup.c.o

.bss            0x20008d60     0x8384
                0x20008d60                        . = ALIGN (0x4)
                0x20008d60                        _sbss = .
 *(.bss)
 .bss           0x20008d60        0x0 ./Debug/startup.c.o
 .bss           0x20008d60        0x0 ./Debug/canTinyTimber.c.o
 .bss           0x20008d60        0x0 ./Debug/application.c.o
 .bss           0x20008d60     0x8370 ./Debug/TinyTimber.c.o
                0x20008d60                __heap_end
                0x20008d64                messages
                0x20009034                threads
                0x20009088                stacks
                0x20011088                thread0
                0x2001109c                msgQ
                0x200110a0                timerQ
                0x200110a4                runAsHardware
                0x200110a8                doIRQSchedule
                0x200110ac                timestamp
                0x200110b0                overflows
                0x200110b4                upcoming
                0x200110b8                mtable
                0x200110c4                otable
 .bss           0x200110d0        0x0 ./Debug/driver_src_stm32f4xx_gpio.c.o
 .bss           0x200110d0        0x0 ./Debug/driver_src_stm32f4xx_dac.c.o
 .bss           0x200110d0        0x0 ./Debug/driver_src_stm32f4xx_syscfg.c.o
 .bss           0x200110d0        0x0 ./Debug/driver_src_stm32f4xx_rcc.c.o
 .bss           0x200110d0        0x0 ./Debug/driver_src_stm32f4xx_tim.c.o
 .bss           0x200110d0        0x0 ./Debug/driver_src_stm32f4xx_usart.c.o
 .bss           0x200110d0        0x0 ./Debug/sciTinyTimber.c.o
 .bss           0x200110d0        0x0 ./Debug/driver_src_stm32f4xx_can.c.o
 .bss           0x200110d0        0x0 ./Debug/driver_src_stm32f4xx_exti.c.o
 .bss           0x200110d0        0x0 ./Debug/dispatch.s.o
 .bss           0x200110d0        0x0 /home/jger/EDA223/Arm_GNU_Toolchain/arm-gnu-toolchain-13.2.Rel1-x86_64-arm-none-eabi/bin/../lib/gcc/arm-none-eabi/13.2.1/thumb/v7e-m+fp/hard/libgcc.a(_arm_muldf3.o)
 .bss           0x200110d0        0x0 /home/jger/EDA223/Arm_GNU_Toolchain/arm-gnu-toolchain-13.2.Rel1-x86_64-arm-none-eabi/bin/../lib/gcc/arm-none-eabi/13.2.1/thumb/v7e-m+fp/hard/libgcc.a(_arm_addsubdf3.o)
 .bss           0x200110d0        0x0 /home/jger/EDA223/Arm_GNU_Toolchain/arm-gnu-toolchain-13.2.Rel1-x86_64-arm-none-eabi/bin/../lib/gcc/arm-none-eabi/13.2.1/thumb/v7e-m+fp/hard/libgcc.a(_arm_fixdfsi.o)
 .bss           0x200110d0        0x0 /home/jger/EDA223/Arm_GNU_Toolchain/arm-gnu-toolchain-13.2.Rel1-x86_64-arm-none-eabi/bin/../lib/gcc/arm-none-eabi/13.2.1/../../../../arm-none-eabi/lib/thumb/v7e-m+fp/hard/libc_nano.a(libc_a-snprintf.o)
 .bss           0x200110d0        0x0 /home/jger/EDA223/Arm_GNU_Toolchain/arm-gnu-toolchain-13.2.Rel1-x86_64-arm-none-eabi/bin/../lib/gcc/arm-none-eabi/13.2.1/../../../../arm-none-eabi/lib/thumb/v7e-m+fp/hard/libc_nano.a(libc_a-atoi.o)
 .bss           0x200110d0        0x0 /home/jger/EDA223/Arm_GNU_Toolchain/arm-gnu-toolchain-13.2.Rel1-x86_64-arm-none-eabi/bin/../lib/gcc/arm-none-eabi/13.2.1/../../../../arm-none-eabi/lib/thumb/v7e-m+fp/hard/libc_nano.a(libc_a-strtol.o)
 .bss           0x200110d0        0x0 /home/jger/EDA223/Arm_GNU_Toolchain/arm-gnu-toolchain-13.2.Rel1-x86_64-arm-none-eabi/bin/../lib/gcc/arm-none-eabi/13.2.1/../../../../arm-none-eabi/lib/thumb/v7e-m+fp/hard/libc_nano.a(libc_a-nano-svfprintf.o)
 .bss           0x200110d0        0x0 /home/jger/EDA223/Arm_GNU_Toolchain/arm-gnu-toolchain-13.2.Rel1-x86_64-arm-none-eabi/bin/../lib/gcc/arm-none-eabi/13.2.1/../../../../arm-none-eabi/lib/thumb/v7e-m+fp/hard/libc_nano.a(libc_a-nano-vfprintf_i.o)
 .bss           0x200110d0        0x0 /home/jger/EDA223/Arm_GNU_Toolchain/arm-gnu-toolchain-13.2.Rel1-x86_64-arm-none-eabi/bin/../lib/gcc/arm-none-eabi/13.2.1/../../../../arm-none-eabi/lib/thumb/v7e-m+fp/hard/libc_nano.a(libc_a-impure.o)
 .bss           0x200110d0        0x0 /home/jger/EDA223/Arm_GNU_Toolchain/arm-gnu-toolchain-13.2.Rel1-x86_64-arm-none-eabi/bin/../lib/gcc/arm-none-eabi/13.2.1/../../../../arm-none-eabi/lib/thumb/v7e-m+fp/hard/libc_nano.a(libc_a-memchr.o)
 .bss           0x200110d0        0x0 /home/jger/EDA223/Arm_GNU_Toolchain/arm-gnu-toolchain-13.2.Rel1-x86_64-arm-none-eabi/bin/../lib/gcc/arm-none-eabi/13.2.1/../../../../arm-none-eabi/lib/thumb/v7e-m+fp/hard/libc_nano.a(libc_a-memcpy-stub.o)
 .bss           0x200110d0        0x0 /home/jger/EDA223/Arm_GNU_Toolchain/arm-gnu-toolchain-13.2.Rel1-x86_64-arm-none-eabi/bin/../lib/gcc/arm-none-eabi/13.2.1/../../../../arm-none-eabi/lib/thumb/v7e-m+fp/hard/libc_nano.a(libc_a-mallocr.o)
 .bss           0x200110d0        0x0 /home/jger/EDA223/Arm_GNU_Toolchain/arm-gnu-toolchain-13.2.Rel1-x86_64-arm-none-eabi/bin/../lib/gcc/arm-none-eabi/13.2.1/../../../../arm-none-eabi/lib/thumb/v7e-m+fp/hard/libc_nano.a(libc_a-mlock.o)
 .bss           0x200110d0        0x0 /home/jger/EDA223/Arm_GNU_Toolchain/arm-gnu-toolchain-13.2.Rel1-x86_64-arm-none-eabi/bin/../lib/gcc/arm-none-eabi/13.2.1/../../../../arm-none-eabi/lib/thumb/v7e-m+fp/hard/libc_nano.a(libc_a-ctype_.o)
 .bss           0x200110d0        0x0 /home/jger/EDA223/Arm_GNU_Toolchain/arm-gnu-toolchain-13.2.Rel1-x86_64-arm-none-eabi/bin/../lib/gcc/arm-none-eabi/13.2.1/../../../../arm-none-eabi/lib/thumb/v7e-m+fp/hard/libc_nano.a(libc_a-sbrkr.o)
 .bss           0x200110d0        0x0 /home/jger/EDA223/Arm_GNU_Toolchain/arm-gnu-toolchain-13.2.Rel1-x86_64-arm-none-eabi/bin/../lib/gcc/arm-none-eabi/13.2.1/../../../../arm-none-eabi/lib/thumb/v7e-m+fp/hard/libc_nano.a(libc_a-errno.o)
 .bss           0x200110d0        0x0 /home/jger/EDA223/Arm_GNU_Toolchain/arm-gnu-toolchain-13.2.Rel1-x86_64-arm-none-eabi/bin/../lib/gcc/arm-none-eabi/13.2.1/../../../../arm-none-eabi/lib/thumb/v7e-m+fp/hard/libc_nano.a(libc_a-memmove.o)
 .bss           0x200110d0        0x0 /home/jger/EDA223/Arm_GNU_Toolchain/arm-gnu-toolchain-13.2.Rel1-x86_64-arm-none-eabi/bin/../lib/gcc/arm-none-eabi/13.2.1/../../../../arm-none-eabi/lib/thumb/v7e-m+fp/hard/libc_nano.a(libc_a-reallocr.o)
 .bss           0x200110d0        0x0 /home/jger/EDA223/Arm_GNU_Toolchain/arm-gnu-toolchain-13.2.Rel1-x86_64-arm-none-eabi/bin/../lib/gcc/arm-none-eabi/13.2.1/../../../../arm-none-eabi/lib/thumb/v7e-m+fp/hard/libc_nano.a(libc_a-freer.o)
 .bss           0x200110d0        0x0 /home/jger/EDA223/Arm_GNU_Toolchain/arm-gnu-toolchain-13.2.Rel1-x86_64-arm-none-eabi/bin/../lib/gcc/arm-none-eabi/13.2.1/../../../../arm-none-eabi/lib/thumb/v7e-m+fp/hard/libc_nano.a(libc_a-lock.o)
 .bss           0x200110d0        0x0 /home/jger/EDA223/Arm_GNU_Toolchain/arm-gnu-toolchain-13.2.Rel1-x86_64-arm-none-eabi/bin/../lib/gcc/arm-none-eabi/13.2.1/../../../../arm-none-eabi/lib/thumb/v7e-m+fp/hard/libc_nano.a(libc_a-reent.o)
 .bss           0x200110d0        0x0 /home/jger/EDA223/Arm_GNU_Toolchain/arm-gnu-toolchain-13.2.Rel1-x86_64-arm-none-eabi/bin/../lib/gcc/arm-none-eabi/13.2.1/../../../../arm-none-eabi/lib/thumb/v7e-m+fp/hard/libc_nano.a(libc_a-msizer.o)
 *(.bss.*)
 .bss.__malloc_sbrk_start
                0x200110d0        0x4 /home/jger/EDA223/Arm_GNU_Toolchain/arm-gnu-toolchain-13.2.Rel1-x86_64-arm-none-eabi/bin/../lib/gcc/arm-none-eabi/13.2.1/../../../../arm-none-eabi/lib/thumb/v7e-m+fp/hard/libc_nano.a(libc_a-mallocr.o)
                0x200110d0                __malloc_sbrk_start
 .bss.__malloc_free_list
                0x200110d4        0x4 /home/jger/EDA223/Arm_GNU_Toolchain/arm-gnu-toolchain-13.2.Rel1-x86_64-arm-none-eabi/bin/../lib/gcc/arm-none-eabi/13.2.1/../../../../arm-none-eabi/lib/thumb/v7e-m+fp/hard/libc_nano.a(libc_a-mallocr.o)
                0x200110d4                __malloc_free_list
 .bss.__lock___arc4random_mutex
                0x200110d8        0x1 /home/jger/EDA223/Arm_GNU_Toolchain/arm-gnu-toolchain-13.2.Rel1-x86_64-arm-none-eabi/bin/../lib/gcc/arm-none-eabi/13.2.1/../../../../arm-none-eabi/lib/thumb/v7e-m+fp/hard/libc_nano.a(libc_a-lock.o)
                0x200110d8                __lock___arc4random_mutex
 .bss.__lock___dd_hash_mutex
                0x200110d9        0x1 /home/jger/EDA223/Arm_GNU_Toolchain/arm-gnu-toolchain-13.2.Rel1-x86_64-arm-none-eabi/bin/../lib/gcc/arm-none-eabi/13.2.1/../../../../arm-none-eabi/lib/thumb/v7e-m+fp/hard/libc_nano.a(libc_a-lock.o)
                0x200110d9                __lock___dd_hash_mutex
 .bss.__lock___tz_mutex
                0x200110da        0x1 /home/jger/EDA223/Arm_GNU_Toolchain/arm-gnu-toolchain-13.2.Rel1-x86_64-arm-none-eabi/bin/../lib/gcc/arm-none-eabi/13.2.1/../../../../arm-none-eabi/lib/thumb/v7e-m+fp/hard/libc_nano.a(libc_a-lock.o)
                0x200110da                __lock___tz_mutex
 .bss.__lock___env_recursive_mutex
                0x200110db        0x1 /home/jger/EDA223/Arm_GNU_Toolchain/arm-gnu-toolchain-13.2.Rel1-x86_64-arm-none-eabi/bin/../lib/gcc/arm-none-eabi/13.2.1/../../../../arm-none-eabi/lib/thumb/v7e-m+fp/hard/libc_nano.a(libc_a-lock.o)
                0x200110db                __lock___env_recursive_mutex
 .bss.__lock___malloc_recursive_mutex
                0x200110dc        0x1 /home/jger/EDA223/Arm_GNU_Toolchain/arm-gnu-toolchain-13.2.Rel1-x86_64-arm-none-eabi/bin/../lib/gcc/arm-none-eabi/13.2.1/../../../../arm-none-eabi/lib/thumb/v7e-m+fp/hard/libc_nano.a(libc_a-lock.o)
                0x200110dc                __lock___malloc_recursive_mutex
 .bss.__lock___at_quick_exit_mutex
                0x200110dd        0x1 /home/jger/EDA223/Arm_GNU_Toolchain/arm-gnu-toolchain-13.2.Rel1-x86_64-arm-none-eabi/bin/../lib/gcc/arm-none-eabi/13.2.1/../../../../arm-none-eabi/lib/thumb/v7e-m+fp/hard/libc_nano.a(libc_a-lock.o)
                0x200110dd                __lock___at_quick_exit_mutex
 .bss.__lock___atexit_recursive_mutex
                0x200110de        0x1 /home/jger/EDA223/Arm_GNU_Toolchain/arm-gnu-toolchain-13.2.Rel1-x86_64-arm-none-eabi/bin/../lib/gcc/arm-none-eabi/13.2.1/../../../../arm-none-eabi/lib/thumb/v7e-m+fp/hard/libc_nano.a(libc_a-lock.o)
                0x200110de                __lock___atexit_recursive_mutex
 .bss.__lock___sfp_recursive_mutex
                0x200110df        0x1 /home/jger/EDA223/Arm_GNU_Toolchain/arm-gnu-toolchain-13.2.Rel1-x86_64-arm-none-eabi/bin/../lib/gcc/arm-none-eabi/13.2.1/../../../../arm-none-eabi/lib/thumb/v7e-m+fp/hard/libc_nano.a(libc_a-lock.o)
                0x200110df                __lock___sfp_recursive_mutex
 .bss.errno     0x200110e0        0x4 /home/jger/EDA223/Arm_GNU_Toolchain/arm-gnu-toolchain-13.2.Rel1-x86_64-arm-none-eabi/bin/../lib/gcc/arm-none-eabi/13.2.1/../../../../arm-none-eabi/lib/thumb/v7e-m+fp/hard/libc_nano.a(libc_a-reent.o)
                0x200110e0                errno
 *(COMMON)
                0x200110e4                        . = ALIGN (0x4)
                0x200110e4                        _ebss = .
                0x200110e4                        PROVIDE (end = _ebss)
                [!provide]                        PROVIDE (_end = _ebss)
OUTPUT(./Debug/RTS-Lab.elf elf32-littlearm)
LOAD linker stubs

.debug_info     0x00000000     0x97cf
 .debug_info    0x00000000      0xc29 ./Debug/startup.c.o
 .debug_info    0x00000c29      0xe78 ./Debug/canTinyTimber.c.o
 .debug_info    0x00001aa1      0x9e2 ./Debug/application.c.o
 .debug_info    0x00002483     0x18b3 ./Debug/TinyTimber.c.o
 .debug_info    0x00003d36      0x608 ./Debug/driver_src_stm32f4xx_gpio.c.o
 .debug_info    0x0000433e      0x61b ./Debug/driver_src_stm32f4xx_dac.c.o
 .debug_info    0x00004959      0x284 ./Debug/driver_src_stm32f4xx_syscfg.c.o
 .debug_info    0x00004bdd      0xda3 ./Debug/driver_src_stm32f4xx_rcc.c.o
 .debug_info    0x00005980     0x1bf1 ./Debug/driver_src_stm32f4xx_tim.c.o
 .debug_info    0x00007571      0x9be ./Debug/driver_src_stm32f4xx_usart.c.o
 .debug_info    0x00007f2f      0xa14 ./Debug/sciTinyTimber.c.o
 .debug_info    0x00008943      0xb71 ./Debug/driver_src_stm32f4xx_can.c.o
 .debug_info    0x000094b4      0x31b ./Debug/driver_src_stm32f4xx_exti.c.o

.debug_abbrev   0x00000000     0x1e96
 .debug_abbrev  0x00000000      0x2c3 ./Debug/startup.c.o
 .debug_abbrev  0x000002c3      0x2c8 ./Debug/canTinyTimber.c.o
 .debug_abbrev  0x0000058b      0x29d ./Debug/application.c.o
 .debug_abbrev  0x00000828      0x536 ./Debug/TinyTimber.c.o
 .debug_abbrev  0x00000d5e      0x1ec ./Debug/driver_src_stm32f4xx_gpio.c.o
 .debug_abbrev  0x00000f4a      0x1c0 ./Debug/driver_src_stm32f4xx_dac.c.o
 .debug_abbrev  0x0000110a      0x161 ./Debug/driver_src_stm32f4xx_syscfg.c.o
 .debug_abbrev  0x0000126b      0x1df ./Debug/driver_src_stm32f4xx_rcc.c.o
 .debug_abbrev  0x0000144a      0x1cc ./Debug/driver_src_stm32f4xx_tim.c.o
 .debug_abbrev  0x00001616      0x1af ./Debug/driver_src_stm32f4xx_usart.c.o
 .debug_abbrev  0x000017c5      0x2c0 ./Debug/sciTinyTimber.c.o
 .debug_abbrev  0x00001a85      0x240 ./Debug/driver_src_stm32f4xx_can.c.o
 .debug_abbrev  0x00001cc5      0x1d1 ./Debug/driver_src_stm32f4xx_exti.c.o

.debug_aranges  0x00000000      0x1a8
 .debug_aranges
                0x00000000       0x28 ./Debug/startup.c.o
 .debug_aranges
                0x00000028       0x20 ./Debug/canTinyTimber.c.o
 .debug_aranges
                0x00000048       0x20 ./Debug/application.c.o
 .debug_aranges
                0x00000068       0x20 ./Debug/TinyTimber.c.o
 .debug_aranges
                0x00000088       0x20 ./Debug/driver_src_stm32f4xx_gpio.c.o
 .debug_aranges
                0x000000a8       0x20 ./Debug/driver_src_stm32f4xx_dac.c.o
 .debug_aranges
                0x000000c8       0x20 ./Debug/driver_src_stm32f4xx_syscfg.c.o
 .debug_aranges
                0x000000e8       0x20 ./Debug/driver_src_stm32f4xx_rcc.c.o
 .debug_aranges
                0x00000108       0x20 ./Debug/driver_src_stm32f4xx_tim.c.o
 .debug_aranges
                0x00000128       0x20 ./Debug/driver_src_stm32f4xx_usart.c.o
 .debug_aranges
                0x00000148       0x20 ./Debug/sciTinyTimber.c.o
 .debug_aranges
                0x00000168       0x20 ./Debug/driver_src_stm32f4xx_can.c.o
 .debug_aranges
                0x00000188       0x20 ./Debug/driver_src_stm32f4xx_exti.c.o

.debug_rnglists
                0x00000000       0x1a
 .debug_rnglists
                0x00000000       0x1a ./Debug/startup.c.o

.debug_line     0x00000000     0x50c6
 .debug_line    0x00000000      0x422 ./Debug/startup.c.o
 .debug_line    0x00000422      0x46a ./Debug/canTinyTimber.c.o
 .debug_line    0x0000088c      0x480 ./Debug/application.c.o
 .debug_line    0x00000d0c      0xb38 ./Debug/TinyTimber.c.o
 .debug_line    0x00001844      0x4a6 ./Debug/driver_src_stm32f4xx_gpio.c.o
 .debug_line    0x00001cea      0x463 ./Debug/driver_src_stm32f4xx_dac.c.o
 .debug_line    0x0000214d      0x2d3 ./Debug/driver_src_stm32f4xx_syscfg.c.o
 .debug_line    0x00002420      0x84a ./Debug/driver_src_stm32f4xx_rcc.c.o
 .debug_line    0x00002c6a      0xcc7 ./Debug/driver_src_stm32f4xx_tim.c.o
 .debug_line    0x00003931      0x658 ./Debug/driver_src_stm32f4xx_usart.c.o
 .debug_line    0x00003f89      0x38c ./Debug/sciTinyTimber.c.o
 .debug_line    0x00004315      0xa37 ./Debug/driver_src_stm32f4xx_can.c.o
 .debug_line    0x00004d4c      0x37a ./Debug/driver_src_stm32f4xx_exti.c.o

.debug_str      0x00000000     0x344a
 .debug_str     0x00000000     0x344a ./Debug/startup.c.o
                                0x8e7 (size before relaxing)
 .debug_str     0x0000344a      0xab0 ./Debug/canTinyTimber.c.o
 .debug_str     0x0000344a      0x496 ./Debug/application.c.o
 .debug_str     0x0000344a      0xd6a ./Debug/TinyTimber.c.o
 .debug_str     0x0000344a      0x4df ./Debug/driver_src_stm32f4xx_gpio.c.o
 .debug_str     0x0000344a      0x47f ./Debug/driver_src_stm32f4xx_dac.c.o
 .debug_str     0x0000344a      0x33a ./Debug/driver_src_stm32f4xx_syscfg.c.o
 .debug_str     0x0000344a      0x9aa ./Debug/driver_src_stm32f4xx_rcc.c.o
 .debug_str     0x0000344a      0xe13 ./Debug/driver_src_stm32f4xx_tim.c.o
 .debug_str     0x0000344a      0x6e4 ./Debug/driver_src_stm32f4xx_usart.c.o
 .debug_str     0x0000344a      0x909 ./Debug/sciTinyTimber.c.o
 .debug_str     0x0000344a      0x76a ./Debug/driver_src_stm32f4xx_can.c.o
 .debug_str     0x0000344a      0x361 ./Debug/driver_src_stm32f4xx_exti.c.o

.comment        0x00000000       0x44
 .comment       0x00000000       0x44 ./Debug/startup.c.o
                                 0x45 (size before relaxing)
 .comment       0x00000044       0x45 ./Debug/canTinyTimber.c.o
 .comment       0x00000044       0x45 ./Debug/application.c.o
 .comment       0x00000044       0x45 ./Debug/TinyTimber.c.o
 .comment       0x00000044       0x45 ./Debug/driver_src_stm32f4xx_gpio.c.o
 .comment       0x00000044       0x45 ./Debug/driver_src_stm32f4xx_dac.c.o
 .comment       0x00000044       0x45 ./Debug/driver_src_stm32f4xx_syscfg.c.o
 .comment       0x00000044       0x45 ./Debug/driver_src_stm32f4xx_rcc.c.o
 .comment       0x00000044       0x45 ./Debug/driver_src_stm32f4xx_tim.c.o
 .comment       0x00000044       0x45 ./Debug/driver_src_stm32f4xx_usart.c.o
 .comment       0x00000044       0x45 ./Debug/sciTinyTimber.c.o
 .comment       0x00000044       0x45 ./Debug/driver_src_stm32f4xx_can.c.o
 .comment       0x00000044       0x45 ./Debug/driver_src_stm32f4xx_exti.c.o

.ARM.attributes
                0x00000000       0x32
 .ARM.attributes
                0x00000000       0x34 ./Debug/startup.c.o
 .ARM.attributes
                0x00000034       0x34 ./Debug/canTinyTimber.c.o
 .ARM.attributes
                0x00000068       0x34 ./Debug/application.c.o
 .ARM.attributes
                0x0000009c       0x34 ./Debug/TinyTimber.c.o
 .ARM.attributes
                0x000000d0       0x34 ./Debug/driver_src_stm32f4xx_gpio.c.o
 .ARM.attributes
                0x00000104       0x34 ./Debug/driver_src_stm32f4xx_dac.c.o
 .ARM.attributes
                0x00000138       0x34 ./Debug/driver_src_stm32f4xx_syscfg.c.o
 .ARM.attributes
                0x0000016c       0x34 ./Debug/driver_src_stm32f4xx_rcc.c.o
 .ARM.attributes
                0x000001a0       0x34 ./Debug/driver_src_stm32f4xx_tim.c.o
 .ARM.attributes
                0x000001d4       0x34 ./Debug/driver_src_stm32f4xx_usart.c.o
 .ARM.attributes
                0x00000208       0x34 ./Debug/sciTinyTimber.c.o
 .ARM.attributes
                0x0000023c       0x34 ./Debug/driver_src_stm32f4xx_can.c.o
 .ARM.attributes
                0x00000270       0x34 ./Debug/driver_src_stm32f4xx_exti.c.o
 .ARM.attributes
                0x000002a4       0x25 ./Debug/dispatch.s.o
 .ARM.attributes
                0x000002c9       0x22 /home/jger/EDA223/Arm_GNU_Toolchain/arm-gnu-toolchain-13.2.Rel1-x86_64-arm-none-eabi/bin/../lib/gcc/arm-none-eabi/13.2.1/thumb/v7e-m+fp/hard/libgcc.a(_arm_muldf3.o)
 .ARM.attributes
                0x000002eb       0x22 /home/jger/EDA223/Arm_GNU_Toolchain/arm-gnu-toolchain-13.2.Rel1-x86_64-arm-none-eabi/bin/../lib/gcc/arm-none-eabi/13.2.1/thumb/v7e-m+fp/hard/libgcc.a(_arm_addsubdf3.o)
 .ARM.attributes
                0x0000030d       0x22 /home/jger/EDA223/Arm_GNU_Toolchain/arm-gnu-toolchain-13.2.Rel1-x86_64-arm-none-eabi/bin/../lib/gcc/arm-none-eabi/13.2.1/thumb/v7e-m+fp/hard/libgcc.a(_arm_fixdfsi.o)
 .ARM.attributes
                0x0000032f       0x34 /home/jger/EDA223/Arm_GNU_Toolchain/arm-gnu-toolchain-13.2.Rel1-x86_64-arm-none-eabi/bin/../lib/gcc/arm-none-eabi/13.2.1/../../../../arm-none-eabi/lib/thumb/v7e-m+fp/hard/libc_nano.a(libc_a-snprintf.o)
 .ARM.attributes
                0x00000363       0x34 /home/jger/EDA223/Arm_GNU_Toolchain/arm-gnu-toolchain-13.2.Rel1-x86_64-arm-none-eabi/bin/../lib/gcc/arm-none-eabi/13.2.1/../../../../arm-none-eabi/lib/thumb/v7e-m+fp/hard/libc_nano.a(libc_a-atoi.o)
 .ARM.attributes
                0x00000397       0x34 /home/jger/EDA223/Arm_GNU_Toolchain/arm-gnu-toolchain-13.2.Rel1-x86_64-arm-none-eabi/bin/../lib/gcc/arm-none-eabi/13.2.1/../../../../arm-none-eabi/lib/thumb/v7e-m+fp/hard/libc_nano.a(libc_a-strtol.o)
 .ARM.attributes
                0x000003cb       0x34 /home/jger/EDA223/Arm_GNU_Toolchain/arm-gnu-toolchain-13.2.Rel1-x86_64-arm-none-eabi/bin/../lib/gcc/arm-none-eabi/13.2.1/../../../../arm-none-eabi/lib/thumb/v7e-m+fp/hard/libc_nano.a(libc_a-nano-svfprintf.o)
 .ARM.attributes
                0x000003ff       0x34 /home/jger/EDA223/Arm_GNU_Toolchain/arm-gnu-toolchain-13.2.Rel1-x86_64-arm-none-eabi/bin/../lib/gcc/arm-none-eabi/13.2.1/../../../../arm-none-eabi/lib/thumb/v7e-m+fp/hard/libc_nano.a(libc_a-nano-vfprintf_i.o)
 .ARM.attributes
                0x00000433       0x34 /home/jger/EDA223/Arm_GNU_Toolchain/arm-gnu-toolchain-13.2.Rel1-x86_64-arm-none-eabi/bin/../lib/gcc/arm-none-eabi/13.2.1/../../../../arm-none-eabi/lib/thumb/v7e-m+fp/hard/libc_nano.a(libc_a-impure.o)
 .ARM.attributes
                0x00000467       0x1c /home/jger/EDA223/Arm_GNU_Toolchain/arm-gnu-toolchain-13.2.Rel1-x86_64-arm-none-eabi/bin/../lib/gcc/arm-none-eabi/13.2.1/../../../../arm-none-eabi/lib/thumb/v7e-m+fp/hard/libc_nano.a(libc_a-memchr.o)
 .ARM.attributes
                0x00000483       0x34 /home/jger/EDA223/Arm_GNU_Toolchain/arm-gnu-toolchain-13.2.Rel1-x86_64-arm-none-eabi/bin/../lib/gcc/arm-none-eabi/13.2.1/../../../../arm-none-eabi/lib/thumb/v7e-m+fp/hard/libc_nano.a(libc_a-memcpy-stub.o)
 .ARM.attributes
                0x000004b7       0x34 /home/jger/EDA223/Arm_GNU_Toolchain/arm-gnu-toolchain-13.2.Rel1-x86_64-arm-none-eabi/bin/../lib/gcc/arm-none-eabi/13.2.1/../../../../arm-none-eabi/lib/thumb/v7e-m+fp/hard/libc_nano.a(libc_a-mallocr.o)
 .ARM.attributes
                0x000004eb       0x34 /home/jger/EDA223/Arm_GNU_Toolchain/arm-gnu-toolchain-13.2.Rel1-x86_64-arm-none-eabi/bin/../lib/gcc/arm-none-eabi/13.2.1/../../../../arm-none-eabi/lib/thumb/v7e-m+fp/hard/libc_nano.a(libc_a-mlock.o)
 .ARM.attributes
                0x0000051f       0x34 /home/jger/EDA223/Arm_GNU_Toolchain/arm-gnu-toolchain-13.2.Rel1-x86_64-arm-none-eabi/bin/../lib/gcc/arm-none-eabi/13.2.1/../../../../arm-none-eabi/lib/thumb/v7e-m+fp/hard/libc_nano.a(libc_a-ctype_.o)
 .ARM.attributes
                0x00000553       0x34 /home/jger/EDA223/Arm_GNU_Toolchain/arm-gnu-toolchain-13.2.Rel1-x86_64-arm-none-eabi/bin/../lib/gcc/arm-none-eabi/13.2.1/../../../../arm-none-eabi/lib/thumb/v7e-m+fp/hard/libc_nano.a(libc_a-sbrkr.o)
 .ARM.attributes
                0x00000587       0x34 /home/jger/EDA223/Arm_GNU_Toolchain/arm-gnu-toolchain-13.2.Rel1-x86_64-arm-none-eabi/bin/../lib/gcc/arm-none-eabi/13.2.1/../../../../arm-none-eabi/lib/thumb/v7e-m+fp/hard/libc_nano.a(libc_a-errno.o)
 .ARM.attributes
                0x000005bb       0x34 /home/jger/EDA223/Arm_GNU_Toolchain/arm-gnu-toolchain-13.2.Rel1-x86_64-arm-none-eabi/bin/../lib/gcc/arm-none-eabi/13.2.1/../../../../arm-none-eabi/lib/thumb/v7e-m+fp/hard/libc_nano.a(libc_a-memmove.o)
 .ARM.attributes
                0x000005ef       0x34 /home/jger/EDA223/Arm_GNU_Toolchain/arm-gnu-toolchain-13.2.Rel1-x86_64-arm-none-eabi/bin/../lib/gcc/arm-none-eabi/13.2.1/../../../../arm-none-eabi/lib/thumb/v7e-m+fp/hard/libc_nano.a(libc_a-reallocr.o)
 .ARM.attributes
                0x00000623       0x34 /home/jger/EDA223/Arm_GNU_Toolchain/arm-gnu-toolchain-13.2.Rel1-x86_64-arm-none-eabi/bin/../lib/gcc/arm-none-eabi/13.2.1/../../../../arm-none-eabi/lib/thumb/v7e-m+fp/hard/libc_nano.a(libc_a-freer.o)
 .ARM.attributes
                0x00000657       0x34 /home/jger/EDA223/Arm_GNU_Toolchain/arm-gnu-toolchain-13.2.Rel1-x86_64-arm-none-eabi/bin/../lib/gcc/arm-none-eabi/13.2.1/../../../../arm-none-eabi/lib/thumb/v7e-m+fp/hard/libc_nano.a(libc_a-lock.o)
 .ARM.attributes
                0x0000068b       0x34 /home/jger/EDA223/Arm_GNU_Toolchain/arm-gnu-toolchain-13.2.Rel1-x86_64-arm-none-eabi/bin/../lib/gcc/arm-none-eabi/13.2.1/../../../../arm-none-eabi/lib/thumb/v7e-m+fp/hard/libc_nano.a(libc_a-reent.o)
 .ARM.attributes
                0x000006bf       0x34 /home/jger/EDA223/Arm_GNU_Toolchain/arm-gnu-toolchain-13.2.Rel1-x86_64-arm-none-eabi/bin/../lib/gcc/arm-none-eabi/13.2.1/../../../../arm-none-eabi/lib/thumb/v7e-m+fp/hard/libc_nano.a(libc_a-msizer.o)

.debug_frame    0x00000000     0x357c
 .debug_frame   0x00000000      0x14c ./Debug/startup.c.o
 .debug_frame   0x0000014c      0x100 ./Debug/canTinyTimber.c.o
 .debug_frame   0x0000024c       0xc4 ./Debug/application.c.o
 .debug_frame   0x00000310      0x57c ./Debug/TinyTimber.c.o
 .debug_frame   0x0000088c      0x23c ./Debug/driver_src_stm32f4xx_gpio.c.o
 .debug_frame   0x00000ac8      0x2ac ./Debug/driver_src_stm32f4xx_dac.c.o
 .debug_frame   0x00000d74      0x11c ./Debug/driver_src_stm32f4xx_syscfg.c.o
 .debug_frame   0x00000e90      0x814 ./Debug/driver_src_stm32f4xx_rcc.c.o
 .debug_frame   0x000016a4      0xe54 ./Debug/driver_src_stm32f4xx_tim.c.o
 .debug_frame   0x000024f8      0x490 ./Debug/driver_src_stm32f4xx_usart.c.o
 .debug_frame   0x00002988      0x11c ./Debug/sciTinyTimber.c.o
 .debug_frame   0x00002aa4      0x3f8 ./Debug/driver_src_stm32f4xx_can.c.o
 .debug_frame   0x00002e9c      0x148 ./Debug/driver_src_stm32f4xx_exti.c.o
 .debug_frame   0x00002fe4       0x30 /home/jger/EDA223/Arm_GNU_Toolchain/arm-gnu-toolchain-13.2.Rel1-x86_64-arm-none-eabi/bin/../lib/gcc/arm-none-eabi/13.2.1/thumb/v7e-m+fp/hard/libgcc.a(_arm_muldf3.o)
 .debug_frame   0x00003014       0xac /home/jger/EDA223/Arm_GNU_Toolchain/arm-gnu-toolchain-13.2.Rel1-x86_64-arm-none-eabi/bin/../lib/gcc/arm-none-eabi/13.2.1/thumb/v7e-m+fp/hard/libgcc.a(_arm_addsubdf3.o)
 .debug_frame   0x000030c0       0x24 /home/jger/EDA223/Arm_GNU_Toolchain/arm-gnu-toolchain-13.2.Rel1-x86_64-arm-none-eabi/bin/../lib/gcc/arm-none-eabi/13.2.1/thumb/v7e-m+fp/hard/libgcc.a(_arm_fixdfsi.o)
 .debug_frame   0x000030e4       0x7c /home/jger/EDA223/Arm_GNU_Toolchain/arm-gnu-toolchain-13.2.Rel1-x86_64-arm-none-eabi/bin/../lib/gcc/arm-none-eabi/13.2.1/../../../../arm-none-eabi/lib/thumb/v7e-m+fp/hard/libc_nano.a(libc_a-snprintf.o)
 .debug_frame   0x00003160       0x30 /home/jger/EDA223/Arm_GNU_Toolchain/arm-gnu-toolchain-13.2.Rel1-x86_64-arm-none-eabi/bin/../lib/gcc/arm-none-eabi/13.2.1/../../../../arm-none-eabi/lib/thumb/v7e-m+fp/hard/libc_nano.a(libc_a-atoi.o)
 .debug_frame   0x00003190       0x64 /home/jger/EDA223/Arm_GNU_Toolchain/arm-gnu-toolchain-13.2.Rel1-x86_64-arm-none-eabi/bin/../lib/gcc/arm-none-eabi/13.2.1/../../../../arm-none-eabi/lib/thumb/v7e-m+fp/hard/libc_nano.a(libc_a-strtol.o)
 .debug_frame   0x000031f4       0x90 /home/jger/EDA223/Arm_GNU_Toolchain/arm-gnu-toolchain-13.2.Rel1-x86_64-arm-none-eabi/bin/../lib/gcc/arm-none-eabi/13.2.1/../../../../arm-none-eabi/lib/thumb/v7e-m+fp/hard/libc_nano.a(libc_a-nano-svfprintf.o)
 .debug_frame   0x00003284       0x60 /home/jger/EDA223/Arm_GNU_Toolchain/arm-gnu-toolchain-13.2.Rel1-x86_64-arm-none-eabi/bin/../lib/gcc/arm-none-eabi/13.2.1/../../../../arm-none-eabi/lib/thumb/v7e-m+fp/hard/libc_nano.a(libc_a-nano-vfprintf_i.o)
 .debug_frame   0x000032e4       0x28 /home/jger/EDA223/Arm_GNU_Toolchain/arm-gnu-toolchain-13.2.Rel1-x86_64-arm-none-eabi/bin/../lib/gcc/arm-none-eabi/13.2.1/../../../../arm-none-eabi/lib/thumb/v7e-m+fp/hard/libc_nano.a(libc_a-memcpy-stub.o)
 .debug_frame   0x0000330c       0x50 /home/jger/EDA223/Arm_GNU_Toolchain/arm-gnu-toolchain-13.2.Rel1-x86_64-arm-none-eabi/bin/../lib/gcc/arm-none-eabi/13.2.1/../../../../arm-none-eabi/lib/thumb/v7e-m+fp/hard/libc_nano.a(libc_a-mallocr.o)
 .debug_frame   0x0000335c       0x30 /home/jger/EDA223/Arm_GNU_Toolchain/arm-gnu-toolchain-13.2.Rel1-x86_64-arm-none-eabi/bin/../lib/gcc/arm-none-eabi/13.2.1/../../../../arm-none-eabi/lib/thumb/v7e-m+fp/hard/libc_nano.a(libc_a-mlock.o)
 .debug_frame   0x0000338c       0x2c /home/jger/EDA223/Arm_GNU_Toolchain/arm-gnu-toolchain-13.2.Rel1-x86_64-arm-none-eabi/bin/../lib/gcc/arm-none-eabi/13.2.1/../../../../arm-none-eabi/lib/thumb/v7e-m+fp/hard/libc_nano.a(libc_a-sbrkr.o)
 .debug_frame   0x000033b8       0x20 /home/jger/EDA223/Arm_GNU_Toolchain/arm-gnu-toolchain-13.2.Rel1-x86_64-arm-none-eabi/bin/../lib/gcc/arm-none-eabi/13.2.1/../../../../arm-none-eabi/lib/thumb/v7e-m+fp/hard/libc_nano.a(libc_a-errno.o)
 .debug_frame   0x000033d8       0x28 /home/jger/EDA223/Arm_GNU_Toolchain/arm-gnu-toolchain-13.2.Rel1-x86_64-arm-none-eabi/bin/../lib/gcc/arm-none-eabi/13.2.1/../../../../arm-none-eabi/lib/thumb/v7e-m+fp/hard/libc_nano.a(libc_a-memmove.o)
 .debug_frame   0x00003400       0x3c /home/jger/EDA223/Arm_GNU_Toolchain/arm-gnu-toolchain-13.2.Rel1-x86_64-arm-none-eabi/bin/../lib/gcc/arm-none-eabi/13.2.1/../../../../arm-none-eabi/lib/thumb/v7e-m+fp/hard/libc_nano.a(libc_a-reallocr.o)
 .debug_frame   0x0000343c       0x38 /home/jger/EDA223/Arm_GNU_Toolchain/arm-gnu-toolchain-13.2.Rel1-x86_64-arm-none-eabi/bin/../lib/gcc/arm-none-eabi/13.2.1/../../../../arm-none-eabi/lib/thumb/v7e-m+fp/hard/libc_nano.a(libc_a-freer.o)
 .debug_frame   0x00003474       0xb0 /home/jger/EDA223/Arm_GNU_Toolchain/arm-gnu-toolchain-13.2.Rel1-x86_64-arm-none-eabi/bin/../lib/gcc/arm-none-eabi/13.2.1/../../../../arm-none-eabi/lib/thumb/v7e-m+fp/hard/libc_nano.a(libc_a-lock.o)
 .debug_frame   0x00003524       0x38 /home/jger/EDA223/Arm_GNU_Toolchain/arm-gnu-toolchain-13.2.Rel1-x86_64-arm-none-eabi/bin/../lib/gcc/arm-none-eabi/13.2.1/../../../../arm-none-eabi/lib/thumb/v7e-m+fp/hard/libc_nano.a(libc_a-reent.o)
 .debug_frame   0x0000355c       0x20 /home/jger/EDA223/Arm_GNU_Toolchain/arm-gnu-toolchain-13.2.Rel1-x86_64-arm-none-eabi/bin/../lib/gcc/arm-none-eabi/13.2.1/../../../../arm-none-eabi/lib/thumb/v7e-m+fp/hard/libc_nano.a(libc_a-msizer.o)

.debug_line_str
                0x00000000      0x1a1
 .debug_line_str
                0x00000000      0x1a1 /home/jger/EDA223/Arm_GNU_Toolchain/arm-gnu-toolchain-13.2.Rel1-x86_64-arm-none-eabi/bin/../lib/gcc/arm-none-eabi/13.2.1/thumb/v7e-m+fp/hard/libgcc.a(_arm_muldf3.o)
                                 0xc7 (size before relaxing)
 .debug_line_str
                0x000001a1       0xc7 /home/jger/EDA223/Arm_GNU_Toolchain/arm-gnu-toolchain-13.2.Rel1-x86_64-arm-none-eabi/bin/../lib/gcc/arm-none-eabi/13.2.1/thumb/v7e-m+fp/hard/libgcc.a(_arm_addsubdf3.o)
 .debug_line_str
                0x000001a1       0xc7 /home/jger/EDA223/Arm_GNU_Toolchain/arm-gnu-toolchain-13.2.Rel1-x86_64-arm-none-eabi/bin/../lib/gcc/arm-none-eabi/13.2.1/thumb/v7e-m+fp/hard/libgcc.a(_arm_fixdfsi.o)
 .debug_line_str
                0x000001a1       0xda /home/jger/EDA223/Arm_GNU_Toolchain/arm-gnu-toolchain-13.2.Rel1-x86_64-arm-none-eabi/bin/../lib/gcc/arm-none-eabi/13.2.1/../../../../arm-none-eabi/lib/thumb/v7e-m+fp/hard/libc_nano.a(libc_a-memchr.o)

Cross Reference Table

Symbol                                            File
ABORT                                             ./Debug/TinyTimber.c.o
CAN_CancelTransmit                                ./Debug/driver_src_stm32f4xx_can.c.o
CAN_ClearFlag                                     ./Debug/driver_src_stm32f4xx_can.c.o
CAN_ClearITPendingBit                             ./Debug/driver_src_stm32f4xx_can.c.o
CAN_DBGFreeze                                     ./Debug/driver_src_stm32f4xx_can.c.o
CAN_DeInit                                        ./Debug/driver_src_stm32f4xx_can.c.o
                                                  ./Debug/startup.c.o
CAN_FIFORelease                                   ./Debug/driver_src_stm32f4xx_can.c.o
CAN_FilterInit                                    ./Debug/driver_src_stm32f4xx_can.c.o
                                                  ./Debug/startup.c.o
CAN_GetFlagStatus                                 ./Debug/driver_src_stm32f4xx_can.c.o
                                                  ./Debug/canTinyTimber.c.o
CAN_GetITStatus                                   ./Debug/driver_src_stm32f4xx_can.c.o
CAN_GetLSBTransmitErrorCounter                    ./Debug/driver_src_stm32f4xx_can.c.o
CAN_GetLastErrorCode                              ./Debug/driver_src_stm32f4xx_can.c.o
CAN_GetReceiveErrorCounter                        ./Debug/driver_src_stm32f4xx_can.c.o
CAN_ITConfig                                      ./Debug/driver_src_stm32f4xx_can.c.o
                                                  ./Debug/canTinyTimber.c.o
CAN_Init                                          ./Debug/driver_src_stm32f4xx_can.c.o
                                                  ./Debug/canTinyTimber.c.o
CAN_MessagePending                                ./Debug/driver_src_stm32f4xx_can.c.o
CAN_OperatingModeRequest                          ./Debug/driver_src_stm32f4xx_can.c.o
CAN_Receive                                       ./Debug/driver_src_stm32f4xx_can.c.o
                                                  ./Debug/canTinyTimber.c.o
CAN_SlaveStartBank                                ./Debug/driver_src_stm32f4xx_can.c.o
CAN_Sleep                                         ./Debug/driver_src_stm32f4xx_can.c.o
CAN_StructInit                                    ./Debug/driver_src_stm32f4xx_can.c.o
                                                  ./Debug/canTinyTimber.c.o
CAN_TTComModeCmd                                  ./Debug/driver_src_stm32f4xx_can.c.o
CAN_Transmit                                      ./Debug/driver_src_stm32f4xx_can.c.o
                                                  ./Debug/canTinyTimber.c.o
CAN_TransmitStatus                                ./Debug/driver_src_stm32f4xx_can.c.o
CAN_WakeUp                                        ./Debug/driver_src_stm32f4xx_can.c.o
CURRENT_OFFSET                                    ./Debug/TinyTimber.c.o
DAC_ClearFlag                                     ./Debug/driver_src_stm32f4xx_dac.c.o
DAC_ClearITPendingBit                             ./Debug/driver_src_stm32f4xx_dac.c.o
DAC_Cmd                                           ./Debug/driver_src_stm32f4xx_dac.c.o
                                                  ./Debug/startup.c.o
DAC_DMACmd                                        ./Debug/driver_src_stm32f4xx_dac.c.o
DAC_DeInit                                        ./Debug/driver_src_stm32f4xx_dac.c.o
                                                  ./Debug/startup.c.o
DAC_DualSoftwareTriggerCmd                        ./Debug/driver_src_stm32f4xx_dac.c.o
DAC_GetDataOutputValue                            ./Debug/driver_src_stm32f4xx_dac.c.o
DAC_GetFlagStatus                                 ./Debug/driver_src_stm32f4xx_dac.c.o
DAC_GetITStatus                                   ./Debug/driver_src_stm32f4xx_dac.c.o
DAC_ITConfig                                      ./Debug/driver_src_stm32f4xx_dac.c.o
DAC_Init                                          ./Debug/driver_src_stm32f4xx_dac.c.o
                                                  ./Debug/startup.c.o
DAC_SetChannel1Data                               ./Debug/driver_src_stm32f4xx_dac.c.o
DAC_SetChannel2Data                               ./Debug/driver_src_stm32f4xx_dac.c.o
                                                  ./Debug/startup.c.o
DAC_SetDualChannelData                            ./Debug/driver_src_stm32f4xx_dac.c.o
DAC_SoftwareTriggerCmd                            ./Debug/driver_src_stm32f4xx_dac.c.o
DAC_StructInit                                    ./Debug/driver_src_stm32f4xx_dac.c.o
                                                  ./Debug/startup.c.o
DAC_WaveGenerationCmd                             ./Debug/driver_src_stm32f4xx_dac.c.o
DUMP                                              ./Debug/TinyTimber.c.o
                                                  ./Debug/dispatch.s.o
                                                  ./Debug/canTinyTimber.c.o
DUMPC                                             ./Debug/TinyTimber.c.o
DUMPD                                             ./Debug/TinyTimber.c.o
                                                  ./Debug/dispatch.s.o
DUMPH                                             ./Debug/TinyTimber.c.o
                                                  ./Debug/dispatch.s.o
EXTI_ClearFlag                                    ./Debug/driver_src_stm32f4xx_exti.c.o
EXTI_ClearITPendingBit                            ./Debug/driver_src_stm32f4xx_exti.c.o
EXTI_DeInit                                       ./Debug/driver_src_stm32f4xx_exti.c.o
                                                  ./Debug/startup.c.o
EXTI_GenerateSWInterrupt                          ./Debug/driver_src_stm32f4xx_exti.c.o
EXTI_GetFlagStatus                                ./Debug/driver_src_stm32f4xx_exti.c.o
EXTI_GetITStatus                                  ./Debug/driver_src_stm32f4xx_exti.c.o
EXTI_Init                                         ./Debug/driver_src_stm32f4xx_exti.c.o
                                                  ./Debug/startup.c.o
EXTI_StructInit                                   ./Debug/driver_src_stm32f4xx_exti.c.o
                                                  ./Debug/startup.c.o
GPIO_DeInit                                       ./Debug/driver_src_stm32f4xx_gpio.c.o
                                                  ./Debug/startup.c.o
GPIO_Init                                         ./Debug/driver_src_stm32f4xx_gpio.c.o
                                                  ./Debug/startup.c.o
GPIO_PinAFConfig                                  ./Debug/driver_src_stm32f4xx_gpio.c.o
                                                  ./Debug/startup.c.o
GPIO_PinLockConfig                                ./Debug/driver_src_stm32f4xx_gpio.c.o
GPIO_ReadInputData                                ./Debug/driver_src_stm32f4xx_gpio.c.o
GPIO_ReadInputDataBit                             ./Debug/driver_src_stm32f4xx_gpio.c.o
GPIO_ReadOutputData                               ./Debug/driver_src_stm32f4xx_gpio.c.o
GPIO_ReadOutputDataBit                            ./Debug/driver_src_stm32f4xx_gpio.c.o
GPIO_ResetBits                                    ./Debug/driver_src_stm32f4xx_gpio.c.o
GPIO_SetBits                                      ./Debug/driver_src_stm32f4xx_gpio.c.o
GPIO_StructInit                                   ./Debug/driver_src_stm32f4xx_gpio.c.o
                                                  ./Debug/startup.c.o
GPIO_ToggleBits                                   ./Debug/driver_src_stm32f4xx_gpio.c.o
GPIO_Write                                        ./Debug/driver_src_stm32f4xx_gpio.c.o
GPIO_WriteBit                                     ./Debug/driver_src_stm32f4xx_gpio.c.o
                                                  ./Debug/TinyTimber.c.o
                                                  ./Debug/startup.c.o
RCC_AHB1PeriphClockCmd                            ./Debug/driver_src_stm32f4xx_rcc.c.o
                                                  ./Debug/startup.c.o
RCC_AHB1PeriphClockLPModeCmd                      ./Debug/driver_src_stm32f4xx_rcc.c.o
RCC_AHB1PeriphResetCmd                            ./Debug/driver_src_stm32f4xx_rcc.c.o
                                                  ./Debug/driver_src_stm32f4xx_gpio.c.o
RCC_AHB2PeriphClockCmd                            ./Debug/driver_src_stm32f4xx_rcc.c.o
RCC_AHB2PeriphClockLPModeCmd                      ./Debug/driver_src_stm32f4xx_rcc.c.o
RCC_AHB2PeriphResetCmd                            ./Debug/driver_src_stm32f4xx_rcc.c.o
RCC_AHB3PeriphClockCmd                            ./Debug/driver_src_stm32f4xx_rcc.c.o
RCC_AHB3PeriphClockLPModeCmd                      ./Debug/driver_src_stm32f4xx_rcc.c.o
RCC_AHB3PeriphResetCmd                            ./Debug/driver_src_stm32f4xx_rcc.c.o
RCC_APB1PeriphClockCmd                            ./Debug/driver_src_stm32f4xx_rcc.c.o
                                                  ./Debug/startup.c.o
RCC_APB1PeriphClockLPModeCmd                      ./Debug/driver_src_stm32f4xx_rcc.c.o
                                                  ./Debug/startup.c.o
RCC_APB1PeriphResetCmd                            ./Debug/driver_src_stm32f4xx_rcc.c.o
                                                  ./Debug/driver_src_stm32f4xx_can.c.o
                                                  ./Debug/driver_src_stm32f4xx_usart.c.o
                                                  ./Debug/driver_src_stm32f4xx_tim.c.o
                                                  ./Debug/driver_src_stm32f4xx_dac.c.o
RCC_APB2PeriphClockCmd                            ./Debug/driver_src_stm32f4xx_rcc.c.o
                                                  ./Debug/startup.c.o
RCC_APB2PeriphClockLPModeCmd                      ./Debug/driver_src_stm32f4xx_rcc.c.o
RCC_APB2PeriphResetCmd                            ./Debug/driver_src_stm32f4xx_rcc.c.o
                                                  ./Debug/driver_src_stm32f4xx_usart.c.o
                                                  ./Debug/driver_src_stm32f4xx_tim.c.o
                                                  ./Debug/driver_src_stm32f4xx_syscfg.c.o
RCC_AdjustHSICalibrationValue                     ./Debug/driver_src_stm32f4xx_rcc.c.o
RCC_BackupResetCmd                                ./Debug/driver_src_stm32f4xx_rcc.c.o
RCC_ClearFlag                                     ./Debug/driver_src_stm32f4xx_rcc.c.o
RCC_ClearITPendingBit                             ./Debug/driver_src_stm32f4xx_rcc.c.o
RCC_ClockSecuritySystemCmd                        ./Debug/driver_src_stm32f4xx_rcc.c.o
RCC_DeInit                                        ./Debug/driver_src_stm32f4xx_rcc.c.o
RCC_GetClocksFreq                                 ./Debug/driver_src_stm32f4xx_rcc.c.o
                                                  ./Debug/driver_src_stm32f4xx_usart.c.o
RCC_GetFlagStatus                                 ./Debug/driver_src_stm32f4xx_rcc.c.o
RCC_GetITStatus                                   ./Debug/driver_src_stm32f4xx_rcc.c.o
RCC_GetSYSCLKSource                               ./Debug/driver_src_stm32f4xx_rcc.c.o
RCC_HCLKConfig                                    ./Debug/driver_src_stm32f4xx_rcc.c.o
RCC_HSEConfig                                     ./Debug/driver_src_stm32f4xx_rcc.c.o
RCC_HSICmd                                        ./Debug/driver_src_stm32f4xx_rcc.c.o
RCC_I2SCLKConfig                                  ./Debug/driver_src_stm32f4xx_rcc.c.o
RCC_ITConfig                                      ./Debug/driver_src_stm32f4xx_rcc.c.o
RCC_LSEConfig                                     ./Debug/driver_src_stm32f4xx_rcc.c.o
RCC_LSICmd                                        ./Debug/driver_src_stm32f4xx_rcc.c.o
RCC_LTDCCLKDivConfig                              ./Debug/driver_src_stm32f4xx_rcc.c.o
RCC_MCO1Config                                    ./Debug/driver_src_stm32f4xx_rcc.c.o
RCC_MCO2Config                                    ./Debug/driver_src_stm32f4xx_rcc.c.o
RCC_PCLK1Config                                   ./Debug/driver_src_stm32f4xx_rcc.c.o
RCC_PCLK2Config                                   ./Debug/driver_src_stm32f4xx_rcc.c.o
RCC_PLLCmd                                        ./Debug/driver_src_stm32f4xx_rcc.c.o
RCC_PLLConfig                                     ./Debug/driver_src_stm32f4xx_rcc.c.o
RCC_PLLI2SCmd                                     ./Debug/driver_src_stm32f4xx_rcc.c.o
RCC_PLLI2SConfig                                  ./Debug/driver_src_stm32f4xx_rcc.c.o
RCC_PLLSAICmd                                     ./Debug/driver_src_stm32f4xx_rcc.c.o
RCC_PLLSAIConfig                                  ./Debug/driver_src_stm32f4xx_rcc.c.o
RCC_RTCCLKCmd                                     ./Debug/driver_src_stm32f4xx_rcc.c.o
RCC_RTCCLKConfig                                  ./Debug/driver_src_stm32f4xx_rcc.c.o
RCC_SAIBlockACLKConfig                            ./Debug/driver_src_stm32f4xx_rcc.c.o
RCC_SAIBlockBCLKConfig                            ./Debug/driver_src_stm32f4xx_rcc.c.o
RCC_SAIPLLI2SClkDivConfig                         ./Debug/driver_src_stm32f4xx_rcc.c.o
RCC_SAIPLLSAIClkDivConfig                         ./Debug/driver_src_stm32f4xx_rcc.c.o
RCC_SYSCLKConfig                                  ./Debug/driver_src_stm32f4xx_rcc.c.o
RCC_TIMCLKPresConfig                              ./Debug/driver_src_stm32f4xx_rcc.c.o
RCC_WaitForHSEStartUp                             ./Debug/driver_src_stm32f4xx_rcc.c.o
SETPC                                             ./Debug/TinyTimber.c.o
SETSTACK                                          ./Debug/TinyTimber.c.o
SYSCFG_CompensationCellCmd                        ./Debug/driver_src_stm32f4xx_syscfg.c.o
SYSCFG_DeInit                                     ./Debug/driver_src_stm32f4xx_syscfg.c.o
SYSCFG_ETH_MediaInterfaceConfig                   ./Debug/driver_src_stm32f4xx_syscfg.c.o
SYSCFG_EXTILineConfig                             ./Debug/driver_src_stm32f4xx_syscfg.c.o
                                                  ./Debug/startup.c.o
SYSCFG_GetCompensationCellStatus                  ./Debug/driver_src_stm32f4xx_syscfg.c.o
SYSCFG_MemoryRemapConfig                          ./Debug/driver_src_stm32f4xx_syscfg.c.o
SYSCFG_MemorySwappingBank                         ./Debug/driver_src_stm32f4xx_syscfg.c.o
TIMER_INIT                                        ./Debug/TinyTimber.c.o
TIM_ARRPreloadConfig                              ./Debug/driver_src_stm32f4xx_tim.c.o
TIM_BDTRConfig                                    ./Debug/driver_src_stm32f4xx_tim.c.o
TIM_BDTRStructInit                                ./Debug/driver_src_stm32f4xx_tim.c.o
TIM_CCPreloadControl                              ./Debug/driver_src_stm32f4xx_tim.c.o
TIM_CCxCmd                                        ./Debug/driver_src_stm32f4xx_tim.c.o
TIM_CCxNCmd                                       ./Debug/driver_src_stm32f4xx_tim.c.o
TIM_ClearFlag                                     ./Debug/driver_src_stm32f4xx_tim.c.o
TIM_ClearITPendingBit                             ./Debug/driver_src_stm32f4xx_tim.c.o
                                                  ./Debug/TinyTimber.c.o
TIM_ClearOC1Ref                                   ./Debug/driver_src_stm32f4xx_tim.c.o
TIM_ClearOC2Ref                                   ./Debug/driver_src_stm32f4xx_tim.c.o
TIM_ClearOC3Ref                                   ./Debug/driver_src_stm32f4xx_tim.c.o
TIM_ClearOC4Ref                                   ./Debug/driver_src_stm32f4xx_tim.c.o
TIM_Cmd                                           ./Debug/driver_src_stm32f4xx_tim.c.o
                                                  ./Debug/TinyTimber.c.o
TIM_CounterModeConfig                             ./Debug/driver_src_stm32f4xx_tim.c.o
TIM_CtrlPWMOutputs                                ./Debug/driver_src_stm32f4xx_tim.c.o
TIM_DMACmd                                        ./Debug/driver_src_stm32f4xx_tim.c.o
TIM_DMAConfig                                     ./Debug/driver_src_stm32f4xx_tim.c.o
TIM_DeInit                                        ./Debug/driver_src_stm32f4xx_tim.c.o
                                                  ./Debug/TinyTimber.c.o
TIM_ETRClockMode1Config                           ./Debug/driver_src_stm32f4xx_tim.c.o
TIM_ETRClockMode2Config                           ./Debug/driver_src_stm32f4xx_tim.c.o
TIM_ETRConfig                                     ./Debug/driver_src_stm32f4xx_tim.c.o
TIM_EncoderInterfaceConfig                        ./Debug/driver_src_stm32f4xx_tim.c.o
TIM_ForcedOC1Config                               ./Debug/driver_src_stm32f4xx_tim.c.o
TIM_ForcedOC2Config                               ./Debug/driver_src_stm32f4xx_tim.c.o
TIM_ForcedOC3Config                               ./Debug/driver_src_stm32f4xx_tim.c.o
TIM_ForcedOC4Config                               ./Debug/driver_src_stm32f4xx_tim.c.o
TIM_GenerateEvent                                 ./Debug/driver_src_stm32f4xx_tim.c.o