Archive member included to satisfy reference by file (symbol)

/home/jger/EDA223/Arm_GNU_Toolchain/arm-gnu-toolchain-13.2.Rel1-x86_64-arm-none-eabi/bin/../lib/gcc/arm-none-eabi/13.2.1/../../../../arm-none-eabi/lib/thumb/v7e-m+fp/hard/libc_nano.a(libc_a-snprintf.o)
                              ./Debug/application.c.o (snprintf)
/home/jger/EDA223/Arm_GNU_Toolchain/arm-gnu-toolchain-13.2.Rel1-x86_64-arm-none-eabi/bin/../lib/gcc/arm-none-eabi/13.2.1/../../../../arm-none-eabi/lib/thumb/v7e-m+fp/hard/libc_nano.a(libc_a-atoi.o)
                              ./Debug/application.c.o (atoi)
/home/jger/EDA223/Arm_GNU_Toolchain/arm-gnu-toolchain-13.2.Rel1-x86_64-arm-none-eabi/bin/../lib/gcc/arm-none-eabi/13.2.1/../../../../arm-none-eabi/lib/thumb/v7e-m+fp/hard/libc_nano.a(libc_a-strtol.o)
                              /home/jger/EDA223/Arm_GNU_Toolchain/arm-gnu-toolchain-13.2.Rel1-x86_64-arm-none-eabi/bin/../lib/gcc/arm-none-eabi/13.2.1/../../../../arm-none-eabi/lib/thumb/v7e-m+fp/hard/libc_nano.a(libc_a-atoi.o) (_strtol_r)
/home/jger/EDA223/Arm_GNU_Toolchain/arm-gnu-toolchain-13.2.Rel1-x86_64-arm-none-eabi/bin/../lib/gcc/arm-none-eabi/13.2.1/../../../../arm-none-eabi/lib/thumb/v7e-m+fp/hard/libc_nano.a(libc_a-nano-svfprintf.o)
                              /home/jger/EDA223/Arm_GNU_Toolchain/arm-gnu-toolchain-13.2.Rel1-x86_64-arm-none-eabi/bin/../lib/gcc/arm-none-eabi/13.2.1/../../../../arm-none-eabi/lib/thumb/v7e-m+fp/hard/libc_nano.a(libc_a-snprintf.o) (_svfprintf_r)
/home/jger/EDA223/Arm_GNU_Toolchain/arm-gnu-toolchain-13.2.Rel1-x86_64-arm-none-eabi/bin/../lib/gcc/arm-none-eabi/13.2.1/../../../../arm-none-eabi/lib/thumb/v7e-m+fp/hard/libc_nano.a(libc_a-nano-vfprintf_i.o)
                              /home/jger/EDA223/Arm_GNU_Toolchain/arm-gnu-toolchain-13.2.Rel1-x86_64-arm-none-eabi/bin/../lib/gcc/arm-none-eabi/13.2.1/../../../../arm-none-eabi/lib/thumb/v7e-m+fp/hard/libc_nano.a(libc_a-nano-svfprintf.o) (_printf_i)
/home/jger/EDA223/Arm_GNU_Toolchain/arm-gnu-toolchain-13.2.Rel1-x86_64-arm-none-eabi/bin/../lib/gcc/arm-none-eabi/13.2.1/../../../../arm-none-eabi/lib/thumb/v7e-m+fp/hard/libc_nano.a(libc_a-impure.o)
                              /home/jger/EDA223/Arm_GNU_Toolchain/arm-gnu-toolchain-13.2.Rel1-x86_64-arm-none-eabi/bin/../lib/gcc/arm-none-eabi/13.2.1/../../../../arm-none-eabi/lib/thumb/v7e-m+fp/hard/libc_nano.a(libc_a-snprintf.o) (_impure_ptr)
/home/jger/EDA223/Arm_GNU_Toolchain/arm-gnu-toolchain-13.2.Rel1-x86_64-arm-none-eabi/bin/../lib/gcc/arm-none-eabi/13.2.1/../../../../arm-none-eabi/lib/thumb/v7e-m+fp/hard/libc_nano.a(libc_a-memchr.o)
                              /home/jger/EDA223/Arm_GNU_Toolchain/arm-gnu-toolchain-13.2.Rel1-x86_64-arm-none-eabi/bin/../lib/gcc/arm-none-eabi/13.2.1/../../../../arm-none-eabi/lib/thumb/v7e-m+fp/hard/libc_nano.a(libc_a-nano-svfprintf.o) (memchr)
/home/jger/EDA223/Arm_GNU_Toolchain/arm-gnu-toolchain-13.2.Rel1-x86_64-arm-none-eabi/bin/../lib/gcc/arm-none-eabi/13.2.1/../../../../arm-none-eabi/lib/thumb/v7e-m+fp/hard/libc_nano.a(libc_a-memcpy-stub.o)
                              /home/jger/EDA223/Arm_GNU_Toolchain/arm-gnu-toolchain-13.2.Rel1-x86_64-arm-none-eabi/bin/../lib/gcc/arm-none-eabi/13.2.1/../../../../arm-none-eabi/lib/thumb/v7e-m+fp/hard/libc_nano.a(libc_a-nano-svfprintf.o) (memcpy)
/home/jger/EDA223/Arm_GNU_Toolchain/arm-gnu-toolchain-13.2.Rel1-x86_64-arm-none-eabi/bin/../lib/gcc/arm-none-eabi/13.2.1/../../../../arm-none-eabi/lib/thumb/v7e-m+fp/hard/libc_nano.a(libc_a-mallocr.o)
                              /home/jger/EDA223/Arm_GNU_Toolchain/arm-gnu-toolchain-13.2.Rel1-x86_64-arm-none-eabi/bin/../lib/gcc/arm-none-eabi/13.2.1/../../../../arm-none-eabi/lib/thumb/v7e-m+fp/hard/libc_nano.a(libc_a-nano-svfprintf.o) (_malloc_r)
/home/jger/EDA223/Arm_GNU_Toolchain/arm-gnu-toolchain-13.2.Rel1-x86_64-arm-none-eabi/bin/../lib/gcc/arm-none-eabi/13.2.1/../../../../arm-none-eabi/lib/thumb/v7e-m+fp/hard/libc_nano.a(libc_a-mlock.o)
                              /home/jger/EDA223/Arm_GNU_Toolchain/arm-gnu-toolchain-13.2.Rel1-x86_64-arm-none-eabi/bin/../lib/gcc/arm-none-eabi/13.2.1/../../../../arm-none-eabi/lib/thumb/v7e-m+fp/hard/libc_nano.a(libc_a-mallocr.o) (__malloc_lock)
/home/jger/EDA223/Arm_GNU_Toolchain/arm-gnu-toolchain-13.2.Rel1-x86_64-arm-none-eabi/bin/../lib/gcc/arm-none-eabi/13.2.1/../../../../arm-none-eabi/lib/thumb/v7e-m+fp/hard/libc_nano.a(libc_a-ctype_.o)
                              /home/jger/EDA223/Arm_GNU_Toolchain/arm-gnu-toolchain-13.2.Rel1-x86_64-arm-none-eabi/bin/../lib/gcc/arm-none-eabi/13.2.1/../../../../arm-none-eabi/lib/thumb/v7e-m+fp/hard/libc_nano.a(libc_a-strtol.o) (_ctype_)
/home/jger/EDA223/Arm_GNU_Toolchain/arm-gnu-toolchain-13.2.Rel1-x86_64-arm-none-eabi/bin/../lib/gcc/arm-none-eabi/13.2.1/../../../../arm-none-eabi/lib/thumb/v7e-m+fp/hard/libc_nano.a(libc_a-sbrkr.o)
[...]
Memory Configuration

Name             Origin             Length             Attributes
RAM              0x20000000         0x0001c000         xrw
*default*        0x00000000         0xffffffff

Linker script and memory map

LOAD ./Debug/driver_src_stm32f4xx_syscfg.c.o
LOAD ./Debug/driver_src_stm32f4xx_exti.c.o
LOAD ./Debug/driver_src_stm32f4xx_can.c.o
LOAD ./Debug/driver_src_stm32f4xx_usart.c.o
LOAD ./Debug/TinyTimber.c.o
LOAD ./Debug/startup.c.o
LOAD ./Debug/CANComms.c.o
LOAD ./Debug/dispatch.s.o
LOAD ./Debug/sciTinyTimber.c.o
LOAD ./Debug/musicPlayer.c.o
LOAD ./Debug/driver_src_stm32f4xx_rcc.c.o
LOAD ./Debug/application.c.o
LOAD ./Debug/canTinyTimber.c.o
LOAD ./Debug/toneGenerator.c.o
LOAD ./Debug/driver_src_stm32f4xx_gpio.c.o
LOAD ./Debug/driver_src_stm32f4xx_dac.c.o
LOAD ./Debug/driver_src_stm32f4xx_tim.c.o
LOAD /home/jger/EDA223/Arm_GNU_Toolchain/arm-gnu-toolchain-13.2.Rel1-x86_64-arm-none-eabi/bin/../lib/gcc/arm-none-eabi/13.2.1/../../../../arm-none-eabi/lib/thumb/v7e-m+fp/hard/libstdc++_nano.a
LOAD /home/jger/EDA223/Arm_GNU_Toolchain/arm-gnu-toolchain-13.2.Rel1-x86_64-arm-none-eabi/bin/../lib/gcc/arm-none-eabi/13.2.1/../../../../arm-none-eabi/lib/thumb/v7e-m+fp/hard/libm.a
START GROUP
LOAD /home/jger/EDA223/Arm_GNU_Toolchain/arm-gnu-toolchain-13.2.Rel1-x86_64-arm-none-eabi/bin/../lib/gcc/arm-none-eabi/13.2.1/thumb/v7e-m+fp/hard/libgcc.a
LOAD /home/jger/EDA223/Arm_GNU_Toolchain/arm-gnu-toolchain-13.2.Rel1-x86_64-arm-none-eabi/bin/../lib/gcc/arm-none-eabi/13.2.1/../../../../arm-none-eabi/lib/thumb/v7e-m+fp/hard/libc_nano.a
END GROUP
START GROUP
LOAD /home/jger/EDA223/Arm_GNU_Toolchain/arm-gnu-toolchain-13.2.Rel1-x86_64-arm-none-eabi/bin/../lib/gcc/arm-none-eabi/13.2.1/thumb/v7e-m+fp/hard/libgcc.a
LOAD /home/jger/EDA223/Arm_GNU_Toolchain/arm-gnu-toolchain-13.2.Rel1-x86_64-arm-none-eabi/bin/../lib/gcc/arm-none-eabi/13.2.1/../../../../arm-none-eabi/lib/thumb/v7e-m+fp/hard/libc_nano.a
END GROUP

.text           0x20000000     0x95d0
                0x20000000                        . = ALIGN (0x4)
 *(.start_section)
 .start_section
                0x20000000       0x1c ./Debug/startup.c.o
                0x20000000                startup
 *(.text)
 .text          0x2000001c      0x154 ./Debug/driver_src_stm32f4xx_syscfg.c.o
                0x2000001c                SYSCFG_DeInit
                0x20000038                SYSCFG_MemoryRemapConfig
                0x20000058                SYSCFG_MemorySwappingBank
                0x20000078                SYSCFG_EXTILineConfig
                0x200000fc                SYSCFG_ETH_MediaInterfaceConfig
                0x2000011c                SYSCFG_CompensationCellCmd
                0x2000013c                SYSCFG_GetCompensationCellStatus
 .text          0x20000170      0x210 ./Debug/driver_src_stm32f4xx_exti.c.o
                0x20000170                EXTI_DeInit
                0x200001a4                EXTI_Init
                0x20000288                EXTI_StructInit
                0x200002b4                EXTI_GenerateSWInterrupt
                0x200002d8                EXTI_GetFlagStatus
                0x2000030c                EXTI_ClearFlag
                0x2000032c                EXTI_GetITStatus
                0x20000360                EXTI_ClearITPendingBit
 .text          0x20000380     0x11b4 ./Debug/driver_src_stm32f4xx_can.c.o
                0x20000380                CAN_DeInit
                0x200003c8                CAN_Init
                0x2000056a                CAN_FilterInit
                0x200006f0                CAN_StructInit
                0x20000746                CAN_SlaveStartBank
                0x200007a8                CAN_DBGFreeze
                0x200007e0                CAN_TTComModeCmd
                0x20000878                CAN_Transmit
                0x20000a1a                CAN_TransmitStatus
                0x20000b20                CAN_CancelTransmit
                0x20000b78                CAN_Receive
                0x20000cf4                CAN_FIFORelease
                0x20000d2c                CAN_MessagePending
                0x20000d76                CAN_OperatingModeRequest
                0x20000e72                CAN_Sleep
                0x20000eac                CAN_WakeUp
                0x20000f02                CAN_GetLastErrorCode
                0x20000f28                CAN_GetReceiveErrorCounter
                0x20000f4a                CAN_GetLSBTransmitErrorCounter
                0x20000f6c                CAN_ITConfig
                0x20000fa8                CAN_GetFlagStatus
                0x20001076                CAN_ClearFlag
                0x200010e8                CAN_GetITStatus
                0x2000134c                CAN_ClearITPendingBit
 .text          0x20001534      0x970 ./Debug/driver_src_stm32f4xx_usart.c.o
                0x20001534                USART_DeInit
                0x2000164c                USART_Init
                0x200017c0                USART_StructInit
                0x200017fa                USART_ClockInit
                0x20001850                USART_ClockStructInit
                0x2000187c                USART_Cmd
                0x200018bc                USART_SetPrescaler
                0x200018f6                USART_OverSampling8Cmd
                0x2000193a                USART_OneBitMethodCmd
                0x2000197a                USART_SendData
                0x2000199e                USART_ReceiveData
                0x200019be                USART_SetAddress
                0x200019f8                USART_ReceiverWakeUpCmd
                0x20001a38                USART_WakeUpConfig
                0x20001a70                USART_LINBreakDetectLengthConfig
                0x20001aa8                USART_LINCmd
                0x20001ae8                USART_SendBreak
                0x20001b0c                USART_HalfDuplexCmd
                0x20001b4c                USART_SetGuardTime
                0x20001b88                USART_SmartCardCmd
                0x20001bc8                USART_SmartCardNACKCmd
                0x20001c08                USART_IrDAConfig
                0x20001c40                USART_IrDACmd
                0x20001c80                USART_DMACmd
                0x20001cc8                USART_ITConfig
                0x20001d58                USART_GetFlagStatus
                0x20001d90                USART_ClearFlag
                0x20001db2                USART_GetITStatus
                0x20001e68                USART_ClearITPendingBit
 .text          0x20001ea4      0xf50 ./Debug/TinyTimber.c.o
                0x20001f2c                DUMP
                0x20001f66                DUMPH
                0x20001fc4                DUMPD
                0x20002068                sei
                0x20002086                cli
                0x200020a4                _sbrk
                0x200020e8                SETSTACK
                0x2000214e                SETPC
                0x20002172                TIMER_INIT
                0x20002208                DUMPC
                0x2000223c                vect_USART1
                0x200022a4                vect_CAN1
                0x2000230c                vect_EXTI9_5
                0x20002374                enqueueByDeadline
                0x200023cc                enqueueByBaseline
                0x20002424                dequeue
                0x20002474                dequeue_pool
                0x200024c4                insert
                0x200024e8                push
                0x2000250c                pop
                0x2000258e                vect_TIM5
                0x20002620                __svc_dispatch
                0x20002630                __pendSV_dispatch
                0x200027a0                async
                0x200028dc                sync
                0x200029e8                ABORT
                0x20002a9c                T_RESET
                0x20002ad8                T_SAMPLE
                0x20002b18                CURRENT_OFFSET
                0x20002cc4                install
                0x20002d90                tinytimber
 .text          0x20002df4      0x32c ./Debug/startup.c.o
 .text          0x20003120      0x1b0 ./Debug/CANComms.c.o
                0x20003120                setCANState
                0x2000314a                getCANState
                0x20003164                CANReceive
 .text          0x200032d0       0xf4 ./Debug/dispatch.s.o
                0x200032d0                vect_SVCall
                0x200032d4                vect_PendSV
 .text          0x200033c4      0x294 ./Debug/sciTinyTimber.c.o
                0x2000344c                sci_init
                0x200034f2                sci_write
                0x20003548                sci_writechar
                0x2000357e                sci_interrupt
 .text          0x20003658      0x274 ./Debug/musicPlayer.c.o
                0x20003658                getTempo
                0x20003672                setTempo
                0x200036c0                getKey
                0x200036da                setKey
                0x20003724                toneControls
                0x2000373a                nextNote
                0x20003848                silence
                0x20003870                getDeadline
                0x200038b0                getI
 .text          0x200038cc      0xcb0 ./Debug/driver_src_stm32f4xx_rcc.c.o
                0x200038cc                RCC_DeInit
                0x2000393c                RCC_HSEConfig
                0x20003964                RCC_WaitForHSEStartUp
                0x200039b4                RCC_AdjustHSICalibrationValue
                0x200039f0                RCC_HSICmd
                0x20003a10                RCC_LSEConfig
                0x20003a54                RCC_LSICmd
                0x20003a74                RCC_PLLConfig
                0x20003ab4                RCC_PLLCmd
                0x20003ad4                RCC_PLLI2SConfig
                0x20003b00                RCC_PLLI2SCmd
                0x20003b20                RCC_PLLSAIConfig
                0x20003b54                RCC_PLLSAICmd
                0x20003b74                RCC_ClockSecuritySystemCmd
                0x20003b94                RCC_MCO1Config
                0x20003bd4                RCC_MCO2Config
                0x20003c14                RCC_SYSCLKConfig
                0x20003c4c                RCC_GetSYSCLKSource
                0x20003c6c                RCC_HCLKConfig
                0x20003ca4                RCC_PCLK1Config
                0x20003cdc                RCC_PCLK2Config
                0x20003d18                RCC_GetClocksFreq
                0x20003e74                RCC_RTCCLKConfig
                0x20003ed0                RCC_RTCCLKCmd
                0x20003ef0                RCC_BackupResetCmd
                0x20003f10                RCC_I2SCLKConfig
                0x20003f30                RCC_SAIPLLI2SClkDivConfig
                0x20003f70                RCC_SAIPLLSAIClkDivConfig
                0x20003fb0                RCC_SAIBlockACLKConfig
                0x20003fec                RCC_SAIBlockBCLKConfig
                0x20004028                RCC_LTDCCLKDivConfig
                0x20004064                RCC_TIMCLKPresConfig
                0x20004084                RCC_AHB1PeriphClockCmd
                0x200040c4                RCC_AHB2PeriphClockCmd
                0x20004104                RCC_AHB3PeriphClockCmd
                0x20004144                RCC_APB1PeriphClockCmd
                0x20004184                RCC_APB2PeriphClockCmd
                0x200041c4                RCC_AHB1PeriphResetCmd
                0x20004204                RCC_AHB2PeriphResetCmd
                0x20004244                RCC_AHB3PeriphResetCmd
                0x20004284                RCC_APB1PeriphResetCmd
                0x200042c4                RCC_APB2PeriphResetCmd
                0x20004304                RCC_AHB1PeriphClockLPModeCmd
                0x20004344                RCC_AHB2PeriphClockLPModeCmd
                0x20004384                RCC_AHB3PeriphClockLPModeCmd
                0x200043c4                RCC_APB1PeriphClockLPModeCmd
                0x20004404                RCC_APB2PeriphClockLPModeCmd
                0x20004444                RCC_ITConfig
                0x20004490                RCC_GetFlagStatus
                0x20004504                RCC_ClearFlag
                0x20004524                RCC_GetITStatus
                0x2000455c                RCC_ClearITPendingBit
 .text          0x2000457c      0xdac ./Debug/application.c.o
                0x2000457c                receiver
                0x20004608                reader
                0x20005110                startApp
                0x200052e8                main
 .text          0x20005328      0x444 ./Debug/canTinyTimber.c.o
                0x200053b0                can_init
                0x20005470                can_interrupt
                0x200055f8                can_receive
                0x200056c2                can_send
 .text          0x2000576c      0x240 ./Debug/toneGenerator.c.o
                0x2000576c                getVolume
                0x20005794                setVolume
                0x200057e2                set_user_mute
                0x200057fe                getUserMute
                0x20005818                mute
                0x20005856                unmute
                0x20005880                updateKey
                0x2000589c                updateTempo
                0x200058ba                updateNotePeriod
                0x200058d6                toggle_DAC_output
                0x20005944                getKeyTG
                0x2000595e                getTempoTG
                0x20005978                get_volume_debug
                0x20005992                get_prev_volume_debug
 .text          0x200059ac      0x4d8 ./Debug/driver_src_stm32f4xx_gpio.c.o
                0x200059ac                GPIO_DeInit
                0x20005b10                GPIO_Init
                0x20005c2e                GPIO_StructInit
                0x20005c62                GPIO_PinLockConfig
                0x20005ca6                GPIO_ReadInputDataBit
                0x20005cda                GPIO_ReadInputData
                0x20005cf4                GPIO_ReadOutputDataBit
                0x20005d28                GPIO_ReadOutputData
                0x20005d42                GPIO_SetBits
                0x20005d60                GPIO_ResetBits
                0x20005d7e                GPIO_WriteBit
                0x20005dae                GPIO_Write
                0x20005dcc                GPIO_ToggleBits
                0x20005df0                GPIO_PinAFConfig
 .text          0x20005e84      0x450 ./Debug/driver_src_stm32f4xx_dac.c.o
                0x20005e84                DAC_DeInit
                0x20005ea0                DAC_Init
                0x20005f08                DAC_StructInit
                0x20005f34                DAC_Cmd
                0x20005f80                DAC_SoftwareTriggerCmd
                0x20005fd0                DAC_DualSoftwareTriggerCmd
                0x2000600c                DAC_WaveGenerationCmd
                0x20006058                DAC_SetChannel1Data
                0x20006090                DAC_SetChannel2Data
                0x200060c8                DAC_SetDualChannelData
                0x20006120                DAC_GetDataOutputValue
                0x20006154                DAC_DMACmd
                0x200061a4                DAC_ITConfig
                0x200061f0                DAC_GetFlagStatus
                0x2000622c                DAC_ClearFlag
                0x20006254                DAC_GetITStatus
                0x200062ac                DAC_ClearITPendingBit
 .text          0x200062d4     0x1c1c ./Debug/driver_src_stm32f4xx_tim.c.o
                0x200062d4                TIM_DeInit
                0x20006494                TIM_TimeBaseInit
                0x2000656c                TIM_TimeBaseStructInit
                0x200065a0                TIM_PrescalerConfig
                0x200065c8                TIM_CounterModeConfig
                0x20006600                TIM_SetCounter
                0x2000661c                TIM_SetAutoreload
                0x20006638                TIM_GetCounter
                0x20006650                TIM_GetPrescaler
                0x2000666a                TIM_UpdateDisableConfig
                0x200066aa                TIM_UpdateRequestConfig
                0x200066ea                TIM_ARRPreloadConfig
                0x2000672a                TIM_SelectOnePulseMode
                0x20006762                TIM_SetClockDivision
                0x2000679a                TIM_Cmd
                0x200067da                TIM_OC1Init
                0x200068d0                TIM_OC2Init
                0x200069e0                TIM_OC3Init
                0x20006aec                TIM_OC4Init
                0x20006bbc                TIM_OCStructInit
                0x20006c00                TIM_SelectOCxM
                0x20006cb6                TIM_SetCompare1
                0x20006cd2                TIM_SetCompare2
                0x20006cee                TIM_SetCompare3
                0x20006d0a                TIM_SetCompare4
                0x20006d26                TIM_ForcedOC1Config
                0x20006d5e                TIM_ForcedOC2Config
                0x20006d9a                TIM_ForcedOC3Config
                0x20006dd2                TIM_ForcedOC4Config
                0x20006e0e                TIM_OC1PreloadConfig
                0x20006e46                TIM_OC2PreloadConfig
                0x20006e82                TIM_OC3PreloadConfig
                0x20006eba                TIM_OC4PreloadConfig
                0x20006ef6                TIM_OC1FastConfig
                0x20006f2e                TIM_OC2FastConfig
                0x20006f6a                TIM_OC3FastConfig
                0x20006fa2                TIM_OC4FastConfig
                0x20006fde                TIM_ClearOC1Ref
                0x20007016                TIM_ClearOC2Ref
                0x20007052                TIM_ClearOC3Ref
                0x2000708a                TIM_ClearOC4Ref
                0x200070c6                TIM_OC1PolarityConfig
                0x200070fe                TIM_OC1NPolarityConfig
                0x20007136                TIM_OC2PolarityConfig
                0x20007172                TIM_OC2NPolarityConfig
                0x200071ae                TIM_OC3PolarityConfig
                0x200071ea                TIM_OC3NPolarityConfig
                0x20007226                TIM_OC4PolarityConfig
                0x20007262                TIM_CCxCmd
                0x200072b8                TIM_CCxNCmd
                0x2000730e                TIM_ICInit
                0x200073b6                TIM_ICStructInit
                0x200073e8                TIM_PWMIConfig
                0x200074a0                TIM_GetCapture1
                0x200074b8                TIM_GetCapture2
                0x200074d0                TIM_GetCapture3
                0x200074e8                TIM_GetCapture4
                0x20007500                TIM_SetIC1Prescaler
                0x20007538                TIM_SetIC2Prescaler
                0x20007574                TIM_SetIC3Prescaler
                0x200075ac                TIM_SetIC4Prescaler
                0x200075e8                TIM_BDTRConfig
                0x20007638                TIM_BDTRStructInit
                0x20007676                TIM_CtrlPWMOutputs
                0x200076c2                TIM_SelectCOM
                0x20007702                TIM_CCPreloadControl
                0x20007742                TIM_ITConfig
                0x2000778a                TIM_GenerateEvent
                0x200077a8                TIM_GetFlagStatus
                0x200077e0                TIM_ClearFlag
                0x20007802                TIM_GetITStatus
                0x20007856                TIM_ClearITPendingBit
                0x20007878                TIM_DMAConfig
                0x200078a2                TIM_DMACmd
                0x200078ea                TIM_SelectCCDMA
                0x2000792a                TIM_InternalClockConfig
                0x2000794e                TIM_ITRxExternalClockConfig
                0x2000797c                TIM_TIxExternalClockConfig
                0x200079d8                TIM_ETRClockMode1Config
                0x20007a36                TIM_ETRClockMode2Config
                0x20007a74                TIM_SelectInputTrigger
                0x20007aac                TIM_SelectOutputTrigger
                0x20007ae4                TIM_SelectSlaveMode
                0x20007b1c                TIM_SelectMasterSlaveMode
                0x20007b54                TIM_ETRConfig
                0x20007ba8                TIM_EncoderInterfaceConfig
                0x20007c40                TIM_SelectHallSensor
                0x20007c80                TIM_RemapConfig
 .text          0x20007ef0        0x0 /home/jger/EDA223/Arm_GNU_Toolchain/arm-gnu-toolchain-13.2.Rel1-x86_64-arm-none-eabi/bin/../lib/gcc/arm-none-eabi/13.2.1/../../../../arm-none-eabi/lib/thumb/v7e-m+fp/hard/libc_nano.a(libc_a-snprintf.o)
 .text          0x20007ef0        0x0 /home/jger/EDA223/Arm_GNU_Toolchain/arm-gnu-toolchain-13.2.Rel1-x86_64-arm-none-eabi/bin/../lib/gcc/arm-none-eabi/13.2.1/../../../../arm-none-eabi/lib/thumb/v7e-m+fp/hard/libc_nano.a(libc_a-atoi.o)
 .text          0x20007ef0        0x0 /home/jger/EDA223/Arm_GNU_Toolchain/arm-gnu-toolchain-13.2.Rel1-x86_64-arm-none-eabi/bin/../lib/gcc/arm-none-eabi/13.2.1/../../../../arm-none-eabi/lib/thumb/v7e-m+fp/hard/libc_nano.a(libc_a-strtol.o)
 .text          0x20007ef0        0x0 /home/jger/EDA223/Arm_GNU_Toolchain/arm-gnu-toolchain-13.2.Rel1-x86_64-arm-none-eabi/bin/../lib/gcc/arm-none-eabi/13.2.1/../../../../arm-none-eabi/lib/thumb/v7e-m+fp/hard/libc_nano.a(libc_a-nano-svfprintf.o)
 .text          0x20007ef0        0x0 /home/jger/EDA223/Arm_GNU_Toolchain/arm-gnu-toolchain-13.2.Rel1-x86_64-arm-none-eabi/bin/../lib/gcc/arm-none-eabi/13.2.1/../../../../arm-none-eabi/lib/thumb/v7e-m+fp/hard/libc_nano.a(libc_a-nano-vfprintf_i.o)
 .text          0x20007ef0        0x0 /home/jger/EDA223/Arm_GNU_Toolchain/arm-gnu-toolchain-13.2.Rel1-x86_64-arm-none-eabi/bin/../lib/gcc/arm-none-eabi/13.2.1/../../../../arm-none-eabi/lib/thumb/v7e-m+fp/hard/libc_nano.a(libc_a-impure.o)
 .text          0x20007ef0       0xa0 /home/jger/EDA223/Arm_GNU_Toolchain/arm-gnu-toolchain-13.2.Rel1-x86_64-arm-none-eabi/bin/../lib/gcc/arm-none-eabi/13.2.1/../../../../arm-none-eabi/lib/thumb/v7e-m+fp/hard/libc_nano.a(libc_a-memchr.o)
                0x20007ef0                memchr
 .text          0x20007f90        0x0 /home/jger/EDA223/Arm_GNU_Toolchain/arm-gnu-toolchain-13.2.Rel1-x86_64-arm-none-eabi/bin/../lib/gcc/arm-none-eabi/13.2.1/../../../../arm-none-eabi/lib/thumb/v7e-m+fp/hard/libc_nano.a(libc_a-memcpy-stub.o)
 .text          0x20007f90        0x0 /home/jger/EDA223/Arm_GNU_Toolchain/arm-gnu-toolchain-13.2.Rel1-x86_64-arm-none-eabi/bin/../lib/gcc/arm-none-eabi/13.2.1/../../../../arm-none-eabi/lib/thumb/v7e-m+fp/hard/libc_nano.a(libc_a-mallocr.o)
 .text          0x20007f90        0x0 /home/jger/EDA223/Arm_GNU_Toolchain/arm-gnu-toolchain-13.2.Rel1-x86_64-arm-none-eabi/bin/../lib/gcc/arm-none-eabi/13.2.1/../../../../arm-none-eabi/lib/thumb/v7e-m+fp/hard/libc_nano.a(libc_a-mlock.o)
 .text          0x20007f90        0x0 /home/jger/EDA223/Arm_GNU_Toolchain/arm-gnu-toolchain-13.2.Rel1-x86_64-arm-none-eabi/bin/../lib/gcc/arm-none-eabi/13.2.1/../../../../arm-none-eabi/lib/thumb/v7e-m+fp/hard/libc_nano.a(libc_a-ctype_.o)
 .text          0x20007f90        0x0 /home/jger/EDA223/Arm_GNU_Toolchain/arm-gnu-toolchain-13.2.Rel1-x86_64-arm-none-eabi/bin/../lib/gcc/arm-none-eabi/13.2.1/../../../../arm-none-eabi/lib/thumb/v7e-m+fp/hard/libc_nano.a(libc_a-sbrkr.o)
 .text          0x20007f90        0x0 /home/jger/EDA223/Arm_GNU_Toolchain/arm-gnu-toolchain-13.2.Rel1-x86_64-arm-none-eabi/bin/../lib/gcc/arm-none-eabi/13.2.1/../../../../arm-none-eabi/lib/thumb/v7e-m+fp/hard/libc_nano.a(libc_a-errno.o)
 .text          0x20007f90        0x0 /home/jger/EDA223/Arm_GNU_Toolchain/arm-gnu-toolchain-13.2.Rel1-x86_64-arm-none-eabi/bin/../lib/gcc/arm-none-eabi/13.2.1/../../../../arm-none-eabi/lib/thumb/v7e-m+fp/hard/libc_nano.a(libc_a-memmove.o)
 .text          0x20007f90        0x0 /home/jger/EDA223/Arm_GNU_Toolchain/arm-gnu-toolchain-13.2.Rel1-x86_64-arm-none-eabi/bin/../lib/gcc/arm-none-eabi/13.2.1/../../../../arm-none-eabi/lib/thumb/v7e-m+fp/hard/libc_nano.a(libc_a-reallocr.o)
 .text          0x20007f90        0x0 /home/jger/EDA223/Arm_GNU_Toolchain/arm-gnu-toolchain-13.2.Rel1-x86_64-arm-none-eabi/bin/../lib/gcc/arm-none-eabi/13.2.1/../../../../arm-none-eabi/lib/thumb/v7e-m+fp/hard/libc_nano.a(libc_a-freer.o)
 .text          0x20007f90        0x0 /home/jger/EDA223/Arm_GNU_Toolchain/arm-gnu-toolchain-13.2.Rel1-x86_64-arm-none-eabi/bin/../lib/gcc/arm-none-eabi/13.2.1/../../../../arm-none-eabi/lib/thumb/v7e-m+fp/hard/libc_nano.a(libc_a-lock.o)
 .text          0x20007f90        0x0 /home/jger/EDA223/Arm_GNU_Toolchain/arm-gnu-toolchain-13.2.Rel1-x86_64-arm-none-eabi/bin/../lib/gcc/arm-none-eabi/13.2.1/../../../../arm-none-eabi/lib/thumb/v7e-m+fp/hard/libc_nano.a(libc_a-reent.o)
 .text          0x20007f90        0x0 /home/jger/EDA223/Arm_GNU_Toolchain/arm-gnu-toolchain-13.2.Rel1-x86_64-arm-none-eabi/bin/../lib/gcc/arm-none-eabi/13.2.1/../../../../arm-none-eabi/lib/thumb/v7e-m+fp/hard/libc_nano.a(libc_a-msizer.o)
 *(.text.*)
 .text._snprintf_r
                0x20007f90       0x5e /home/jger/EDA223/Arm_GNU_Toolchain/arm-gnu-toolchain-13.2.Rel1-x86_64-arm-none-eabi/bin/../lib/gcc/arm-none-eabi/13.2.1/../../../../arm-none-eabi/lib/thumb/v7e-m+fp/hard/libc_nano.a(libc_a-snprintf.o)
                0x20007f90                _sniprintf_r
                0x20007f90                _snprintf_r
 *fill*         0x20007fee        0x2 
 .text.snprintf
                0x20007ff0       0x68 /home/jger/EDA223/Arm_GNU_Toolchain/arm-gnu-toolchain-13.2.Rel1-x86_64-arm-none-eabi/bin/../lib/gcc/arm-none-eabi/13.2.1/../../../../arm-none-eabi/lib/thumb/v7e-m+fp/hard/libc_nano.a(libc_a-snprintf.o)
                0x20007ff0                snprintf
                0x20007ff0                sniprintf
 .text.atoi     0x20008058        0x8 /home/jger/EDA223/Arm_GNU_Toolchain/arm-gnu-toolchain-13.2.Rel1-x86_64-arm-none-eabi/bin/../lib/gcc/arm-none-eabi/13.2.1/../../../../arm-none-eabi/lib/thumb/v7e-m+fp/hard/libc_nano.a(libc_a-atoi.o)
                0x20008058                atoi
 .text._atoi_r  0x20008060        0x8 /home/jger/EDA223/Arm_GNU_Toolchain/arm-gnu-toolchain-13.2.Rel1-x86_64-arm-none-eabi/bin/../lib/gcc/arm-none-eabi/13.2.1/../../../../arm-none-eabi/lib/thumb/v7e-m+fp/hard/libc_nano.a(libc_a-atoi.o)
                0x20008060                _atoi_r
 .text._strtol_l.isra.0
                0x20008068       0xf4 /home/jger/EDA223/Arm_GNU_Toolchain/arm-gnu-toolchain-13.2.Rel1-x86_64-arm-none-eabi/bin/../lib/gcc/arm-none-eabi/13.2.1/../../../../arm-none-eabi/lib/thumb/v7e-m+fp/hard/libc_nano.a(libc_a-strtol.o)
 .text._strtol_r
                0x2000815c        0x4 /home/jger/EDA223/Arm_GNU_Toolchain/arm-gnu-toolchain-13.2.Rel1-x86_64-arm-none-eabi/bin/../lib/gcc/arm-none-eabi/13.2.1/../../../../arm-none-eabi/lib/thumb/v7e-m+fp/hard/libc_nano.a(libc_a-strtol.o)
                0x2000815c                _strtol_r
 .text.strtol_l
                0x20008160       0x14 /home/jger/EDA223/Arm_GNU_Toolchain/arm-gnu-toolchain-13.2.Rel1-x86_64-arm-none-eabi/bin/../lib/gcc/arm-none-eabi/13.2.1/../../../../arm-none-eabi/lib/thumb/v7e-m+fp/hard/libc_nano.a(libc_a-strtol.o)
                0x20008160                strtol_l
 .text.strtol   0x20008174       0x14 /home/jger/EDA223/Arm_GNU_Toolchain/arm-gnu-toolchain-13.2.Rel1-x86_64-arm-none-eabi/bin/../lib/gcc/arm-none-eabi/13.2.1/../../../../arm-none-eabi/lib/thumb/v7e-m+fp/hard/libc_nano.a(libc_a-strtol.o)
                0x20008174                strtol
 .text.__ssputs_r
                0x20008188       0xb6 /home/jger/EDA223/Arm_GNU_Toolchain/arm-gnu-toolchain-13.2.Rel1-x86_64-arm-none-eabi/bin/../lib/gcc/arm-none-eabi/13.2.1/../../../../arm-none-eabi/lib/thumb/v7e-m+fp/hard/libc_nano.a(libc_a-nano-svfprintf.o)
                0x20008188                __ssputs_r
 .text.__ssprint_r
                0x2000823e       0xfa /home/jger/EDA223/Arm_GNU_Toolchain/arm-gnu-toolchain-13.2.Rel1-x86_64-arm-none-eabi/bin/../lib/gcc/arm-none-eabi/13.2.1/../../../../arm-none-eabi/lib/thumb/v7e-m+fp/hard/libc_nano.a(libc_a-nano-svfprintf.o)
                0x2000823e                __ssprint_r
 .text._svfprintf_r
                0x20008338      0x1f8 /home/jger/EDA223/Arm_GNU_Toolchain/arm-gnu-toolchain-13.2.Rel1-x86_64-arm-none-eabi/bin/../lib/gcc/arm-none-eabi/13.2.1/../../../../arm-none-eabi/lib/thumb/v7e-m+fp/hard/libc_nano.a(libc_a-nano-svfprintf.o)
                0x20008338                _svfprintf_r
                0x20008338                _svfiprintf_r
 .text._printf_common
                0x20008530       0xda /home/jger/EDA223/Arm_GNU_Toolchain/arm-gnu-toolchain-13.2.Rel1-x86_64-arm-none-eabi/bin/../lib/gcc/arm-none-eabi/13.2.1/../../../../arm-none-eabi/lib/thumb/v7e-m+fp/hard/libc_nano.a(libc_a-nano-vfprintf_i.o)
                0x20008530                _printf_common
 *fill*         0x2000860a        0x2 
 .text._printf_i
                0x2000860c      0x23c /home/jger/EDA223/Arm_GNU_Toolchain/arm-gnu-toolchain-13.2.Rel1-x86_64-arm-none-eabi/bin/../lib/gcc/arm-none-eabi/13.2.1/../../../../arm-none-eabi/lib/thumb/v7e-m+fp/hard/libc_nano.a(libc_a-nano-vfprintf_i.o)
                0x2000860c                _printf_i
 .text.memcpy   0x20008848       0x1c /home/jger/EDA223/Arm_GNU_Toolchain/arm-gnu-toolchain-13.2.Rel1-x86_64-arm-none-eabi/bin/../lib/gcc/arm-none-eabi/13.2.1/../../../../arm-none-eabi/lib/thumb/v7e-m+fp/hard/libc_nano.a(libc_a-memcpy-stub.o)
                0x20008848                memcpy
 .text.sbrk_aligned
                0x20008864       0x44 /home/jger/EDA223/Arm_GNU_Toolchain/arm-gnu-toolchain-13.2.Rel1-x86_64-arm-none-eabi/bin/../lib/gcc/arm-none-eabi/13.2.1/../../../../arm-none-eabi/lib/thumb/v7e-m+fp/hard/libc_nano.a(libc_a-mallocr.o)
 .text._malloc_r
                0x200088a8      0x100 /home/jger/EDA223/Arm_GNU_Toolchain/arm-gnu-toolchain-13.2.Rel1-x86_64-arm-none-eabi/bin/../lib/gcc/arm-none-eabi/13.2.1/../../../../arm-none-eabi/lib/thumb/v7e-m+fp/hard/libc_nano.a(libc_a-mallocr.o)
                0x200088a8                _malloc_r
 .text.__malloc_lock
                0x200089a8        0xc /home/jger/EDA223/Arm_GNU_Toolchain/arm-gnu-toolchain-13.2.Rel1-x86_64-arm-none-eabi/bin/../lib/gcc/arm-none-eabi/13.2.1/../../../../arm-none-eabi/lib/thumb/v7e-m+fp/hard/libc_nano.a(libc_a-mlock.o)
                0x200089a8                __malloc_lock
 .text.__malloc_unlock
                0x200089b4        0xc /home/jger/EDA223/Arm_GNU_Toolchain/arm-gnu-toolchain-13.2.Rel1-x86_64-arm-none-eabi/bin/../lib/gcc/arm-none-eabi/13.2.1/../../../../arm-none-eabi/lib/thumb/v7e-m+fp/hard/libc_nano.a(libc_a-mlock.o)
                0x200089b4                __malloc_unlock
 .text._sbrk_r  0x200089c0       0x20 /home/jger/EDA223/Arm_GNU_Toolchain/arm-gnu-toolchain-13.2.Rel1-x86_64-arm-none-eabi/bin/../lib/gcc/arm-none-eabi/13.2.1/../../../../arm-none-eabi/lib/thumb/v7e-m+fp/hard/libc_nano.a(libc_a-sbrkr.o)
                0x200089c0                _sbrk_r
 .text.__errno  0x200089e0        0xc /home/jger/EDA223/Arm_GNU_Toolchain/arm-gnu-toolchain-13.2.Rel1-x86_64-arm-none-eabi/bin/../lib/gcc/arm-none-eabi/13.2.1/../../../../arm-none-eabi/lib/thumb/v7e-m+fp/hard/libc_nano.a(libc_a-errno.o)
                0x200089e0                __errno
 .text.memmove  0x200089ec       0x34 /home/jger/EDA223/Arm_GNU_Toolchain/arm-gnu-toolchain-13.2.Rel1-x86_64-arm-none-eabi/bin/../lib/gcc/arm-none-eabi/13.2.1/../../../../arm-none-eabi/lib/thumb/v7e-m+fp/hard/libc_nano.a(libc_a-memmove.o)
                0x200089ec                memmove
 .text._realloc_r
                0x20008a20       0x5c /home/jger/EDA223/Arm_GNU_Toolchain/arm-gnu-toolchain-13.2.Rel1-x86_64-arm-none-eabi/bin/../lib/gcc/arm-none-eabi/13.2.1/../../../../arm-none-eabi/lib/thumb/v7e-m+fp/hard/libc_nano.a(libc_a-reallocr.o)
                0x20008a20                _realloc_r
 .text._free_r  0x20008a7c       0x94 /home/jger/EDA223/Arm_GNU_Toolchain/arm-gnu-toolchain-13.2.Rel1-x86_64-arm-none-eabi/bin/../lib/gcc/arm-none-eabi/13.2.1/../../../../arm-none-eabi/lib/thumb/v7e-m+fp/hard/libc_nano.a(libc_a-freer.o)
                0x20008a7c                _free_r
 .text.__retarget_lock_init
                0x20008b10        0x2 /home/jger/EDA223/Arm_GNU_Toolchain/arm-gnu-toolchain-13.2.Rel1-x86_64-arm-none-eabi/bin/../lib/gcc/arm-none-eabi/13.2.1/../../../../arm-none-eabi/lib/thumb/v7e-m+fp/hard/libc_nano.a(libc_a-lock.o)
                0x20008b10                __retarget_lock_init
 .text.__retarget_lock_init_recursive
                0x20008b12        0x2 /home/jger/EDA223/Arm_GNU_Toolchain/arm-gnu-toolchain-13.2.Rel1-x86_64-arm-none-eabi/bin/../lib/gcc/arm-none-eabi/13.2.1/../../../../arm-none-eabi/lib/thumb/v7e-m+fp/hard/libc_nano.a(libc_a-lock.o)
                0x20008b12                __retarget_lock_init_recursive
 .text.__retarget_lock_close
                0x20008b14        0x2 /home/jger/EDA223/Arm_GNU_Toolchain/arm-gnu-toolchain-13.2.Rel1-x86_64-arm-none-eabi/bin/../lib/gcc/arm-none-eabi/13.2.1/../../../../arm-none-eabi/lib/thumb/v7e-m+fp/hard/libc_nano.a(libc_a-lock.o)
                0x20008b14                __retarget_lock_close
 .text.__retarget_lock_close_recursive
                0x20008b16        0x2 /home/jger/EDA223/Arm_GNU_Toolchain/arm-gnu-toolchain-13.2.Rel1-x86_64-arm-none-eabi/bin/../lib/gcc/arm-none-eabi/13.2.1/../../../../arm-none-eabi/lib/thumb/v7e-m+fp/hard/libc_nano.a(libc_a-lock.o)
                0x20008b16                __retarget_lock_close_recursive
 .text.__retarget_lock_acquire
                0x20008b18        0x2 /home/jger/EDA223/Arm_GNU_Toolchain/arm-gnu-toolchain-13.2.Rel1-x86_64-arm-none-eabi/bin/../lib/gcc/arm-none-eabi/13.2.1/../../../../arm-none-eabi/lib/thumb/v7e-m+fp/hard/libc_nano.a(libc_a-lock.o)
                0x20008b18                __retarget_lock_acquire
 .text.__retarget_lock_acquire_recursive
                0x20008b1a        0x2 /home/jger/EDA223/Arm_GNU_Toolchain/arm-gnu-toolchain-13.2.Rel1-x86_64-arm-none-eabi/bin/../lib/gcc/arm-none-eabi/13.2.1/../../../../arm-none-eabi/lib/thumb/v7e-m+fp/hard/libc_nano.a(libc_a-lock.o)
                0x20008b1a                __retarget_lock_acquire_recursive
 .text.__retarget_lock_try_acquire
                0x20008b1c        0x4 /home/jger/EDA223/Arm_GNU_Toolchain/arm-gnu-toolchain-13.2.Rel1-x86_64-arm-none-eabi/bin/../lib/gcc/arm-none-eabi/13.2.1/../../../../arm-none-eabi/lib/thumb/v7e-m+fp/hard/libc_nano.a(libc_a-lock.o)
                0x20008b1c                __retarget_lock_try_acquire
 .text.__retarget_lock_try_acquire_recursive
                0x20008b20        0x4 /home/jger/EDA223/Arm_GNU_Toolchain/arm-gnu-toolchain-13.2.Rel1-x86_64-arm-none-eabi/bin/../lib/gcc/arm-none-eabi/13.2.1/../../../../arm-none-eabi/lib/thumb/v7e-m+fp/hard/libc_nano.a(libc_a-lock.o)
                0x20008b20                __retarget_lock_try_acquire_recursive
 .text.__retarget_lock_release
                0x20008b24        0x2 /home/jger/EDA223/Arm_GNU_Toolchain/arm-gnu-toolchain-13.2.Rel1-x86_64-arm-none-eabi/bin/../lib/gcc/arm-none-eabi/13.2.1/../../../../arm-none-eabi/lib/thumb/v7e-m+fp/hard/libc_nano.a(libc_a-lock.o)
                0x20008b24                __retarget_lock_release
 .text.__retarget_lock_release_recursive
                0x20008b26        0x2 /home/jger/EDA223/Arm_GNU_Toolchain/arm-gnu-toolchain-13.2.Rel1-x86_64-arm-none-eabi/bin/../lib/gcc/arm-none-eabi/13.2.1/../../../../arm-none-eabi/lib/thumb/v7e-m+fp/hard/libc_nano.a(libc_a-lock.o)
                0x20008b26                __retarget_lock_release_recursive
 .text._reclaim_reent
                0x20008b28       0xac /home/jger/EDA223/Arm_GNU_Toolchain/arm-gnu-toolchain-13.2.Rel1-x86_64-arm-none-eabi/bin/../lib/gcc/arm-none-eabi/13.2.1/../../../../arm-none-eabi/lib/thumb/v7e-m+fp/hard/libc_nano.a(libc_a-reent.o)
                0x20008b28                _reclaim_reent
 .text._malloc_usable_size_r
                0x20008bd4       0x10 /home/jger/EDA223/Arm_GNU_Toolchain/arm-gnu-toolchain-13.2.Rel1-x86_64-arm-none-eabi/bin/../lib/gcc/arm-none-eabi/13.2.1/../../../../arm-none-eabi/lib/thumb/v7e-m+fp/hard/libc_nano.a(libc_a-msizer.o)
                0x20008bd4                _malloc_usable_size_r
 *(.rodata)
 .rodata        0x20008be4       0x81 ./Debug/TinyTimber.c.o
 *fill*         0x20008c65        0x3 
 .rodata        0x20008c68      0x1c8 ./Debug/musicPlayer.c.o
                0x20008c68                song
                0x20008ce8                beats
                0x20008d68                notes
 .rodata        0x20008e30       0x10 ./Debug/driver_src_stm32f4xx_rcc.c.o
 .rodata        0x20008e40      0x5a6 ./Debug/application.c.o
 *fill*         0x200093e6        0x2 
 .rodata        0x200093e8       0xb2 ./Debug/canTinyTimber.c.o
 *(.rodata*)
 .rodata._svfprintf_r.str1.1
                0x2000949a       0x33 /home/jger/EDA223/Arm_GNU_Toolchain/arm-gnu-toolchain-13.2.Rel1-x86_64-arm-none-eabi/bin/../lib/gcc/arm-none-eabi/13.2.1/../../../../arm-none-eabi/lib/thumb/v7e-m+fp/hard/libc_nano.a(libc_a-nano-svfprintf.o)
                                 0x11 (size before relaxing)
 .rodata._printf_i.str1.1
                0x200094cd       0x22 /home/jger/EDA223/Arm_GNU_Toolchain/arm-gnu-toolchain-13.2.Rel1-x86_64-arm-none-eabi/bin/../lib/gcc/arm-none-eabi/13.2.1/../../../../arm-none-eabi/lib/thumb/v7e-m+fp/hard/libc_nano.a(libc_a-nano-vfprintf_i.o)
 .rodata._ctype_
                0x200094cd      0x101 /home/jger/EDA223/Arm_GNU_Toolchain/arm-gnu-toolchain-13.2.Rel1-x86_64-arm-none-eabi/bin/../lib/gcc/arm-none-eabi/13.2.1/../../../../arm-none-eabi/lib/thumb/v7e-m+fp/hard/libc_nano.a(libc_a-ctype_.o)
                0x200094cd                _ctype_
 *(.glue_7)
 .glue_7        0x200095ce        0x0 linker stubs
 *(.glue_7t)
 .glue_7t       0x200095ce        0x0 linker stubs
                0x200095d0                        . = ALIGN (0x4)
 *fill*         0x200095ce        0x2 

.ARM.extab      0x200095d0        0x0
 .ARM.extab     0x200095d0        0x0 /home/jger/EDA223/Arm_GNU_Toolchain/arm-gnu-toolchain-13.2.Rel1-x86_64-arm-none-eabi/bin/../lib/gcc/arm-none-eabi/13.2.1/../../../../arm-none-eabi/lib/thumb/v7e-m+fp/hard/libc_nano.a(libc_a-memchr.o)

.ARM.exidx      0x200095d0        0x8
 .ARM.exidx     0x200095d0        0x8 /home/jger/EDA223/Arm_GNU_Toolchain/arm-gnu-toolchain-13.2.Rel1-x86_64-arm-none-eabi/bin/../lib/gcc/arm-none-eabi/13.2.1/../../../../arm-none-eabi/lib/thumb/v7e-m+fp/hard/libc_nano.a(libc_a-memchr.o)

.eh_frame       0x200095d8       0x50
 .eh_frame      0x200095d8       0x50 /home/jger/EDA223/Arm_GNU_Toolchain/arm-gnu-toolchain-13.2.Rel1-x86_64-arm-none-eabi/bin/../lib/gcc/arm-none-eabi/13.2.1/../../../../arm-none-eabi/lib/thumb/v7e-m+fp/hard/libc_nano.a(libc_a-memchr.o)

.vfp11_veneer   0x20009628        0x0
 .vfp11_veneer  0x20009628        0x0 linker stubs

.v4_bx          0x20009628        0x0
 .v4_bx         0x20009628        0x0 linker stubs

.iplt           0x20009628        0x0
 .iplt          0x20009628        0x0 ./Debug/driver_src_stm32f4xx_syscfg.c.o

.rel.dyn        0x20009628        0x0
 .rel.iplt      0x20009628        0x0 ./Debug/driver_src_stm32f4xx_syscfg.c.o

.data           0x20009628      0x670
                0x20009628                        . = ALIGN (0x4)
 *(.data)
 .data          0x20009628        0x0 ./Debug/driver_src_stm32f4xx_syscfg.c.o
 .data          0x20009628        0x0 ./Debug/driver_src_stm32f4xx_exti.c.o
 .data          0x20009628        0x0 ./Debug/driver_src_stm32f4xx_can.c.o
 .data          0x20009628        0x0 ./Debug/driver_src_stm32f4xx_usart.c.o
 .data          0x20009628       0x24 ./Debug/TinyTimber.c.o
                0x20009628                hex
                0x2000963c                msgPool
                0x20009640                threadPool
                0x20009644                activeStack
                0x20009648                current
 .data          0x2000964c        0x0 ./Debug/startup.c.o
 .data          0x2000964c        0x0 ./Debug/CANComms.c.o
 .data          0x2000964c       0x84 ./Debug/dispatch.s.o
 .data          0x200096d0        0x0 ./Debug/sciTinyTimber.c.o
 .data          0x200096d0       0x1c ./Debug/musicPlayer.c.o
                0x200096d0                musicPlay
 .data          0x200096ec        0x0 ./Debug/driver_src_stm32f4xx_rcc.c.o
 .data          0x200096ec      0x544 ./Debug/application.c.o
                0x200096ec                app
                0x20009798                sci0
                0x20009bb8                can0
 .data          0x20009c30        0x0 ./Debug/canTinyTimber.c.o
 .data          0x20009c30       0x18 ./Debug/toneGenerator.c.o
                0x20009c30                toneGenerator
 .data          0x20009c48        0x0 ./Debug/driver_src_stm32f4xx_gpio.c.o
 .data          0x20009c48        0x0 ./Debug/driver_src_stm32f4xx_dac.c.o
 .data          0x20009c48        0x0 ./Debug/driver_src_stm32f4xx_tim.c.o
 .data          0x20009c48        0x0 /home/jger/EDA223/Arm_GNU_Toolchain/arm-gnu-toolchain-13.2.Rel1-x86_64-arm-none-eabi/bin/../lib/gcc/arm-none-eabi/13.2.1/../../../../arm-none-eabi/lib/thumb/v7e-m+fp/hard/libc_nano.a(libc_a-snprintf.o)
 .data          0x20009c48        0x0 /home/jger/EDA223/Arm_GNU_Toolchain/arm-gnu-toolchain-13.2.Rel1-x86_64-arm-none-eabi/bin/../lib/gcc/arm-none-eabi/13.2.1/../../../../arm-none-eabi/lib/thumb/v7e-m+fp/hard/libc_nano.a(libc_a-atoi.o)
 .data          0x20009c48        0x0 /home/jger/EDA223/Arm_GNU_Toolchain/arm-gnu-toolchain-13.2.Rel1-x86_64-arm-none-eabi/bin/../lib/gcc/arm-none-eabi/13.2.1/../../../../arm-none-eabi/lib/thumb/v7e-m+fp/hard/libc_nano.a(libc_a-strtol.o)
 .data          0x20009c48        0x0 /home/jger/EDA223/Arm_GNU_Toolchain/arm-gnu-toolchain-13.2.Rel1-x86_64-arm-none-eabi/bin/../lib/gcc/arm-none-eabi/13.2.1/../../../../arm-none-eabi/lib/thumb/v7e-m+fp/hard/libc_nano.a(libc_a-nano-svfprintf.o)
 .data          0x20009c48        0x0 /home/jger/EDA223/Arm_GNU_Toolchain/arm-gnu-toolchain-13.2.Rel1-x86_64-arm-none-eabi/bin/../lib/gcc/arm-none-eabi/13.2.1/../../../../arm-none-eabi/lib/thumb/v7e-m+fp/hard/libc_nano.a(libc_a-nano-vfprintf_i.o)
 .data          0x20009c48        0x0 /home/jger/EDA223/Arm_GNU_Toolchain/arm-gnu-toolchain-13.2.Rel1-x86_64-arm-none-eabi/bin/../lib/gcc/arm-none-eabi/13.2.1/../../../../arm-none-eabi/lib/thumb/v7e-m+fp/hard/libc_nano.a(libc_a-impure.o)
 .data          0x20009c48        0x0 /home/jger/EDA223/Arm_GNU_Toolchain/arm-gnu-toolchain-13.2.Rel1-x86_64-arm-none-eabi/bin/../lib/gcc/arm-none-eabi/13.2.1/../../../../arm-none-eabi/lib/thumb/v7e-m+fp/hard/libc_nano.a(libc_a-memchr.o)
 .data          0x20009c48        0x0 /home/jger/EDA223/Arm_GNU_Toolchain/arm-gnu-toolchain-13.2.Rel1-x86_64-arm-none-eabi/bin/../lib/gcc/arm-none-eabi/13.2.1/../../../../arm-none-eabi/lib/thumb/v7e-m+fp/hard/libc_nano.a(libc_a-memcpy-stub.o)
 .data          0x20009c48        0x0 /home/jger/EDA223/Arm_GNU_Toolchain/arm-gnu-toolchain-13.2.Rel1-x86_64-arm-none-eabi/bin/../lib/gcc/arm-none-eabi/13.2.1/../../../../arm-none-eabi/lib/thumb/v7e-m+fp/hard/libc_nano.a(libc_a-mallocr.o)
 .data          0x20009c48        0x0 /home/jger/EDA223/Arm_GNU_Toolchain/arm-gnu-toolchain-13.2.Rel1-x86_64-arm-none-eabi/bin/../lib/gcc/arm-none-eabi/13.2.1/../../../../arm-none-eabi/lib/thumb/v7e-m+fp/hard/libc_nano.a(libc_a-mlock.o)
 .data          0x20009c48        0x0 /home/jger/EDA223/Arm_GNU_Toolchain/arm-gnu-toolchain-13.2.Rel1-x86_64-arm-none-eabi/bin/../lib/gcc/arm-none-eabi/13.2.1/../../../../arm-none-eabi/lib/thumb/v7e-m+fp/hard/libc_nano.a(libc_a-ctype_.o)
 .data          0x20009c48        0x0 /home/jger/EDA223/Arm_GNU_Toolchain/arm-gnu-toolchain-13.2.Rel1-x86_64-arm-none-eabi/bin/../lib/gcc/arm-none-eabi/13.2.1/../../../../arm-none-eabi/lib/thumb/v7e-m+fp/hard/libc_nano.a(libc_a-sbrkr.o)
 .data          0x20009c48        0x0 /home/jger/EDA223/Arm_GNU_Toolchain/arm-gnu-toolchain-13.2.Rel1-x86_64-arm-none-eabi/bin/../lib/gcc/arm-none-eabi/13.2.1/../../../../arm-none-eabi/lib/thumb/v7e-m+fp/hard/libc_nano.a(libc_a-errno.o)
 .data          0x20009c48        0x0 /home/jger/EDA223/Arm_GNU_Toolchain/arm-gnu-toolchain-13.2.Rel1-x86_64-arm-none-eabi/bin/../lib/gcc/arm-none-eabi/13.2.1/../../../../arm-none-eabi/lib/thumb/v7e-m+fp/hard/libc_nano.a(libc_a-memmove.o)
 .data          0x20009c48        0x0 /home/jger/EDA223/Arm_GNU_Toolchain/arm-gnu-toolchain-13.2.Rel1-x86_64-arm-none-eabi/bin/../lib/gcc/arm-none-eabi/13.2.1/../../../../arm-none-eabi/lib/thumb/v7e-m+fp/hard/libc_nano.a(libc_a-reallocr.o)
 .data          0x20009c48        0x0 /home/jger/EDA223/Arm_GNU_Toolchain/arm-gnu-toolchain-13.2.Rel1-x86_64-arm-none-eabi/bin/../lib/gcc/arm-none-eabi/13.2.1/../../../../arm-none-eabi/lib/thumb/v7e-m+fp/hard/libc_nano.a(libc_a-freer.o)
 .data          0x20009c48        0x0 /home/jger/EDA223/Arm_GNU_Toolchain/arm-gnu-toolchain-13.2.Rel1-x86_64-arm-none-eabi/bin/../lib/gcc/arm-none-eabi/13.2.1/../../../../arm-none-eabi/lib/thumb/v7e-m+fp/hard/libc_nano.a(libc_a-lock.o)
 .data          0x20009c48        0x0 /home/jger/EDA223/Arm_GNU_Toolchain/arm-gnu-toolchain-13.2.Rel1-x86_64-arm-none-eabi/bin/../lib/gcc/arm-none-eabi/13.2.1/../../../../arm-none-eabi/lib/thumb/v7e-m+fp/hard/libc_nano.a(libc_a-reent.o)
 .data          0x20009c48        0x0 /home/jger/EDA223/Arm_GNU_Toolchain/arm-gnu-toolchain-13.2.Rel1-x86_64-arm-none-eabi/bin/../lib/gcc/arm-none-eabi/13.2.1/../../../../arm-none-eabi/lib/thumb/v7e-m+fp/hard/libc_nano.a(libc_a-msizer.o)
 *(.data.*)
 .data._impure_ptr
                0x20009c48        0x4 /home/jger/EDA223/Arm_GNU_Toolchain/arm-gnu-toolchain-13.2.Rel1-x86_64-arm-none-eabi/bin/../lib/gcc/arm-none-eabi/13.2.1/../../../../arm-none-eabi/lib/thumb/v7e-m+fp/hard/libc_nano.a(libc_a-impure.o)
                0x20009c48                _impure_ptr
 .data._impure_data
                0x20009c4c       0x4c /home/jger/EDA223/Arm_GNU_Toolchain/arm-gnu-toolchain-13.2.Rel1-x86_64-arm-none-eabi/bin/../lib/gcc/arm-none-eabi/13.2.1/../../../../arm-none-eabi/lib/thumb/v7e-m+fp/hard/libc_nano.a(libc_a-impure.o)
                0x20009c4c                _impure_data
                0x20009c98                        . = ALIGN (0x4)

.igot.plt       0x20009c98        0x0
 .igot.plt      0x20009c98        0x0 ./Debug/driver_src_stm32f4xx_syscfg.c.o

.bss            0x20009c98     0x8394
                0x20009c98                        . = ALIGN (0x4)
                0x20009c98                        _sbss = .
 *(.bss)
 .bss           0x20009c98        0x0 ./Debug/driver_src_stm32f4xx_syscfg.c.o
 .bss           0x20009c98        0x0 ./Debug/driver_src_stm32f4xx_exti.c.o
 .bss           0x20009c98        0x0 ./Debug/driver_src_stm32f4xx_can.c.o
 .bss           0x20009c98        0x0 ./Debug/driver_src_stm32f4xx_usart.c.o
 .bss           0x20009c98     0x8370 ./Debug/TinyTimber.c.o
                0x20009c98                __heap_end
                0x20009c9c                messages
                0x20009f6c                threads
                0x20009fc0                stacks
                0x20011fc0                thread0
                0x20011fd4                msgQ
                0x20011fd8                timerQ
                0x20011fdc                runAsHardware
                0x20011fe0                doIRQSchedule
                0x20011fe4                timestamp
                0x20011fe8                overflows
                0x20011fec                upcoming
                0x20011ff0                mtable
                0x20011ffc                otable
 .bss           0x20012008        0x0 ./Debug/startup.c.o
 .bss           0x20012008        0xc ./Debug/CANComms.c.o
                0x20012008                canComms
 .bss           0x20012014        0x0 ./Debug/dispatch.s.o
 .bss           0x20012014        0x0 ./Debug/sciTinyTimber.c.o
 .bss           0x20012014        0x0 ./Debug/musicPlayer.c.o
 .bss           0x20012014        0x0 ./Debug/driver_src_stm32f4xx_rcc.c.o
 .bss           0x20012014        0x0 ./Debug/application.c.o
 .bss           0x20012014        0x0 ./Debug/canTinyTimber.c.o
 .bss           0x20012014        0x4 ./Debug/toneGenerator.c.o
 .bss           0x20012018        0x0 ./Debug/driver_src_stm32f4xx_gpio.c.o
 .bss           0x20012018        0x0 ./Debug/driver_src_stm32f4xx_dac.c.o
 .bss           0x20012018        0x0 ./Debug/driver_src_stm32f4xx_tim.c.o
 .bss           0x20012018        0x0 /home/jger/EDA223/Arm_GNU_Toolchain/arm-gnu-toolchain-13.2.Rel1-x86_64-arm-none-eabi/bin/../lib/gcc/arm-none-eabi/13.2.1/../../../../arm-none-eabi/lib/thumb/v7e-m+fp/hard/libc_nano.a(libc_a-snprintf.o)
 .bss           0x20012018        0x0 /home/jger/EDA223/Arm_GNU_Toolchain/arm-gnu-toolchain-13.2.Rel1-x86_64-arm-none-eabi/bin/../lib/gcc/arm-none-eabi/13.2.1/../../../../arm-none-eabi/lib/thumb/v7e-m+fp/hard/libc_nano.a(libc_a-atoi.o)
 .bss           0x20012018        0x0 /home/jger/EDA223/Arm_GNU_Toolchain/arm-gnu-toolchain-13.2.Rel1-x86_64-arm-none-eabi/bin/../lib/gcc/arm-none-eabi/13.2.1/../../../../arm-none-eabi/lib/thumb/v7e-m+fp/hard/libc_nano.a(libc_a-strtol.o)
 .bss           0x20012018        0x0 /home/jger/EDA223/Arm_GNU_Toolchain/arm-gnu-toolchain-13.2.Rel1-x86_64-arm-none-eabi/bin/../lib/gcc/arm-none-eabi/13.2.1/../../../../arm-none-eabi/lib/thumb/v7e-m+fp/hard/libc_nano.a(libc_a-nano-svfprintf.o)
 .bss           0x20012018        0x0 /home/jger/EDA223/Arm_GNU_Toolchain/arm-gnu-toolchain-13.2.Rel1-x86_64-arm-none-eabi/bin/../lib/gcc/arm-none-eabi/13.2.1/../../../../arm-none-eabi/lib/thumb/v7e-m+fp/hard/libc_nano.a(libc_a-nano-vfprintf_i.o)
 .bss           0x20012018        0x0 /home/jger/EDA223/Arm_GNU_Toolchain/arm-gnu-toolchain-13.2.Rel1-x86_64-arm-none-eabi/bin/../lib/gcc/arm-none-eabi/13.2.1/../../../../arm-none-eabi/lib/thumb/v7e-m+fp/hard/libc_nano.a(libc_a-impure.o)
 .bss           0x20012018        0x0 /home/jger/EDA223/Arm_GNU_Toolchain/arm-gnu-toolchain-13.2.Rel1-x86_64-arm-none-eabi/bin/../lib/gcc/arm-none-eabi/13.2.1/../../../../arm-none-eabi/lib/thumb/v7e-m+fp/hard/libc_nano.a(libc_a-memchr.o)
 .bss           0x20012018        0x0 /home/jger/EDA223/Arm_GNU_Toolchain/arm-gnu-toolchain-13.2.Rel1-x86_64-arm-none-eabi/bin/../lib/gcc/arm-none-eabi/13.2.1/../../../../arm-none-eabi/lib/thumb/v7e-m+fp/hard/libc_nano.a(libc_a-memcpy-stub.o)
 .bss           0x20012018        0x0 /home/jger/EDA223/Arm_GNU_Toolchain/arm-gnu-toolchain-13.2.Rel1-x86_64-arm-none-eabi/bin/../lib/gcc/arm-none-eabi/13.2.1/../../../../arm-none-eabi/lib/thumb/v7e-m+fp/hard/libc_nano.a(libc_a-mallocr.o)
 .bss           0x20012018        0x0 /home/jger/EDA223/Arm_GNU_Toolchain/arm-gnu-toolchain-13.2.Rel1-x86_64-arm-none-eabi/bin/../lib/gcc/arm-none-eabi/13.2.1/../../../../arm-none-eabi/lib/thumb/v7e-m+fp/hard/libc_nano.a(libc_a-mlock.o)
 .bss           0x20012018        0x0 /home/jger/EDA223/Arm_GNU_Toolchain/arm-gnu-toolchain-13.2.Rel1-x86_64-arm-none-eabi/bin/../lib/gcc/arm-none-eabi/13.2.1/../../../../arm-none-eabi/lib/thumb/v7e-m+fp/hard/libc_nano.a(libc_a-ctype_.o)
 .bss           0x20012018        0x0 /home/jger/EDA223/Arm_GNU_Toolchain/arm-gnu-toolchain-13.2.Rel1-x86_64-arm-none-eabi/bin/../lib/gcc/arm-none-eabi/13.2.1/../../../../arm-none-eabi/lib/thumb/v7e-m+fp/hard/libc_nano.a(libc_a-sbrkr.o)
 .bss           0x20012018        0x0 /home/jger/EDA223/Arm_GNU_Toolchain/arm-gnu-toolchain-13.2.Rel1-x86_64-arm-none-eabi/bin/../lib/gcc/arm-none-eabi/13.2.1/../../../../arm-none-eabi/lib/thumb/v7e-m+fp/hard/libc_nano.a(libc_a-errno.o)
 .bss           0x20012018        0x0 /home/jger/EDA223/Arm_GNU_Toolchain/arm-gnu-toolchain-13.2.Rel1-x86_64-arm-none-eabi/bin/../lib/gcc/arm-none-eabi/13.2.1/../../../../arm-none-eabi/lib/thumb/v7e-m+fp/hard/libc_nano.a(libc_a-memmove.o)
 .bss           0x20012018        0x0 /home/jger/EDA223/Arm_GNU_Toolchain/arm-gnu-toolchain-13.2.Rel1-x86_64-arm-none-eabi/bin/../lib/gcc/arm-none-eabi/13.2.1/../../../../arm-none-eabi/lib/thumb/v7e-m+fp/hard/libc_nano.a(libc_a-reallocr.o)
 .bss           0x20012018        0x0 /home/jger/EDA223/Arm_GNU_Toolchain/arm-gnu-toolchain-13.2.Rel1-x86_64-arm-none-eabi/bin/../lib/gcc/arm-none-eabi/13.2.1/../../../../arm-none-eabi/lib/thumb/v7e-m+fp/hard/libc_nano.a(libc_a-freer.o)
 .bss           0x20012018        0x0 /home/jger/EDA223/Arm_GNU_Toolchain/arm-gnu-toolchain-13.2.Rel1-x86_64-arm-none-eabi/bin/../lib/gcc/arm-none-eabi/13.2.1/../../../../arm-none-eabi/lib/thumb/v7e-m+fp/hard/libc_nano.a(libc_a-lock.o)
 .bss           0x20012018        0x0 /home/jger/EDA223/Arm_GNU_Toolchain/arm-gnu-toolchain-13.2.Rel1-x86_64-arm-none-eabi/bin/../lib/gcc/arm-none-eabi/13.2.1/../../../../arm-none-eabi/lib/thumb/v7e-m+fp/hard/libc_nano.a(libc_a-reent.o)
 .bss           0x20012018        0x0 /home/jger/EDA223/Arm_GNU_Toolchain/arm-gnu-toolchain-13.2.Rel1-x86_64-arm-none-eabi/bin/../lib/gcc/arm-none-eabi/13.2.1/../../../../arm-none-eabi/lib/thumb/v7e-m+fp/hard/libc_nano.a(libc_a-msizer.o)
 *(.bss.*)
 .bss.__malloc_sbrk_start
                0x20012018        0x4 /home/jger/EDA223/Arm_GNU_Toolchain/arm-gnu-toolchain-13.2.Rel1-x86_64-arm-none-eabi/bin/../lib/gcc/arm-none-eabi/13.2.1/../../../../arm-none-eabi/lib/thumb/v7e-m+fp/hard/libc_nano.a(libc_a-mallocr.o)
                0x20012018                __malloc_sbrk_start
 .bss.__malloc_free_list
                0x2001201c        0x4 /home/jger/EDA223/Arm_GNU_Toolchain/arm-gnu-toolchain-13.2.Rel1-x86_64-arm-none-eabi/bin/../lib/gcc/arm-none-eabi/13.2.1/../../../../arm-none-eabi/lib/thumb/v7e-m+fp/hard/libc_nano.a(libc_a-mallocr.o)
                0x2001201c                __malloc_free_list
 .bss.__lock___arc4random_mutex
                0x20012020        0x1 /home/jger/EDA223/Arm_GNU_Toolchain/arm-gnu-toolchain-13.2.Rel1-x86_64-arm-none-eabi/bin/../lib/gcc/arm-none-eabi/13.2.1/../../../../arm-none-eabi/lib/thumb/v7e-m+fp/hard/libc_nano.a(libc_a-lock.o)
                0x20012020                __lock___arc4random_mutex
 .bss.__lock___dd_hash_mutex
                0x20012021        0x1 /home/jger/EDA223/Arm_GNU_Toolchain/arm-gnu-toolchain-13.2.Rel1-x86_64-arm-none-eabi/bin/../lib/gcc/arm-none-eabi/13.2.1/../../../../arm-none-eabi/lib/thumb/v7e-m+fp/hard/libc_nano.a(libc_a-lock.o)
                0x20012021                __lock___dd_hash_mutex
 .bss.__lock___tz_mutex
                0x20012022        0x1 /home/jger/EDA223/Arm_GNU_Toolchain/arm-gnu-toolchain-13.2.Rel1-x86_64-arm-none-eabi/bin/../lib/gcc/arm-none-eabi/13.2.1/../../../../arm-none-eabi/lib/thumb/v7e-m+fp/hard/libc_nano.a(libc_a-lock.o)
                0x20012022                __lock___tz_mutex
 .bss.__lock___env_recursive_mutex
                0x20012023        0x1 /home/jger/EDA223/Arm_GNU_Toolchain/arm-gnu-toolchain-13.2.Rel1-x86_64-arm-none-eabi/bin/../lib/gcc/arm-none-eabi/13.2.1/../../../../arm-none-eabi/lib/thumb/v7e-m+fp/hard/libc_nano.a(libc_a-lock.o)
                0x20012023                __lock___env_recursive_mutex
 .bss.__lock___malloc_recursive_mutex
                0x20012024        0x1 /home/jger/EDA223/Arm_GNU_Toolchain/arm-gnu-toolchain-13.2.Rel1-x86_64-arm-none-eabi/bin/../lib/gcc/arm-none-eabi/13.2.1/../../../../arm-none-eabi/lib/thumb/v7e-m+fp/hard/libc_nano.a(libc_a-lock.o)
                0x20012024                __lock___malloc_recursive_mutex
 .bss.__lock___at_quick_exit_mutex
                0x20012025        0x1 /home/jger/EDA223/Arm_GNU_Toolchain/arm-gnu-toolchain-13.2.Rel1-x86_64-arm-none-eabi/bin/../lib/gcc/arm-none-eabi/13.2.1/../../../../arm-none-eabi/lib/thumb/v7e-m+fp/hard/libc_nano.a(libc_a-lock.o)
                0x20012025                __lock___at_quick_exit_mutex
 .bss.__lock___atexit_recursive_mutex
                0x20012026        0x1 /home/jger/EDA223/Arm_GNU_Toolchain/arm-gnu-toolchain-13.2.Rel1-x86_64-arm-none-eabi/bin/../lib/gcc/arm-none-eabi/13.2.1/../../../../arm-none-eabi/lib/thumb/v7e-m+fp/hard/libc_nano.a(libc_a-lock.o)
                0x20012026                __lock___atexit_recursive_mutex
 .bss.__lock___sfp_recursive_mutex
                0x20012027        0x1 /home/jger/EDA223/Arm_GNU_Toolchain/arm-gnu-toolchain-13.2.Rel1-x86_64-arm-none-eabi/bin/../lib/gcc/arm-none-eabi/13.2.1/../../../../arm-none-eabi/lib/thumb/v7e-m+fp/hard/libc_nano.a(libc_a-lock.o)
                0x20012027                __lock___sfp_recursive_mutex
 .bss.errno     0x20012028        0x4 /home/jger/EDA223/Arm_GNU_Toolchain/arm-gnu-toolchain-13.2.Rel1-x86_64-arm-none-eabi/bin/../lib/gcc/arm-none-eabi/13.2.1/../../../../arm-none-eabi/lib/thumb/v7e-m+fp/hard/libc_nano.a(libc_a-reent.o)
                0x20012028                errno
 *(COMMON)
                0x2001202c                        . = ALIGN (0x4)
                0x2001202c                        _ebss = .
                0x2001202c                        PROVIDE (end = _ebss)
                [!provide]                        PROVIDE (_end = _ebss)
OUTPUT(./Debug/RTS-Lab.elf elf32-littlearm)
LOAD linker stubs

.debug_info     0x00000000     0xa96b
 .debug_info    0x00000000      0x284 ./Debug/driver_src_stm32f4xx_syscfg.c.o
 .debug_info    0x00000284      0x31b ./Debug/driver_src_stm32f4xx_exti.c.o
 .debug_info    0x0000059f      0xb71 ./Debug/driver_src_stm32f4xx_can.c.o
 .debug_info    0x00001110      0x9be ./Debug/driver_src_stm32f4xx_usart.c.o
 .debug_info    0x00001ace     0x18b3 ./Debug/TinyTimber.c.o
 .debug_info    0x00003381      0xc29 ./Debug/startup.c.o
 .debug_info    0x00003faa      0x3da ./Debug/CANComms.c.o
 .debug_info    0x00004384      0xa14 ./Debug/sciTinyTimber.c.o
 .debug_info    0x00004d98      0x57e ./Debug/musicPlayer.c.o
 .debug_info    0x00005316      0xda3 ./Debug/driver_src_stm32f4xx_rcc.c.o
 .debug_info    0x000060b9      0xd51 ./Debug/application.c.o
 .debug_info    0x00006e0a      0xe78 ./Debug/canTinyTimber.c.o
 .debug_info    0x00007c82      0x4d5 ./Debug/toneGenerator.c.o
 .debug_info    0x00008157      0x608 ./Debug/driver_src_stm32f4xx_gpio.c.o
 .debug_info    0x0000875f      0x61b ./Debug/driver_src_stm32f4xx_dac.c.o
 .debug_info    0x00008d7a     0x1bf1 ./Debug/driver_src_stm32f4xx_tim.c.o

.debug_abbrev   0x00000000     0x238c
 .debug_abbrev  0x00000000      0x161 ./Debug/driver_src_stm32f4xx_syscfg.c.o
 .debug_abbrev  0x00000161      0x1d1 ./Debug/driver_src_stm32f4xx_exti.c.o
 .debug_abbrev  0x00000332      0x240 ./Debug/driver_src_stm32f4xx_can.c.o
 .debug_abbrev  0x00000572      0x1af ./Debug/driver_src_stm32f4xx_usart.c.o
 .debug_abbrev  0x00000721      0x536 ./Debug/TinyTimber.c.o
 .debug_abbrev  0x00000c57      0x2c3 ./Debug/startup.c.o
 .debug_abbrev  0x00000f1a      0x155 ./Debug/CANComms.c.o
 .debug_abbrev  0x0000106f      0x2c0 ./Debug/sciTinyTimber.c.o
 .debug_abbrev  0x0000132f      0x1e5 ./Debug/musicPlayer.c.o
 .debug_abbrev  0x00001514      0x1df ./Debug/driver_src_stm32f4xx_rcc.c.o
 .debug_abbrev  0x000016f3      0x2ed ./Debug/application.c.o
 .debug_abbrev  0x000019e0      0x2c8 ./Debug/canTinyTimber.c.o
 .debug_abbrev  0x00001ca8      0x16c ./Debug/toneGenerator.c.o
 .debug_abbrev  0x00001e14      0x1ec ./Debug/driver_src_stm32f4xx_gpio.c.o
 .debug_abbrev  0x00002000      0x1c0 ./Debug/driver_src_stm32f4xx_dac.c.o
 .debug_abbrev  0x000021c0      0x1cc ./Debug/driver_src_stm32f4xx_tim.c.o

.debug_aranges  0x00000000      0x208
 .debug_aranges
                0x00000000       0x20 ./Debug/driver_src_stm32f4xx_syscfg.c.o
 .debug_aranges
                0x00000020       0x20 ./Debug/driver_src_stm32f4xx_exti.c.o
 .debug_aranges
                0x00000040       0x20 ./Debug/driver_src_stm32f4xx_can.c.o
 .debug_aranges
                0x00000060       0x20 ./Debug/driver_src_stm32f4xx_usart.c.o
 .debug_aranges
                0x00000080       0x20 ./Debug/TinyTimber.c.o
 .debug_aranges
                0x000000a0       0x28 ./Debug/startup.c.o
 .debug_aranges
                0x000000c8       0x20 ./Debug/CANComms.c.o
 .debug_aranges
                0x000000e8       0x20 ./Debug/sciTinyTimber.c.o
 .debug_aranges
                0x00000108       0x20 ./Debug/musicPlayer.c.o
 .debug_aranges
                0x00000128       0x20 ./Debug/driver_src_stm32f4xx_rcc.c.o
 .debug_aranges
                0x00000148       0x20 ./Debug/application.c.o
 .debug_aranges
                0x00000168       0x20 ./Debug/canTinyTimber.c.o
 .debug_aranges
                0x00000188       0x20 ./Debug/toneGenerator.c.o
 .debug_aranges
                0x000001a8       0x20 ./Debug/driver_src_stm32f4xx_gpio.c.o
 .debug_aranges
                0x000001c8       0x20 ./Debug/driver_src_stm32f4xx_dac.c.o
 .debug_aranges
                0x000001e8       0x20 ./Debug/driver_src_stm32f4xx_tim.c.o

.debug_line     0x00000000     0x5a7e
 .debug_line    0x00000000      0x2e2 ./Debug/driver_src_stm32f4xx_syscfg.c.o
 .debug_line    0x000002e2      0x389 ./Debug/driver_src_stm32f4xx_exti.c.o
 .debug_line    0x0000066b      0xa46 ./Debug/driver_src_stm32f4xx_can.c.o
 .debug_line    0x000010b1      0x667 ./Debug/driver_src_stm32f4xx_usart.c.o
 .debug_line    0x00001718      0xb47 ./Debug/TinyTimber.c.o
 .debug_line    0x0000225f      0x431 ./Debug/startup.c.o
 .debug_line    0x00002690      0x21c ./Debug/CANComms.c.o
 .debug_line    0x000028ac      0x39b ./Debug/sciTinyTimber.c.o
 .debug_line    0x00002c47      0x27f ./Debug/musicPlayer.c.o
 .debug_line    0x00002ec6      0x859 ./Debug/driver_src_stm32f4xx_rcc.c.o
 .debug_line    0x0000371f      0x675 ./Debug/application.c.o
 .debug_line    0x00003d94      0x479 ./Debug/canTinyTimber.c.o
 .debug_line    0x0000420d      0x274 ./Debug/toneGenerator.c.o
 .debug_line    0x00004481      0x4b5 ./Debug/driver_src_stm32f4xx_gpio.c.o
 .debug_line    0x00004936      0x472 ./Debug/driver_src_stm32f4xx_dac.c.o
 .debug_line    0x00004da8      0xcd6 ./Debug/driver_src_stm32f4xx_tim.c.o

.debug_str      0x00000000     0x37e1
 .debug_str     0x00000000     0x37e1 ./Debug/driver_src_stm32f4xx_syscfg.c.o
                                0x344 (size before relaxing)
 .debug_str     0x000037e1      0x36b ./Debug/driver_src_stm32f4xx_exti.c.o
 .debug_str     0x000037e1      0x774 ./Debug/driver_src_stm32f4xx_can.c.o
 .debug_str     0x000037e1      0x6ee ./Debug/driver_src_stm32f4xx_usart.c.o
 .debug_str     0x000037e1      0xd74 ./Debug/TinyTimber.c.o
 .debug_str     0x000037e1      0x8f1 ./Debug/startup.c.o
 .debug_str     0x000037e1      0x302 ./Debug/CANComms.c.o
 .debug_str     0x000037e1      0x913 ./Debug/sciTinyTimber.c.o
 .debug_str     0x000037e1      0x360 ./Debug/musicPlayer.c.o
 .debug_str     0x000037e1      0x9b4 ./Debug/driver_src_stm32f4xx_rcc.c.o
 .debug_str     0x000037e1      0x666 ./Debug/application.c.o
 .debug_str     0x000037e1      0xaba ./Debug/canTinyTimber.c.o
 .debug_str     0x000037e1      0x348 ./Debug/toneGenerator.c.o
 .debug_str     0x000037e1      0x4e9 ./Debug/driver_src_stm32f4xx_gpio.c.o
 .debug_str     0x000037e1      0x489 ./Debug/driver_src_stm32f4xx_dac.c.o
 .debug_str     0x000037e1      0xe1d ./Debug/driver_src_stm32f4xx_tim.c.o

.comment        0x00000000       0x44
 .comment       0x00000000       0x44 ./Debug/driver_src_stm32f4xx_syscfg.c.o
                                 0x45 (size before relaxing)
 .comment       0x00000044       0x45 ./Debug/driver_src_stm32f4xx_exti.c.o
 .comment       0x00000044       0x45 ./Debug/driver_src_stm32f4xx_can.c.o
 .comment       0x00000044       0x45 ./Debug/driver_src_stm32f4xx_usart.c.o
 .comment       0x00000044       0x45 ./Debug/TinyTimber.c.o
 .comment       0x00000044       0x45 ./Debug/startup.c.o
 .comment       0x00000044       0x45 ./Debug/CANComms.c.o
 .comment       0x00000044       0x45 ./Debug/sciTinyTimber.c.o
 .comment       0x00000044       0x45 ./Debug/musicPlayer.c.o
 .comment       0x00000044       0x45 ./Debug/driver_src_stm32f4xx_rcc.c.o
 .comment       0x00000044       0x45 ./Debug/application.c.o
 .comment       0x00000044       0x45 ./Debug/canTinyTimber.c.o
 .comment       0x00000044       0x45 ./Debug/toneGenerator.c.o
 .comment       0x00000044       0x45 ./Debug/driver_src_stm32f4xx_gpio.c.o
 .comment       0x00000044       0x45 ./Debug/driver_src_stm32f4xx_dac.c.o
 .comment       0x00000044       0x45 ./Debug/driver_src_stm32f4xx_tim.c.o

.ARM.attributes
                0x00000000       0x32
 .ARM.attributes
                0x00000000       0x34 ./Debug/driver_src_stm32f4xx_syscfg.c.o
 .ARM.attributes
                0x00000034       0x34 ./Debug/driver_src_stm32f4xx_exti.c.o
 .ARM.attributes
                0x00000068       0x34 ./Debug/driver_src_stm32f4xx_can.c.o
 .ARM.attributes
                0x0000009c       0x34 ./Debug/driver_src_stm32f4xx_usart.c.o
 .ARM.attributes
                0x000000d0       0x34 ./Debug/TinyTimber.c.o
 .ARM.attributes
                0x00000104       0x34 ./Debug/startup.c.o
 .ARM.attributes
                0x00000138       0x34 ./Debug/CANComms.c.o
 .ARM.attributes
                0x0000016c       0x25 ./Debug/dispatch.s.o
 .ARM.attributes
                0x00000191       0x34 ./Debug/sciTinyTimber.c.o
 .ARM.attributes
                0x000001c5       0x34 ./Debug/musicPlayer.c.o
 .ARM.attributes
                0x000001f9       0x34 ./Debug/driver_src_stm32f4xx_rcc.c.o
 .ARM.attributes
                0x0000022d       0x34 ./Debug/application.c.o
 .ARM.attributes
                0x00000261       0x34 ./Debug/canTinyTimber.c.o
 .ARM.attributes
                0x00000295       0x34 ./Debug/toneGenerator.c.o
 .ARM.attributes
                0x000002c9       0x34 ./Debug/driver_src_stm32f4xx_gpio.c.o
 .ARM.attributes
                0x000002fd       0x34 ./Debug/driver_src_stm32f4xx_dac.c.o
 .ARM.attributes
                0x00000331       0x34 ./Debug/driver_src_stm32f4xx_tim.c.o
 .ARM.attributes
                0x00000365       0x34 /home/jger/EDA223/Arm_GNU_Toolchain/arm-gnu-toolchain-13.2.Rel1-x86_64-arm-none-eabi/bin/../lib/gcc/arm-none-eabi/13.2.1/../../../../arm-none-eabi/lib/thumb/v7e-m+fp/hard/libc_nano.a(libc_a-snprintf.o)
 .ARM.attributes
                0x00000399       0x34 /home/jger/EDA223/Arm_GNU_Toolchain/arm-gnu-toolchain-13.2.Rel1-x86_64-arm-none-eabi/bin/../lib/gcc/arm-none-eabi/13.2.1/../../../../arm-none-eabi/lib/thumb/v7e-m+fp/hard/libc_nano.a(libc_a-atoi.o)
 .ARM.attributes
                0x000003cd       0x34 /home/jger/EDA223/Arm_GNU_Toolchain/arm-gnu-toolchain-13.2.Rel1-x86_64-arm-none-eabi/bin/../lib/gcc/arm-none-eabi/13.2.1/../../../../arm-none-eabi/lib/thumb/v7e-m+fp/hard/libc_nano.a(libc_a-strtol.o)
 .ARM.attributes
                0x00000401       0x34 /home/jger/EDA223/Arm_GNU_Toolchain/arm-gnu-toolchain-13.2.Rel1-x86_64-arm-none-eabi/bin/../lib/gcc/arm-none-eabi/13.2.1/../../../../arm-none-eabi/lib/thumb/v7e-m+fp/hard/libc_nano.a(libc_a-nano-svfprintf.o)
 .ARM.attributes
                0x00000435       0x34 /home/jger/EDA223/Arm_GNU_Toolchain/arm-gnu-toolchain-13.2.Rel1-x86_64-arm-none-eabi/bin/../lib/gcc/arm-none-eabi/13.2.1/../../../../arm-none-eabi/lib/thumb/v7e-m+fp/hard/libc_nano.a(libc_a-nano-vfprintf_i.o)
 .ARM.attributes
                0x00000469       0x34 /home/jger/EDA223/Arm_GNU_Toolchain/arm-gnu-toolchain-13.2.Rel1-x86_64-arm-none-eabi/bin/../lib/gcc/arm-none-eabi/13.2.1/../../../../arm-none-eabi/lib/thumb/v7e-m+fp/hard/libc_nano.a(libc_a-impure.o)
 .ARM.attributes
                0x0000049d       0x1c /home/jger/EDA223/Arm_GNU_Toolchain/arm-gnu-toolchain-13.2.Rel1-x86_64-arm-none-eabi/bin/../lib/gcc/arm-none-eabi/13.2.1/../../../../arm-none-eabi/lib/thumb/v7e-m+fp/hard/libc_nano.a(libc_a-memchr.o)
 .ARM.attributes
                0x000004b9       0x34 /home/jger/EDA223/Arm_GNU_Toolchain/arm-gnu-toolchain-13.2.Rel1-x86_64-arm-none-eabi/bin/../lib/gcc/arm-none-eabi/13.2.1/../../../../arm-none-eabi/lib/thumb/v7e-m+fp/hard/libc_nano.a(libc_a-memcpy-stub.o)
 .ARM.attributes
                0x000004ed       0x34 /home/jger/EDA223/Arm_GNU_Toolchain/arm-gnu-toolchain-13.2.Rel1-x86_64-arm-none-eabi/bin/../lib/gcc/arm-none-eabi/13.2.1/../../../../arm-none-eabi/lib/thumb/v7e-m+fp/hard/libc_nano.a(libc_a-mallocr.o)
 .ARM.attributes
                0x00000521       0x34 /home/jger/EDA223/Arm_GNU_Toolchain/arm-gnu-toolchain-13.2.Rel1-x86_64-arm-none-eabi/bin/../lib/gcc/arm-none-eabi/13.2.1/../../../../arm-none-eabi/lib/thumb/v7e-m+fp/hard/libc_nano.a(libc_a-mlock.o)
 .ARM.attributes
                0x00000555       0x34 /home/jger/EDA223/Arm_GNU_Toolchain/arm-gnu-toolchain-13.2.Rel1-x86_64-arm-none-eabi/bin/../lib/gcc/arm-none-eabi/13.2.1/../../../../arm-none-eabi/lib/thumb/v7e-m+fp/hard/libc_nano.a(libc_a-ctype_.o)
 .ARM.attributes
                0x00000589       0x34 /home/jger/EDA223/Arm_GNU_Toolchain/arm-gnu-toolchain-13.2.Rel1-x86_64-arm-none-eabi/bin/../lib/gcc/arm-none-eabi/13.2.1/../../../../arm-none-eabi/lib/thumb/v7e-m+fp/hard/libc_nano.a(libc_a-sbrkr.o)
 .ARM.attributes
                0x000005bd       0x34 /home/jger/EDA223/Arm_GNU_Toolchain/arm-gnu-toolchain-13.2.Rel1-x86_64-arm-none-eabi/bin/../lib/gcc/arm-none-eabi/13.2.1/../../../../arm-none-eabi/lib/thumb/v7e-m+fp/hard/libc_nano.a(libc_a-errno.o)
 .ARM.attributes
                0x000005f1       0x34 /home/jger/EDA223/Arm_GNU_Toolchain/arm-gnu-toolchain-13.2.Rel1-x86_64-arm-none-eabi/bin/../lib/gcc/arm-none-eabi/13.2.1/../../../../arm-none-eabi/lib/thumb/v7e-m+fp/hard/libc_nano.a(libc_a-memmove.o)
 .ARM.attributes
                0x00000625       0x34 /home/jger/EDA223/Arm_GNU_Toolchain/arm-gnu-toolchain-13.2.Rel1-x86_64-arm-none-eabi/bin/../lib/gcc/arm-none-eabi/13.2.1/../../../../arm-none-eabi/lib/thumb/v7e-m+fp/hard/libc_nano.a(libc_a-reallocr.o)
 .ARM.attributes
                0x00000659       0x34 /home/jger/EDA223/Arm_GNU_Toolchain/arm-gnu-toolchain-13.2.Rel1-x86_64-arm-none-eabi/bin/../lib/gcc/arm-none-eabi/13.2.1/../../../../arm-none-eabi/lib/thumb/v7e-m+fp/hard/libc_nano.a(libc_a-freer.o)
 .ARM.attributes
                0x0000068d       0x34 /home/jger/EDA223/Arm_GNU_Toolchain/arm-gnu-toolchain-13.2.Rel1-x86_64-arm-none-eabi/bin/../lib/gcc/arm-none-eabi/13.2.1/../../../../arm-none-eabi/lib/thumb/v7e-m+fp/hard/libc_nano.a(libc_a-lock.o)
 .ARM.attributes
                0x000006c1       0x34 /home/jger/EDA223/Arm_GNU_Toolchain/arm-gnu-toolchain-13.2.Rel1-x86_64-arm-none-eabi/bin/../lib/gcc/arm-none-eabi/13.2.1/../../../../arm-none-eabi/lib/thumb/v7e-m+fp/hard/libc_nano.a(libc_a-reent.o)
 .ARM.attributes
                0x000006f5       0x34 /home/jger/EDA223/Arm_GNU_Toolchain/arm-gnu-toolchain-13.2.Rel1-x86_64-arm-none-eabi/bin/../lib/gcc/arm-none-eabi/13.2.1/../../../../arm-none-eabi/lib/thumb/v7e-m+fp/hard/libc_nano.a(libc_a-msizer.o)

.debug_frame    0x00000000     0x3884
 .debug_frame   0x00000000      0x11c ./Debug/driver_src_stm32f4xx_syscfg.c.o
 .debug_frame   0x0000011c      0x148 ./Debug/driver_src_stm32f4xx_exti.c.o
 .debug_frame   0x00000264      0x3f8 ./Debug/driver_src_stm32f4xx_can.c.o
 .debug_frame   0x0000065c      0x490 ./Debug/driver_src_stm32f4xx_usart.c.o
 .debug_frame   0x00000aec      0x57c ./Debug/TinyTimber.c.o
 .debug_frame   0x00001068      0x14c ./Debug/startup.c.o
 .debug_frame   0x000011b4       0x84 ./Debug/CANComms.c.o
 .debug_frame   0x00001238      0x11c ./Debug/sciTinyTimber.c.o
 .debug_frame   0x00001354      0x16c ./Debug/musicPlayer.c.o
 .debug_frame   0x000014c0      0x814 ./Debug/driver_src_stm32f4xx_rcc.c.o
 .debug_frame   0x00001cd4       0xa0 ./Debug/application.c.o
 .debug_frame   0x00001d74      0x100 ./Debug/canTinyTimber.c.o
 .debug_frame   0x00001e74      0x23c ./Debug/toneGenerator.c.o
 .debug_frame   0x000020b0      0x23c ./Debug/driver_src_stm32f4xx_gpio.c.o
 .debug_frame   0x000022ec      0x2ac ./Debug/driver_src_stm32f4xx_dac.c.o
 .debug_frame   0x00002598      0xe54 ./Debug/driver_src_stm32f4xx_tim.c.o
 .debug_frame   0x000033ec       0x7c /home/jger/EDA223/Arm_GNU_Toolchain/arm-gnu-toolchain-13.2.Rel1-x86_64-arm-none-eabi/bin/../lib/gcc/arm-none-eabi/13.2.1/../../../../arm-none-eabi/lib/thumb/v7e-m+fp/hard/libc_nano.a(libc_a-snprintf.o)
 .debug_frame   0x00003468       0x30 /home/jger/EDA223/Arm_GNU_Toolchain/arm-gnu-toolchain-13.2.Rel1-x86_64-arm-none-eabi/bin/../lib/gcc/arm-none-eabi/13.2.1/../../../../arm-none-eabi/lib/thumb/v7e-m+fp/hard/libc_nano.a(libc_a-atoi.o)
 .debug_frame   0x00003498       0x64 /home/jger/EDA223/Arm_GNU_Toolchain/arm-gnu-toolchain-13.2.Rel1-x86_64-arm-none-eabi/bin/../lib/gcc/arm-none-eabi/13.2.1/../../../../arm-none-eabi/lib/thumb/v7e-m+fp/hard/libc_nano.a(libc_a-strtol.o)
 .debug_frame   0x000034fc       0x90 /home/jger/EDA223/Arm_GNU_Toolchain/arm-gnu-toolchain-13.2.Rel1-x86_64-arm-none-eabi/bin/../lib/gcc/arm-none-eabi/13.2.1/../../../../arm-none-eabi/lib/thumb/v7e-m+fp/hard/libc_nano.a(libc_a-nano-svfprintf.o)
 .debug_frame   0x0000358c       0x60 /home/jger/EDA223/Arm_GNU_Toolchain/arm-gnu-toolchain-13.2.Rel1-x86_64-arm-none-eabi/bin/../lib/gcc/arm-none-eabi/13.2.1/../../../../arm-none-eabi/lib/thumb/v7e-m+fp/hard/libc_nano.a(libc_a-nano-vfprintf_i.o)
 .debug_frame   0x000035ec       0x28 /home/jger/EDA223/Arm_GNU_Toolchain/arm-gnu-toolchain-13.2.Rel1-x86_64-arm-none-eabi/bin/../lib/gcc/arm-none-eabi/13.2.1/../../../../arm-none-eabi/lib/thumb/v7e-m+fp/hard/libc_nano.a(libc_a-memcpy-stub.o)
 .debug_frame   0x00003614       0x50 /home/jger/EDA223/Arm_GNU_Toolchain/arm-gnu-toolchain-13.2.Rel1-x86_64-arm-none-eabi/bin/../lib/gcc/arm-none-eabi/13.2.1/../../../../arm-none-eabi/lib/thumb/v7e-m+fp/hard/libc_nano.a(libc_a-mallocr.o)
 .debug_frame   0x00003664       0x30 /home/jger/EDA223/Arm_GNU_Toolchain/arm-gnu-toolchain-13.2.Rel1-x86_64-arm-none-eabi/bin/../lib/gcc/arm-none-eabi/13.2.1/../../../../arm-none-eabi/lib/thumb/v7e-m+fp/hard/libc_nano.a(libc_a-mlock.o)
 .debug_frame   0x00003694       0x2c /home/jger/EDA223/Arm_GNU_Toolchain/arm-gnu-toolchain-13.2.Rel1-x86_64-arm-none-eabi/bin/../lib/gcc/arm-none-eabi/13.2.1/../../../../arm-none-eabi/lib/thumb/v7e-m+fp/hard/libc_nano.a(libc_a-sbrkr.o)
 .debug_frame   0x000036c0       0x20 /home/jger/EDA223/Arm_GNU_Toolchain/arm-gnu-toolchain-13.2.Rel1-x86_64-arm-none-eabi/bin/../lib/gcc/arm-none-eabi/13.2.1/../../../../arm-none-eabi/lib/thumb/v7e-m+fp/hard/libc_nano.a(libc_a-errno.o)
 .debug_frame   0x000036e0       0x28 /home/jger/EDA223/Arm_GNU_Toolchain/arm-gnu-toolchain-13.2.Rel1-x86_64-arm-none-eabi/bin/../lib/gcc/arm-none-eabi/13.2.1/../../../../arm-none-eabi/lib/thumb/v7e-m+fp/hard/libc_nano.a(libc_a-memmove.o)
 .debug_frame   0x00003708       0x3c /home/jger/EDA223/Arm_GNU_Toolchain/arm-gnu-toolchain-13.2.Rel1-x86_64-arm-none-eabi/bin/../lib/gcc/arm-none-eabi/13.2.1/../../../../arm-none-eabi/lib/thumb/v7e-m+fp/hard/libc_nano.a(libc_a-reallocr.o)
 .debug_frame   0x00003744       0x38 /home/jger/EDA223/Arm_GNU_Toolchain/arm-gnu-toolchain-13.2.Rel1-x86_64-arm-none-eabi/bin/../lib/gcc/arm-none-eabi/13.2.1/../../../../arm-none-eabi/lib/thumb/v7e-m+fp/hard/libc_nano.a(libc_a-freer.o)
 .debug_frame   0x0000377c       0xb0 /home/jger/EDA223/Arm_GNU_Toolchain/arm-gnu-toolchain-13.2.Rel1-x86_64-arm-none-eabi/bin/../lib/gcc/arm-none-eabi/13.2.1/../../../../arm-none-eabi/lib/thumb/v7e-m+fp/hard/libc_nano.a(libc_a-lock.o)
 .debug_frame   0x0000382c       0x38 /home/jger/EDA223/Arm_GNU_Toolchain/arm-gnu-toolchain-13.2.Rel1-x86_64-arm-none-eabi/bin/../lib/gcc/arm-none-eabi/13.2.1/../../../../arm-none-eabi/lib/thumb/v7e-m+fp/hard/libc_nano.a(libc_a-reent.o)
 .debug_frame   0x00003864       0x20 /home/jger/EDA223/Arm_GNU_Toolchain/arm-gnu-toolchain-13.2.Rel1-x86_64-arm-none-eabi/bin/../lib/gcc/arm-none-eabi/13.2.1/../../../../arm-none-eabi/lib/thumb/v7e-m+fp/hard/libc_nano.a(libc_a-msizer.o)

.debug_rnglists
                0x00000000       0x1a
 .debug_rnglists
                0x00000000       0x1a ./Debug/startup.c.o

.debug_line_str
                0x00000000       0xda
 .debug_line_str
                0x00000000       0xda /home/jger/EDA223/Arm_GNU_Toolchain/arm-gnu-toolchain-13.2.Rel1-x86_64-arm-none-eabi/bin/../lib/gcc/arm-none-eabi/13.2.1/../../../../arm-none-eabi/lib/thumb/v7e-m+fp/hard/libc_nano.a(libc_a-memchr.o)

Cross Reference Table

Symbol                                            File
ABORT                                             ./Debug/TinyTimber.c.o
CANReceive                                        ./Debug/CANComms.c.o
                                                  ./Debug/application.c.o
CAN_CancelTransmit                                ./Debug/driver_src_stm32f4xx_can.c.o
CAN_ClearFlag                                     ./Debug/driver_src_stm32f4xx_can.c.o
CAN_ClearITPendingBit                             ./Debug/driver_src_stm32f4xx_can.c.o
CAN_DBGFreeze                                     ./Debug/driver_src_stm32f4xx_can.c.o
CAN_DeInit                                        ./Debug/driver_src_stm32f4xx_can.c.o
                                                  ./Debug/startup.c.o
CAN_FIFORelease                                   ./Debug/driver_src_stm32f4xx_can.c.o
CAN_FilterInit                                    ./Debug/driver_src_stm32f4xx_can.c.o
                                                  ./Debug/startup.c.o
CAN_GetFlagStatus                                 ./Debug/driver_src_stm32f4xx_can.c.o
                                                  ./Debug/canTinyTimber.c.o
CAN_GetITStatus                                   ./Debug/driver_src_stm32f4xx_can.c.o
CAN_GetLSBTransmitErrorCounter                    ./Debug/driver_src_stm32f4xx_can.c.o
CAN_GetLastErrorCode                              ./Debug/driver_src_stm32f4xx_can.c.o
CAN_GetReceiveErrorCounter                        ./Debug/driver_src_stm32f4xx_can.c.o
CAN_ITConfig                                      ./Debug/driver_src_stm32f4xx_can.c.o
                                                  ./Debug/canTinyTimber.c.o
CAN_Init                                          ./Debug/driver_src_stm32f4xx_can.c.o
                                                  ./Debug/canTinyTimber.c.o
CAN_MessagePending                                ./Debug/driver_src_stm32f4xx_can.c.o
CAN_OperatingModeRequest                          ./Debug/driver_src_stm32f4xx_can.c.o
CAN_Receive                                       ./Debug/driver_src_stm32f4xx_can.c.o
                                                  ./Debug/canTinyTimber.c.o
CAN_SlaveStartBank                                ./Debug/driver_src_stm32f4xx_can.c.o
CAN_Sleep                                         ./Debug/driver_src_stm32f4xx_can.c.o
CAN_StructInit                                    ./Debug/driver_src_stm32f4xx_can.c.o
                                                  ./Debug/canTinyTimber.c.o
CAN_TTComModeCmd                                  ./Debug/driver_src_stm32f4xx_can.c.o
CAN_Transmit                                      ./Debug/driver_src_stm32f4xx_can.c.o
                                                  ./Debug/canTinyTimber.c.o
CAN_TransmitStatus                                ./Debug/driver_src_stm32f4xx_can.c.o
CAN_WakeUp                                        ./Debug/driver_src_stm32f4xx_can.c.o
CURRENT_OFFSET                                    ./Debug/TinyTimber.c.o
DAC_ClearFlag                                     ./Debug/driver_src_stm32f4xx_dac.c.o
DAC_ClearITPendingBit                             ./Debug/driver_src_stm32f4xx_dac.c.o
DAC_Cmd                                           ./Debug/driver_src_stm32f4xx_dac.c.o
                                                  ./Debug/startup.c.o
DAC_DMACmd                                        ./Debug/driver_src_stm32f4xx_dac.c.o
DAC_DeInit                                        ./Debug/driver_src_stm32f4xx_dac.c.o
                                                  ./Debug/startup.c.o
DAC_DualSoftwareTriggerCmd                        ./Debug/driver_src_stm32f4xx_dac.c.o
DAC_GetDataOutputValue                            ./Debug/driver_src_stm32f4xx_dac.c.o
DAC_GetFlagStatus                                 ./Debug/driver_src_stm32f4xx_dac.c.o
DAC_GetITStatus                                   ./Debug/driver_src_stm32f4xx_dac.c.o
DAC_ITConfig                                      ./Debug/driver_src_stm32f4xx_dac.c.o
DAC_Init                                          ./Debug/driver_src_stm32f4xx_dac.c.o
                                                  ./Debug/startup.c.o
DAC_SetChannel1Data                               ./Debug/driver_src_stm32f4xx_dac.c.o
DAC_SetChannel2Data                               ./Debug/driver_src_stm32f4xx_dac.c.o
                                                  ./Debug/startup.c.o
DAC_SetDualChannelData                            ./Debug/driver_src_stm32f4xx_dac.c.o
DAC_SoftwareTriggerCmd                            ./Debug/driver_src_stm32f4xx_dac.c.o
DAC_StructInit                                    ./Debug/driver_src_stm32f4xx_dac.c.o
                                                  ./Debug/startup.c.o
DAC_WaveGenerationCmd                             ./Debug/driver_src_stm32f4xx_dac.c.o
DUMP                                              ./Debug/TinyTimber.c.o
                                                  ./Debug/canTinyTimber.c.o
                                                  ./Debug/dispatch.s.o
DUMPC                                             ./Debug/TinyTimber.c.o
DUMPD                                             ./Debug/TinyTimber.c.o
                                                  ./Debug/dispatch.s.o
DUMPH                                             ./Debug/TinyTimber.c.o
                                                  ./Debug/dispatch.s.o
EXTI_ClearFlag                                    ./Debug/driver_src_stm32f4xx_exti.c.o
EXTI_ClearITPendingBit                            ./Debug/driver_src_stm32f4xx_exti.c.o
EXTI_DeInit                                       ./Debug/driver_src_stm32f4xx_exti.c.o
                                                  ./Debug/startup.c.o
EXTI_GenerateSWInterrupt                          ./Debug/driver_src_stm32f4xx_exti.c.o
EXTI_GetFlagStatus                                ./Debug/driver_src_stm32f4xx_exti.c.o
EXTI_GetITStatus                                  ./Debug/driver_src_stm32f4xx_exti.c.o
EXTI_Init                                         ./Debug/driver_src_stm32f4xx_exti.c.o
                                                  ./Debug/startup.c.o
EXTI_StructInit                                   ./Debug/driver_src_stm32f4xx_exti.c.o
                                                  ./Debug/startup.c.o
GPIO_DeInit                                       ./Debug/driver_src_stm32f4xx_gpio.c.o
                                                  ./Debug/startup.c.o
GPIO_Init                                         ./Debug/driver_src_stm32f4xx_gpio.c.o
                                                  ./Debug/startup.c.o
GPIO_PinAFConfig                                  ./Debug/driver_src_stm32f4xx_gpio.c.o
                                                  ./Debug/startup.c.o
GPIO_PinLockConfig                                ./Debug/driver_src_stm32f4xx_gpio.c.o
GPIO_ReadInputData                                ./Debug/driver_src_stm32f4xx_gpio.c.o
GPIO_ReadInputDataBit                             ./Debug/driver_src_stm32f4xx_gpio.c.o
GPIO_ReadOutputData                               ./Debug/driver_src_stm32f4xx_gpio.c.o
GPIO_ReadOutputDataBit                            ./Debug/driver_src_stm32f4xx_gpio.c.o
GPIO_ResetBits                                    ./Debug/driver_src_stm32f4xx_gpio.c.o
GPIO_SetBits                                      ./Debug/driver_src_stm32f4xx_gpio.c.o
GPIO_StructInit                                   ./Debug/driver_src_stm32f4xx_gpio.c.o
                                                  ./Debug/startup.c.o
GPIO_ToggleBits                                   ./Debug/driver_src_stm32f4xx_gpio.c.o
GPIO_Write                                        ./Debug/driver_src_stm32f4xx_gpio.c.o
GPIO_WriteBit                                     ./Debug/driver_src_stm32f4xx_gpio.c.o
                                                  ./Debug/startup.c.o
                                                  ./Debug/TinyTimber.c.o
RCC_AHB1PeriphClockCmd                            ./Debug/driver_src_stm32f4xx_rcc.c.o
                                                  ./Debug/startup.c.o
RCC_AHB1PeriphClockLPModeCmd                      ./Debug/driver_src_stm32f4xx_rcc.c.o
RCC_AHB1PeriphResetCmd                            ./Debug/driver_src_stm32f4xx_rcc.c.o
                                                  ./Debug/driver_src_stm32f4xx_gpio.c.o
RCC_AHB2PeriphClockCmd                            ./Debug/driver_src_stm32f4xx_rcc.c.o
RCC_AHB2PeriphClockLPModeCmd                      ./Debug/driver_src_stm32f4xx_rcc.c.o
RCC_AHB2PeriphResetCmd                            ./Debug/driver_src_stm32f4xx_rcc.c.o
RCC_AHB3PeriphClockCmd                            ./Debug/driver_src_stm32f4xx_rcc.c.o
RCC_AHB3PeriphClockLPModeCmd                      ./Debug/driver_src_stm32f4xx_rcc.c.o
RCC_AHB3PeriphResetCmd                            ./Debug/driver_src_stm32f4xx_rcc.c.o
RCC_APB1PeriphClockCmd                            ./Debug/driver_src_stm32f4xx_rcc.c.o
                                                  ./Debug/startup.c.o
RCC_APB1PeriphClockLPModeCmd                      ./Debug/driver_src_stm32f4xx_rcc.c.o
                                                  ./Debug/startup.c.o
RCC_APB1PeriphResetCmd                            ./Debug/driver_src_stm32f4xx_rcc.c.o
                                                  ./Debug/driver_src_stm32f4xx_tim.c.o
                                                  ./Debug/driver_src_stm32f4xx_dac.c.o
                                                  ./Debug/driver_src_stm32f4xx_usart.c.o
                                                  ./Debug/driver_src_stm32f4xx_can.c.o
RCC_APB2PeriphClockCmd                            ./Debug/driver_src_stm32f4xx_rcc.c.o
                                                  ./Debug/startup.c.o
RCC_APB2PeriphClockLPModeCmd                      ./Debug/driver_src_stm32f4xx_rcc.c.o
RCC_APB2PeriphResetCmd                            ./Debug/driver_src_stm32f4xx_rcc.c.o
                                                  ./Debug/driver_src_stm32f4xx_tim.c.o
                                                  ./Debug/driver_src_stm32f4xx_usart.c.o
                                                  ./Debug/driver_src_stm32f4xx_syscfg.c.o
RCC_AdjustHSICalibrationValue                     ./Debug/driver_src_stm32f4xx_rcc.c.o
RCC_BackupResetCmd                                ./Debug/driver_src_stm32f4xx_rcc.c.o
RCC_ClearFlag                                     ./Debug/driver_src_stm32f4xx_rcc.c.o
RCC_ClearITPendingBit                             ./Debug/driver_src_stm32f4xx_rcc.c.o
RCC_ClockSecuritySystemCmd                        ./Debug/driver_src_stm32f4xx_rcc.c.o
RCC_DeInit                                        ./Debug/driver_src_stm32f4xx_rcc.c.o
RCC_GetClocksFreq                                 ./Debug/driver_src_stm32f4xx_rcc.c.o
                                                  ./Debug/driver_src_stm32f4xx_usart.c.o
RCC_GetFlagStatus                                 ./Debug/driver_src_stm32f4xx_rcc.c.o
RCC_GetITStatus                                   ./Debug/driver_src_stm32f4xx_rcc.c.o
RCC_GetSYSCLKSource                               ./Debug/driver_src_stm32f4xx_rcc.c.o
RCC_HCLKConfig                                    ./Debug/driver_src_stm32f4xx_rcc.c.o
RCC_HSEConfig                                     ./Debug/driver_src_stm32f4xx_rcc.c.o
RCC_HSICmd                                        ./Debug/driver_src_stm32f4xx_rcc.c.o
RCC_I2SCLKConfig                                  ./Debug/driver_src_stm32f4xx_rcc.c.o
RCC_ITConfig                                      ./Debug/driver_src_stm32f4xx_rcc.c.o
RCC_LSEConfig                                     ./Debug/driver_src_stm32f4xx_rcc.c.o
RCC_LSICmd                                        ./Debug/driver_src_stm32f4xx_rcc.c.o
RCC_LTDCCLKDivConfig                              ./Debug/driver_src_stm32f4xx_rcc.c.o
RCC_MCO1Config                                    ./Debug/driver_src_stm32f4xx_rcc.c.o
RCC_MCO2Config                                    ./Debug/driver_src_stm32f4xx_rcc.c.o
RCC_PCLK1Config                                   ./Debug/driver_src_stm32f4xx_rcc.c.o
RCC_PCLK2Config                                   ./Debug/driver_src_stm32f4xx_rcc.c.o
RCC_PLLCmd                                        ./Debug/driver_src_stm32f4xx_rcc.c.o
RCC_PLLConfig                                     ./Debug/driver_src_stm32f4xx_rcc.c.o
RCC_PLLI2SCmd                                     ./Debug/driver_src_stm32f4xx_rcc.c.o
RCC_PLLI2SConfig                                  ./Debug/driver_src_stm32f4xx_rcc.c.o
RCC_PLLSAICmd                                     ./Debug/driver_src_stm32f4xx_rcc.c.o
RCC_PLLSAIConfig                                  ./Debug/driver_src_stm32f4xx_rcc.c.o
RCC_RTCCLKCmd                                     ./Debug/driver_src_stm32f4xx_rcc.c.o
RCC_RTCCLKConfig                                  ./Debug/driver_src_stm32f4xx_rcc.c.o
RCC_SAIBlockACLKConfig                            ./Debug/driver_src_stm32f4xx_rcc.c.o
RCC_SAIBlockBCLKConfig                            ./Debug/driver_src_stm32f4xx_rcc.c.o
RCC_SAIPLLI2SClkDivConfig                         ./Debug/driver_src_stm32f4xx_rcc.c.o
RCC_SAIPLLSAIClkDivConfig                         ./Debug/driver_src_stm32f4xx_rcc.c.o
RCC_SYSCLKConfig                                  ./Debug/driver_src_stm32f4xx_rcc.c.o
RCC_TIMCLKPresConfig                              ./Debug/driver_src_stm32f4xx_rcc.c.o
RCC_WaitForHSEStartUp                             ./Debug/driver_src_stm32f4xx_rcc.c.o
SETPC                                             ./Debug/TinyTimber.c.o
SETSTACK                                          ./Debug/TinyTimber.c.o
SYSCFG_CompensationCellCmd                        ./Debug/driver_src_stm32f4xx_syscfg.c.o
SYSCFG_DeInit                                     ./Debug/driver_src_stm32f4xx_syscfg.c.o
SYSCFG_ETH_MediaInterfaceConfig                   ./Debug/driver_src_stm32f4xx_syscfg.c.o
SYSCFG_EXTILineConfig                             ./Debug/driver_src_stm32f4xx_syscfg.c.o
                                                  ./Debug/startup.c.o
SYSCFG_GetCompensationCellStatus                  ./Debug/driver_src_stm32f4xx_syscfg.c.o
SYSCFG_MemoryRemapConfig                          ./Debug/driver_src_stm32f4xx_syscfg.c.o
SYSCFG_MemorySwappingBank                         ./Debug/driver_src_stm32f4xx_syscfg.c.o
TIMER_INIT                                        ./Debug/TinyTimber.c.o
TIM_ARRPreloadConfig                              ./Debug/driver_src_stm32f4xx_tim.c.o
TIM_BDTRConfig                                    ./Debug/driver_src_stm32f4xx_tim.c.o
TIM_BDTRStructInit                                ./Debug/driver_src_stm32f4xx_tim.c.o
TIM_CCPreloadControl                              ./Debug/driver_src_stm32f4xx_tim.c.o
TIM_CCxCmd                                        ./Debug/driver_src_stm32f4xx_tim.c.o
TIM_CCxNCmd                                       ./Debug/driver_src_stm32f4xx_tim.c.o
TIM_ClearFlag                                     ./Debug/driver_src_stm32f4xx_tim.c.o
TIM_ClearITPendingBit                             ./Debug/driver_src_stm32f4xx_tim.c.o
                                                  ./Debug/TinyTimber.c.o
TIM_ClearOC1Ref                                   ./Debug/driver_src_stm32f4xx_tim.c.o
TIM_ClearOC2Ref                                   ./Debug/driver_src_stm32f4xx_tim.c.o
TIM_ClearOC3Ref                                   ./Debug/driver_src_stm32f4xx_tim.c.o
TIM_ClearOC4Ref                                   ./Debug/driver_src_stm32f4xx_tim.c.o
TIM_Cmd                                           ./Debug/driver_src_stm32f4xx_tim.c.o
                                                  ./Debug/TinyTimber.c.o
TIM_CounterModeConfig                             ./Debug/driver_src_stm32f4xx_tim.c.o
TIM_CtrlPWMOutputs                                ./Debug/driver_src_stm32f4xx_tim.c.o
TIM_DMACmd                                        ./Debug/driver_src_stm32f4xx_tim.c.o
TIM_DMAConfig                                     ./Debug/driver_src_stm32f4xx_tim.c.o
TIM_DeInit                                        ./Debug/driver_src_stm32f4xx_tim.c.o
                                                  ./Debug/TinyTimber.c.o
TIM_ETRClockMode1Config                           ./Debug/driver_src_stm32f4xx_tim.c.o
TIM_ETRClockMode2Config                           ./Debug/driver_src_stm32f4xx_tim.c.o
TIM_ETRConfig                                     ./Debug/driver_src_stm32f4xx_tim.c.o
TIM_EncoderInterfaceConfig                        ./Debug/driver_src_stm32f4xx_tim.c.o
TIM_ForcedOC1Config                               ./Debug/driver_src_stm32f4xx_tim.c.o
TIM_ForcedOC2Config                               ./Debug/driver_src_stm32f4xx_tim.c.o
TIM_ForcedOC3Config                               ./Debug/driver_src_stm32f4xx_tim.c.o
TIM_ForcedOC4Config                               ./Debug/driver_src_stm32f4xx_tim.c.o
TIM_GenerateEvent                                 ./Debug/driver_src_stm32f4xx_tim.c.o
TIM_GetCapture1                                   ./Debug/driver_src_stm32f4xx_tim.c.o
TIM_GetCapture2                                   ./Debug/driver_src_stm32f4xx_tim.c.o
TIM_GetCapture3                                   ./Debug/driver_src_stm32f4xx_tim.c.o
TIM_GetCapture4                                   ./Debug/driver_src_stm32f4xx_tim.c.o
TIM_GetCounter                                    ./Debug/driver_src_stm32f4xx_tim.c.o
                                                  ./Debug/TinyTimber.c.o
TIM_GetFlagStatus                                 ./Debug/driver_src_stm32f4xx_tim.c.o
TIM_GetITStatus                                   ./Debug/driver_src_stm32f4xx_tim.c.o
TIM_GetPrescaler                                  ./Debug/driver_src_stm32f4xx_tim.c.o