Archive member included to satisfy reference by file (symbol)

c:/cseapp/codelite/tools/gcc-arm/bin/../lib/gcc/arm-none-eabi/9.2.1/../../../../arm-none-eabi/lib/thumb/v7e-m+fp/hard\libc_nano.a(lib_a-atoi.o)
                              ./Debug/application.c.o (atoi)
c:/cseapp/codelite/tools/gcc-arm/bin/../lib/gcc/arm-none-eabi/9.2.1/../../../../arm-none-eabi/lib/thumb/v7e-m+fp/hard\libc_nano.a(lib_a-snprintf.o)
                              ./Debug/application.c.o (snprintf)
c:/cseapp/codelite/tools/gcc-arm/bin/../lib/gcc/arm-none-eabi/9.2.1/../../../../arm-none-eabi/lib/thumb/v7e-m+fp/hard\libc_nano.a(lib_a-strtol.o)
                              c:/cseapp/codelite/tools/gcc-arm/bin/../lib/gcc/arm-none-eabi/9.2.1/../../../../arm-none-eabi/lib/thumb/v7e-m+fp/hard\libc_nano.a(lib_a-atoi.o) (_strtol_r)
c:/cseapp/codelite/tools/gcc-arm/bin/../lib/gcc/arm-none-eabi/9.2.1/../../../../arm-none-eabi/lib/thumb/v7e-m+fp/hard\libc_nano.a(lib_a-ctype_.o)
                              c:/cseapp/codelite/tools/gcc-arm/bin/../lib/gcc/arm-none-eabi/9.2.1/../../../../arm-none-eabi/lib/thumb/v7e-m+fp/hard\libc_nano.a(lib_a-strtol.o) (_ctype_)
c:/cseapp/codelite/tools/gcc-arm/bin/../lib/gcc/arm-none-eabi/9.2.1/../../../../arm-none-eabi/lib/thumb/v7e-m+fp/hard\libc_nano.a(lib_a-impure.o)
                              c:/cseapp/codelite/tools/gcc-arm/bin/../lib/gcc/arm-none-eabi/9.2.1/../../../../arm-none-eabi/lib/thumb/v7e-m+fp/hard\libc_nano.a(lib_a-snprintf.o) (_impure_ptr)
c:/cseapp/codelite/tools/gcc-arm/bin/../lib/gcc/arm-none-eabi/9.2.1/../../../../arm-none-eabi/lib/thumb/v7e-m+fp/hard\libc_nano.a(lib_a-nano-svfprintf.o)
                              c:/cseapp/codelite/tools/gcc-arm/bin/../lib/gcc/arm-none-eabi/9.2.1/../../../../arm-none-eabi/lib/thumb/v7e-m+fp/hard\libc_nano.a(lib_a-snprintf.o) (_svfprintf_r)
c:/cseapp/codelite/tools/gcc-arm/bin/../lib/gcc/arm-none-eabi/9.2.1/../../../../arm-none-eabi/lib/thumb/v7e-m+fp/hard\libc_nano.a(lib_a-nano-vfprintf_i.o)
                              c:/cseapp/codelite/tools/gcc-arm/bin/../lib/gcc/arm-none-eabi/9.2.1/../../../../arm-none-eabi/lib/thumb/v7e-m+fp/hard\libc_nano.a(lib_a-nano-svfprintf.o) (_printf_i)
c:/cseapp/codelite/tools/gcc-arm/bin/../lib/gcc/arm-none-eabi/9.2.1/../../../../arm-none-eabi/lib/thumb/v7e-m+fp/hard\libc_nano.a(lib_a-memchr.o)
                              c:/cseapp/codelite/tools/gcc-arm/bin/../lib/gcc/arm-none-eabi/9.2.1/../../../../arm-none-eabi/lib/thumb/v7e-m+fp/hard\libc_nano.a(lib_a-nano-svfprintf.o) (memchr)
c:/cseapp/codelite/tools/gcc-arm/bin/../lib/gcc/arm-none-eabi/9.2.1/../../../../arm-none-eabi/lib/thumb/v7e-m+fp/hard\libc_nano.a(lib_a-memcpy-stub.o)
                              c:/cseapp/codelite/tools/gcc-arm/bin/../lib/gcc/arm-none-eabi/9.2.1/../../../../arm-none-eabi/lib/thumb/v7e-m+fp/hard\libc_nano.a(lib_a-nano-svfprintf.o) (memcpy)
c:/cseapp/codelite/tools/gcc-arm/bin/../lib/gcc/arm-none-eabi/9.2.1/../../../../arm-none-eabi/lib/thumb/v7e-m+fp/hard\libc_nano.a(lib_a-memmove.o)
                              c:/cseapp/codelite/tools/gcc-arm/bin/../lib/gcc/arm-none-eabi/9.2.1/../../../../arm-none-eabi/lib/thumb/v7e-m+fp/hard\libc_nano.a(lib_a-nano-svfprintf.o) (memmove)
c:/cseapp/codelite/tools/gcc-arm/bin/../lib/gcc/arm-none-eabi/9.2.1/../../../../arm-none-eabi/lib/thumb/v7e-m+fp/hard\libc_nano.a(lib_a-nano-freer.o)
                              c:/cseapp/codelite/tools/gcc-arm/bin/../lib/gcc/arm-none-eabi/9.2.1/../../../../arm-none-eabi/lib/thumb/v7e-m+fp/hard\libc_nano.a(lib_a-nano-svfprintf.o) (_free_r)
c:/cseapp/codelite/tools/gcc-arm/bin/../lib/gcc/arm-none-eabi/9.2.1/../../../../arm-none-eabi/lib/thumb/v7e-m+fp/hard\libc_nano.a(lib_a-nano-mallocr.o)
                              c:/cseapp/codelite/tools/gcc-arm/bin/../lib/gcc/arm-none-eabi/9.2.1/../../../../arm-none-eabi/lib/thumb/v7e-m+fp/hard\libc_nano.a(lib_a-nano-svfprintf.o) (_malloc_r)
c:/cseapp/codelite/tools/gcc-arm/bin/../lib/gcc/arm-none-eabi/9.2.1/../../../../arm-none-eabi/lib/thumb/v7e-m+fp/hard\libc_nano.a(lib_a-nano-reallocr.o)
                              c:/cseapp/codelite/tools/gcc-arm/bin/../lib/gcc/arm-none-eabi/9.2.1/../../../../arm-none-eabi/lib/thumb/v7e-m+fp/hard\libc_nano.a(lib_a-nano-svfprintf.o) (_realloc_r)
c:/cseapp/codelite/tools/gcc-arm/bin/../lib/gcc/arm-none-eabi/9.2.1/../../../../arm-none-eabi/lib/thumb/v7e-m+fp/hard\libc_nano.a(lib_a-sbrkr.o)
                              c:/cseapp/codelite/tools/gcc-arm/bin/../lib/gcc/arm-none-eabi/9.2.1/../../../../arm-none-eabi/lib/thumb/v7e-m+fp/hard\libc_nano.a(lib_a-nano-mallocr.o) (_sbrk_r)
c:/cseapp/codelite/tools/gcc-arm/bin/../lib/gcc/arm-none-eabi/9.2.1/../../../../arm-none-eabi/lib/thumb/v7e-m+fp/hard\libc_nano.a(lib_a-mlock.o)
                              c:/cseapp/codelite/tools/gcc-arm/bin/../lib/gcc/arm-none-eabi/9.2.1/../../../../arm-none-eabi/lib/thumb/v7e-m+fp/hard\libc_nano.a(lib_a-nano-freer.o) (__malloc_lock)
[...]
Memory Configuration

Name             Origin             Length             Attributes
RAM              0x20000000         0x0001c000         xrw
*default*        0x00000000         0xffffffff

Linker script and memory map

LOAD ./Debug/driver_src_stm32f4xx_exti.c.o
LOAD ./Debug/driver_src_stm32f4xx_can.c.o
LOAD ./Debug/driver_src_stm32f4xx_usart.c.o
LOAD ./Debug/driver_src_stm32f4xx_syscfg.c.o
LOAD ./Debug/driver_src_stm32f4xx_rcc.c.o
LOAD ./Debug/driver_src_stm32f4xx_dac.c.o
LOAD ./Debug/driver_src_stm32f4xx_gpio.c.o
LOAD ./Debug/startup.c.o
LOAD ./Debug/application.c.o
LOAD ./Debug/sciTinyTimber.c.o
LOAD ./Debug/dispatch.s.o
LOAD ./Debug/driver_src_stm32f4xx_tim.c.o
LOAD ./Debug/canTinyTimber.c.o
LOAD ./Debug/TinyTimber.c.o
LOAD c:/cseapp/codelite/tools/gcc-arm/bin/../lib/gcc/arm-none-eabi/9.2.1/../../../../arm-none-eabi/lib/thumb/v7e-m+fp/hard\libstdc++_nano.a
LOAD c:/cseapp/codelite/tools/gcc-arm/bin/../lib/gcc/arm-none-eabi/9.2.1/../../../../arm-none-eabi/lib/thumb/v7e-m+fp/hard\libm.a
START GROUP
LOAD c:/cseapp/codelite/tools/gcc-arm/bin/../lib/gcc/arm-none-eabi/9.2.1/thumb/v7e-m+fp/hard\libgcc.a
LOAD c:/cseapp/codelite/tools/gcc-arm/bin/../lib/gcc/arm-none-eabi/9.2.1/../../../../arm-none-eabi/lib/thumb/v7e-m+fp/hard\libc_nano.a
END GROUP
START GROUP
LOAD c:/cseapp/codelite/tools/gcc-arm/bin/../lib/gcc/arm-none-eabi/9.2.1/thumb/v7e-m+fp/hard\libgcc.a
LOAD c:/cseapp/codelite/tools/gcc-arm/bin/../lib/gcc/arm-none-eabi/9.2.1/../../../../arm-none-eabi/lib/thumb/v7e-m+fp/hard\libc_nano.a
END GROUP

.text           0x20000000     0x7d50
                0x20000000                . = ALIGN (0x4)
 *(.start_section)
 .start_section
                0x20000000       0x1c ./Debug/startup.c.o
                0x20000000                startup
 *(.text)
 .text          0x2000001c      0x210 ./Debug/driver_src_stm32f4xx_exti.c.o
                0x2000001c                EXTI_DeInit
                0x20000050                EXTI_Init
                0x20000134                EXTI_StructInit
                0x20000160                EXTI_GenerateSWInterrupt
                0x20000184                EXTI_GetFlagStatus
                0x200001b8                EXTI_ClearFlag
                0x200001d8                EXTI_GetITStatus
                0x2000020c                EXTI_ClearITPendingBit
 .text          0x2000022c     0x11b4 ./Debug/driver_src_stm32f4xx_can.c.o
                0x2000022c                CAN_DeInit
                0x20000274                CAN_Init
                0x20000416                CAN_FilterInit
                0x2000059c                CAN_StructInit
                0x200005f2                CAN_SlaveStartBank
                0x20000654                CAN_DBGFreeze
                0x2000068c                CAN_TTComModeCmd
                0x20000724                CAN_Transmit
                0x200008c6                CAN_TransmitStatus
                0x200009cc                CAN_CancelTransmit
                0x20000a24                CAN_Receive
                0x20000ba0                CAN_FIFORelease
                0x20000bd8                CAN_MessagePending
                0x20000c22                CAN_OperatingModeRequest
                0x20000d1e                CAN_Sleep
                0x20000d58                CAN_WakeUp
                0x20000dae                CAN_GetLastErrorCode
                0x20000dd4                CAN_GetReceiveErrorCounter
                0x20000df6                CAN_GetLSBTransmitErrorCounter
                0x20000e18                CAN_ITConfig
                0x20000e54                CAN_GetFlagStatus
                0x20000f22                CAN_ClearFlag
                0x20000f94                CAN_GetITStatus
                0x200011f8                CAN_ClearITPendingBit
 .text          0x200013e0      0x970 ./Debug/driver_src_stm32f4xx_usart.c.o
                0x200013e0                USART_DeInit
                0x200014f8                USART_Init
                0x2000166c                USART_StructInit
                0x200016a6                USART_ClockInit
                0x200016fc                USART_ClockStructInit
                0x20001728                USART_Cmd
                0x20001768                USART_SetPrescaler
                0x200017a2                USART_OverSampling8Cmd
                0x200017e6                USART_OneBitMethodCmd
                0x20001826                USART_SendData
                0x2000184a                USART_ReceiveData
                0x2000186a                USART_SetAddress
                0x200018a4                USART_ReceiverWakeUpCmd
                0x200018e4                USART_WakeUpConfig
                0x2000191c                USART_LINBreakDetectLengthConfig
                0x20001954                USART_LINCmd
                0x20001994                USART_SendBreak
                0x200019b8                USART_HalfDuplexCmd
                0x200019f8                USART_SetGuardTime
                0x20001a34                USART_SmartCardCmd
                0x20001a74                USART_SmartCardNACKCmd
                0x20001ab4                USART_IrDAConfig
                0x20001aec                USART_IrDACmd
                0x20001b2c                USART_DMACmd
                0x20001b74                USART_ITConfig
                0x20001c04                USART_GetFlagStatus
                0x20001c3c                USART_ClearFlag
                0x20001c5e                USART_GetITStatus
                0x20001d14                USART_ClearITPendingBit
 .text          0x20001d50      0x154 ./Debug/driver_src_stm32f4xx_syscfg.c.o
                0x20001d50                SYSCFG_DeInit
                0x20001d6c                SYSCFG_MemoryRemapConfig
                0x20001d8c                SYSCFG_MemorySwappingBank
                0x20001dac                SYSCFG_EXTILineConfig
                0x20001e30                SYSCFG_ETH_MediaInterfaceConfig
                0x20001e50                SYSCFG_CompensationCellCmd
                0x20001e70                SYSCFG_GetCompensationCellStatus
 .text          0x20001ea4      0xcb0 ./Debug/driver_src_stm32f4xx_rcc.c.o
                0x20001ea4                RCC_DeInit
                0x20001f14                RCC_HSEConfig
                0x20001f3c                RCC_WaitForHSEStartUp
                0x20001f8c                RCC_AdjustHSICalibrationValue
                0x20001fc8                RCC_HSICmd
                0x20001fe8                RCC_LSEConfig
                0x2000202c                RCC_LSICmd
                0x2000204c                RCC_PLLConfig
                0x2000208c                RCC_PLLCmd
                0x200020ac                RCC_PLLI2SConfig
                0x200020d8                RCC_PLLI2SCmd
                0x200020f8                RCC_PLLSAIConfig
                0x2000212c                RCC_PLLSAICmd
                0x2000214c                RCC_ClockSecuritySystemCmd
                0x2000216c                RCC_MCO1Config
                0x200021ac                RCC_MCO2Config
                0x200021ec                RCC_SYSCLKConfig
                0x20002224                RCC_GetSYSCLKSource
                0x20002244                RCC_HCLKConfig
                0x2000227c                RCC_PCLK1Config
                0x200022b4                RCC_PCLK2Config
                0x200022f0                RCC_GetClocksFreq
                0x2000244c                RCC_RTCCLKConfig
                0x200024a8                RCC_RTCCLKCmd
                0x200024c8                RCC_BackupResetCmd
                0x200024e8                RCC_I2SCLKConfig
                0x20002508                RCC_SAIPLLI2SClkDivConfig
                0x20002548                RCC_SAIPLLSAIClkDivConfig
                0x20002588                RCC_SAIBlockACLKConfig
                0x200025c4                RCC_SAIBlockBCLKConfig
                0x20002600                RCC_LTDCCLKDivConfig
                0x2000263c                RCC_TIMCLKPresConfig
                0x2000265c                RCC_AHB1PeriphClockCmd
                0x2000269c                RCC_AHB2PeriphClockCmd
                0x200026dc                RCC_AHB3PeriphClockCmd
                0x2000271c                RCC_APB1PeriphClockCmd
                0x2000275c                RCC_APB2PeriphClockCmd
                0x2000279c                RCC_AHB1PeriphResetCmd
                0x200027dc                RCC_AHB2PeriphResetCmd
                0x2000281c                RCC_AHB3PeriphResetCmd
                0x2000285c                RCC_APB1PeriphResetCmd
                0x2000289c                RCC_APB2PeriphResetCmd
                0x200028dc                RCC_AHB1PeriphClockLPModeCmd
                0x2000291c                RCC_AHB2PeriphClockLPModeCmd
                0x2000295c                RCC_AHB3PeriphClockLPModeCmd
                0x2000299c                RCC_APB1PeriphClockLPModeCmd
                0x200029dc                RCC_APB2PeriphClockLPModeCmd
                0x20002a1c                RCC_ITConfig
                0x20002a68                RCC_GetFlagStatus
                0x20002adc                RCC_ClearFlag
                0x20002afc                RCC_GetITStatus
                0x20002b34                RCC_ClearITPendingBit
 .text          0x20002b54      0x450 ./Debug/driver_src_stm32f4xx_dac.c.o
                0x20002b54                DAC_DeInit
                0x20002b70                DAC_Init
                0x20002bd8                DAC_StructInit
                0x20002c04                DAC_Cmd
                0x20002c50                DAC_SoftwareTriggerCmd
                0x20002ca0                DAC_DualSoftwareTriggerCmd
                0x20002cdc                DAC_WaveGenerationCmd
                0x20002d28                DAC_SetChannel1Data
                0x20002d60                DAC_SetChannel2Data
                0x20002d98                DAC_SetDualChannelData
                0x20002df0                DAC_GetDataOutputValue
                0x20002e24                DAC_DMACmd
                0x20002e74                DAC_ITConfig
                0x20002ec0                DAC_GetFlagStatus
                0x20002efc                DAC_ClearFlag
                0x20002f24                DAC_GetITStatus
                0x20002f7c                DAC_ClearITPendingBit
 .text          0x20002fa4      0x4d8 ./Debug/driver_src_stm32f4xx_gpio.c.o
                0x20002fa4                GPIO_DeInit
                0x20003108                GPIO_Init
                0x20003226                GPIO_StructInit
                0x2000325a                GPIO_PinLockConfig
                0x2000329e                GPIO_ReadInputDataBit
                0x200032d2                GPIO_ReadInputData
                0x200032ec                GPIO_ReadOutputDataBit
                0x20003320                GPIO_ReadOutputData
                0x2000333a                GPIO_SetBits
                0x20003358                GPIO_ResetBits
                0x20003376                GPIO_WriteBit
                0x200033a6                GPIO_Write
                0x200033c4                GPIO_ToggleBits
                0x200033e8                GPIO_PinAFConfig
 .text          0x2000347c      0x32c ./Debug/startup.c.o
 .text          0x200037a8      0x2c0 ./Debug/application.c.o
                0x200037a8                receiver
                0x200037f8                reader
                0x200039a8                startApp
                0x20003a28                main
 .text          0x20003a68      0x294 ./Debug/sciTinyTimber.c.o
                0x20003af0                sci_init
                0x20003b96                sci_write
                0x20003bec                sci_writechar
                0x20003c22                sci_interrupt
 .text          0x20003cfc       0xf4 ./Debug/dispatch.s.o
                0x20003cfc                vect_SVCall
                0x20003d00                vect_PendSV
 .text          0x20003df0     0x1c1c ./Debug/driver_src_stm32f4xx_tim.c.o
                0x20003df0                TIM_DeInit
                0x20003fb0                TIM_TimeBaseInit
                0x20004088                TIM_TimeBaseStructInit
                0x200040bc                TIM_PrescalerConfig
                0x200040e4                TIM_CounterModeConfig
                0x2000411c                TIM_SetCounter
                0x20004138                TIM_SetAutoreload
                0x20004154                TIM_GetCounter
                0x2000416c                TIM_GetPrescaler
                0x20004186                TIM_UpdateDisableConfig
                0x200041c6                TIM_UpdateRequestConfig
                0x20004206                TIM_ARRPreloadConfig
                0x20004246                TIM_SelectOnePulseMode
                0x2000427e                TIM_SetClockDivision
                0x200042b6                TIM_Cmd
                0x200042f6                TIM_OC1Init
                0x200043ec                TIM_OC2Init
                0x200044fc                TIM_OC3Init
                0x20004608                TIM_OC4Init
                0x200046d8                TIM_OCStructInit
                0x2000471c                TIM_SelectOCxM
                0x200047d2                TIM_SetCompare1
                0x200047ee                TIM_SetCompare2
                0x2000480a                TIM_SetCompare3
                0x20004826                TIM_SetCompare4
                0x20004842                TIM_ForcedOC1Config
                0x2000487a                TIM_ForcedOC2Config
                0x200048b6                TIM_ForcedOC3Config
                0x200048ee                TIM_ForcedOC4Config
                0x2000492a                TIM_OC1PreloadConfig
                0x20004962                TIM_OC2PreloadConfig
                0x2000499e                TIM_OC3PreloadConfig
                0x200049d6                TIM_OC4PreloadConfig
                0x20004a12                TIM_OC1FastConfig
                0x20004a4a                TIM_OC2FastConfig
                0x20004a86                TIM_OC3FastConfig
                0x20004abe                TIM_OC4FastConfig
                0x20004afa                TIM_ClearOC1Ref
                0x20004b32                TIM_ClearOC2Ref
                0x20004b6e                TIM_ClearOC3Ref
                0x20004ba6                TIM_ClearOC4Ref
                0x20004be2                TIM_OC1PolarityConfig
                0x20004c1a                TIM_OC1NPolarityConfig
                0x20004c52                TIM_OC2PolarityConfig
                0x20004c8e                TIM_OC2NPolarityConfig
                0x20004cca                TIM_OC3PolarityConfig
                0x20004d06                TIM_OC3NPolarityConfig
                0x20004d42                TIM_OC4PolarityConfig
                0x20004d7e                TIM_CCxCmd
                0x20004dd4                TIM_CCxNCmd
                0x20004e2a                TIM_ICInit
                0x20004ed2                TIM_ICStructInit
                0x20004f04                TIM_PWMIConfig
                0x20004fbc                TIM_GetCapture1
                0x20004fd4                TIM_GetCapture2
                0x20004fec                TIM_GetCapture3
                0x20005004                TIM_GetCapture4
                0x2000501c                TIM_SetIC1Prescaler
                0x20005054                TIM_SetIC2Prescaler
                0x20005090                TIM_SetIC3Prescaler
                0x200050c8                TIM_SetIC4Prescaler
                0x20005104                TIM_BDTRConfig
                0x20005154                TIM_BDTRStructInit
                0x20005192                TIM_CtrlPWMOutputs
                0x200051de                TIM_SelectCOM
                0x2000521e                TIM_CCPreloadControl
                0x2000525e                TIM_ITConfig
                0x200052a6                TIM_GenerateEvent
                0x200052c4                TIM_GetFlagStatus
                0x200052fc                TIM_ClearFlag
                0x2000531e                TIM_GetITStatus
                0x20005372                TIM_ClearITPendingBit
                0x20005394                TIM_DMAConfig
                0x200053be                TIM_DMACmd
                0x20005406                TIM_SelectCCDMA
                0x20005446                TIM_InternalClockConfig
                0x2000546a                TIM_ITRxExternalClockConfig
                0x20005498                TIM_TIxExternalClockConfig
                0x200054f4                TIM_ETRClockMode1Config
                0x20005552                TIM_ETRClockMode2Config
                0x20005590                TIM_SelectInputTrigger
                0x200055c8                TIM_SelectOutputTrigger
                0x20005600                TIM_SelectSlaveMode
                0x20005638                TIM_SelectMasterSlaveMode
                0x20005670                TIM_ETRConfig
                0x200056c4                TIM_EncoderInterfaceConfig
                0x2000575c                TIM_SelectHallSensor
                0x2000579c                TIM_RemapConfig
 .text          0x20005a0c      0x434 ./Debug/canTinyTimber.c.o
                0x20005a94                can_init
                0x20005b4c                can_interrupt
                0x20005cd4                can_receive
                0x20005d9e                can_send
 .text          0x20005e40      0xf54 ./Debug/TinyTimber.c.o
                0x20005ec8                DUMP
                0x20005f02                DUMPH
                0x20005f60                DUMPD
                0x20006004                sei
                0x20006022                cli
                0x20006040                _sbrk
                0x20006084                SETSTACK
                0x200060ec                SETPC
                0x20006110                TIMER_INIT
                0x200061a8                DUMPC
                0x200061dc                vect_USART1
                0x20006244                vect_CAN1
                0x200062ac                vect_EXTI9_5
                0x20006314                enqueueByDeadline
                0x2000636c                enqueueByBaseline
                0x200063c4                dequeue
                0x20006414                dequeue_pool
                0x20006464                insert
                0x20006488                push
                0x200064ac                pop
                0x2000652e                vect_TIM5
                0x200065c0                __svc_dispatch
                0x200065d0                __pendSV_dispatch
                0x20006740                async
                0x2000687c                sync
                0x20006988                ABORT
                0x20006a3c                T_RESET
                0x20006a78                T_SAMPLE
                0x20006ab8                CURRENT_OFFSET
                0x20006c64                install
                0x20006d30                tinytimber
 .text          0x20006d94        0x0 c:/cseapp/codelite/tools/gcc-arm/bin/../lib/gcc/arm-none-eabi/9.2.1/../../../../arm-none-eabi/lib/thumb/v7e-m+fp/hard\libc_nano.a(lib_a-atoi.o)
 .text          0x20006d94        0x0 c:/cseapp/codelite/tools/gcc-arm/bin/../lib/gcc/arm-none-eabi/9.2.1/../../../../arm-none-eabi/lib/thumb/v7e-m+fp/hard\libc_nano.a(lib_a-snprintf.o)
 .text          0x20006d94        0x0 c:/cseapp/codelite/tools/gcc-arm/bin/../lib/gcc/arm-none-eabi/9.2.1/../../../../arm-none-eabi/lib/thumb/v7e-m+fp/hard\libc_nano.a(lib_a-strtol.o)
 .text          0x20006d94        0x0 c:/cseapp/codelite/tools/gcc-arm/bin/../lib/gcc/arm-none-eabi/9.2.1/../../../../arm-none-eabi/lib/thumb/v7e-m+fp/hard\libc_nano.a(lib_a-ctype_.o)
 .text          0x20006d94        0x0 c:/cseapp/codelite/tools/gcc-arm/bin/../lib/gcc/arm-none-eabi/9.2.1/../../../../arm-none-eabi/lib/thumb/v7e-m+fp/hard\libc_nano.a(lib_a-impure.o)
 .text          0x20006d94        0x0 c:/cseapp/codelite/tools/gcc-arm/bin/../lib/gcc/arm-none-eabi/9.2.1/../../../../arm-none-eabi/lib/thumb/v7e-m+fp/hard\libc_nano.a(lib_a-nano-svfprintf.o)
 .text          0x20006d94        0x0 c:/cseapp/codelite/tools/gcc-arm/bin/../lib/gcc/arm-none-eabi/9.2.1/../../../../arm-none-eabi/lib/thumb/v7e-m+fp/hard\libc_nano.a(lib_a-nano-vfprintf_i.o)
 *fill*         0x20006d94        0xc 
 .text          0x20006da0       0xa0 c:/cseapp/codelite/tools/gcc-arm/bin/../lib/gcc/arm-none-eabi/9.2.1/../../../../arm-none-eabi/lib/thumb/v7e-m+fp/hard\libc_nano.a(lib_a-memchr.o)
                0x20006da0                memchr
 .text          0x20006e40        0x0 c:/cseapp/codelite/tools/gcc-arm/bin/../lib/gcc/arm-none-eabi/9.2.1/../../../../arm-none-eabi/lib/thumb/v7e-m+fp/hard\libc_nano.a(lib_a-memcpy-stub.o)
 .text          0x20006e40        0x0 c:/cseapp/codelite/tools/gcc-arm/bin/../lib/gcc/arm-none-eabi/9.2.1/../../../../arm-none-eabi/lib/thumb/v7e-m+fp/hard\libc_nano.a(lib_a-memmove.o)
 .text          0x20006e40        0x0 c:/cseapp/codelite/tools/gcc-arm/bin/../lib/gcc/arm-none-eabi/9.2.1/../../../../arm-none-eabi/lib/thumb/v7e-m+fp/hard\libc_nano.a(lib_a-nano-freer.o)
 .text          0x20006e40        0x0 c:/cseapp/codelite/tools/gcc-arm/bin/../lib/gcc/arm-none-eabi/9.2.1/../../../../arm-none-eabi/lib/thumb/v7e-m+fp/hard\libc_nano.a(lib_a-nano-mallocr.o)
 .text          0x20006e40        0x0 c:/cseapp/codelite/tools/gcc-arm/bin/../lib/gcc/arm-none-eabi/9.2.1/../../../../arm-none-eabi/lib/thumb/v7e-m+fp/hard\libc_nano.a(lib_a-nano-reallocr.o)
 .text          0x20006e40        0x0 c:/cseapp/codelite/tools/gcc-arm/bin/../lib/gcc/arm-none-eabi/9.2.1/../../../../arm-none-eabi/lib/thumb/v7e-m+fp/hard\libc_nano.a(lib_a-sbrkr.o)
 .text          0x20006e40        0x0 c:/cseapp/codelite/tools/gcc-arm/bin/../lib/gcc/arm-none-eabi/9.2.1/../../../../arm-none-eabi/lib/thumb/v7e-m+fp/hard\libc_nano.a(lib_a-mlock.o)
 .text          0x20006e40        0x0 c:/cseapp/codelite/tools/gcc-arm/bin/../lib/gcc/arm-none-eabi/9.2.1/../../../../arm-none-eabi/lib/thumb/v7e-m+fp/hard\libc_nano.a(lib_a-nano-msizer.o)
 .text          0x20006e40        0x0 c:/cseapp/codelite/tools/gcc-arm/bin/../lib/gcc/arm-none-eabi/9.2.1/../../../../arm-none-eabi/lib/thumb/v7e-m+fp/hard\libc_nano.a(lib_a-reent.o)
 .text          0x20006e40        0x0 c:/cseapp/codelite/tools/gcc-arm/bin/../lib/gcc/arm-none-eabi/9.2.1/../../../../arm-none-eabi/lib/thumb/v7e-m+fp/hard\libc_nano.a(lib_a-lock.o)
 *(.text.*)
 .text.atoi     0x20006e40        0x8 c:/cseapp/codelite/tools/gcc-arm/bin/../lib/gcc/arm-none-eabi/9.2.1/../../../../arm-none-eabi/lib/thumb/v7e-m+fp/hard\libc_nano.a(lib_a-atoi.o)
                0x20006e40                atoi
 .text._atoi_r  0x20006e48        0x8 c:/cseapp/codelite/tools/gcc-arm/bin/../lib/gcc/arm-none-eabi/9.2.1/../../../../arm-none-eabi/lib/thumb/v7e-m+fp/hard\libc_nano.a(lib_a-atoi.o)
                0x20006e48                _atoi_r
 .text._snprintf_r
                0x20006e50       0x5e c:/cseapp/codelite/tools/gcc-arm/bin/../lib/gcc/arm-none-eabi/9.2.1/../../../../arm-none-eabi/lib/thumb/v7e-m+fp/hard\libc_nano.a(lib_a-snprintf.o)
                0x20006e50                _snprintf_r
                0x20006e50                _sniprintf_r
 *fill*         0x20006eae        0x2 
 .text.snprintf
                0x20006eb0       0x68 c:/cseapp/codelite/tools/gcc-arm/bin/../lib/gcc/arm-none-eabi/9.2.1/../../../../arm-none-eabi/lib/thumb/v7e-m+fp/hard\libc_nano.a(lib_a-snprintf.o)
                0x20006eb0                sniprintf
                0x20006eb0                snprintf
 .text._strtol_l.isra.0
                0x20006f18       0xf4 c:/cseapp/codelite/tools/gcc-arm/bin/../lib/gcc/arm-none-eabi/9.2.1/../../../../arm-none-eabi/lib/thumb/v7e-m+fp/hard\libc_nano.a(lib_a-strtol.o)
 .text._strtol_r
                0x2000700c        0x4 c:/cseapp/codelite/tools/gcc-arm/bin/../lib/gcc/arm-none-eabi/9.2.1/../../../../arm-none-eabi/lib/thumb/v7e-m+fp/hard\libc_nano.a(lib_a-strtol.o)
                0x2000700c                _strtol_r
 .text.strtol_l
                0x20007010       0x14 c:/cseapp/codelite/tools/gcc-arm/bin/../lib/gcc/arm-none-eabi/9.2.1/../../../../arm-none-eabi/lib/thumb/v7e-m+fp/hard\libc_nano.a(lib_a-strtol.o)
                0x20007010                strtol_l
 .text.strtol   0x20007024       0x14 c:/cseapp/codelite/tools/gcc-arm/bin/../lib/gcc/arm-none-eabi/9.2.1/../../../../arm-none-eabi/lib/thumb/v7e-m+fp/hard\libc_nano.a(lib_a-strtol.o)
                0x20007024                strtol
 .text.__ssputs_r
                0x20007038       0xb6 c:/cseapp/codelite/tools/gcc-arm/bin/../lib/gcc/arm-none-eabi/9.2.1/../../../../arm-none-eabi/lib/thumb/v7e-m+fp/hard\libc_nano.a(lib_a-nano-svfprintf.o)
                0x20007038                __ssputs_r
 .text.__ssprint_r
                0x200070ee       0xf6 c:/cseapp/codelite/tools/gcc-arm/bin/../lib/gcc/arm-none-eabi/9.2.1/../../../../arm-none-eabi/lib/thumb/v7e-m+fp/hard\libc_nano.a(lib_a-nano-svfprintf.o)
                0x200070ee                __ssprint_r
 .text._svfprintf_r
                0x200071e4      0x200 c:/cseapp/codelite/tools/gcc-arm/bin/../lib/gcc/arm-none-eabi/9.2.1/../../../../arm-none-eabi/lib/thumb/v7e-m+fp/hard\libc_nano.a(lib_a-nano-svfprintf.o)
                0x200071e4                _svfiprintf_r
                0x200071e4                _svfprintf_r
 .text._printf_common
                0x200073e4       0xda c:/cseapp/codelite/tools/gcc-arm/bin/../lib/gcc/arm-none-eabi/9.2.1/../../../../arm-none-eabi/lib/thumb/v7e-m+fp/hard\libc_nano.a(lib_a-nano-vfprintf_i.o)
                0x200073e4                _printf_common
 *fill*         0x200074be        0x2 
 .text._printf_i
                0x200074c0      0x24c c:/cseapp/codelite/tools/gcc-arm/bin/../lib/gcc/arm-none-eabi/9.2.1/../../../../arm-none-eabi/lib/thumb/v7e-m+fp/hard\libc_nano.a(lib_a-nano-vfprintf_i.o)
                0x200074c0                _printf_i
 .text.memcpy   0x2000770c       0x1c c:/cseapp/codelite/tools/gcc-arm/bin/../lib/gcc/arm-none-eabi/9.2.1/../../../../arm-none-eabi/lib/thumb/v7e-m+fp/hard\libc_nano.a(lib_a-memcpy-stub.o)
                0x2000770c                memcpy
 .text.memmove  0x20007728       0x34 c:/cseapp/codelite/tools/gcc-arm/bin/../lib/gcc/arm-none-eabi/9.2.1/../../../../arm-none-eabi/lib/thumb/v7e-m+fp/hard\libc_nano.a(lib_a-memmove.o)
                0x20007728                memmove
 .text._free_r  0x2000775c       0xa0 c:/cseapp/codelite/tools/gcc-arm/bin/../lib/gcc/arm-none-eabi/9.2.1/../../../../arm-none-eabi/lib/thumb/v7e-m+fp/hard\libc_nano.a(lib_a-nano-freer.o)
                0x2000775c                _free_r
 .text._malloc_r
                0x200077fc       0xb4 c:/cseapp/codelite/tools/gcc-arm/bin/../lib/gcc/arm-none-eabi/9.2.1/../../../../arm-none-eabi/lib/thumb/v7e-m+fp/hard\libc_nano.a(lib_a-nano-mallocr.o)
                0x200077fc                _malloc_r
 .text._realloc_r
                0x200078b0       0x4c c:/cseapp/codelite/tools/gcc-arm/bin/../lib/gcc/arm-none-eabi/9.2.1/../../../../arm-none-eabi/lib/thumb/v7e-m+fp/hard\libc_nano.a(lib_a-nano-reallocr.o)
                0x200078b0                _realloc_r
 .text._sbrk_r  0x200078fc       0x20 c:/cseapp/codelite/tools/gcc-arm/bin/../lib/gcc/arm-none-eabi/9.2.1/../../../../arm-none-eabi/lib/thumb/v7e-m+fp/hard\libc_nano.a(lib_a-sbrkr.o)
                0x200078fc                _sbrk_r
 .text.__malloc_lock
                0x2000791c        0xc c:/cseapp/codelite/tools/gcc-arm/bin/../lib/gcc/arm-none-eabi/9.2.1/../../../../arm-none-eabi/lib/thumb/v7e-m+fp/hard\libc_nano.a(lib_a-mlock.o)
                0x2000791c                __malloc_lock
 .text.__malloc_unlock
                0x20007928        0xc c:/cseapp/codelite/tools/gcc-arm/bin/../lib/gcc/arm-none-eabi/9.2.1/../../../../arm-none-eabi/lib/thumb/v7e-m+fp/hard\libc_nano.a(lib_a-mlock.o)
                0x20007928                __malloc_unlock
 .text._malloc_usable_size_r
                0x20007934       0x10 c:/cseapp/codelite/tools/gcc-arm/bin/../lib/gcc/arm-none-eabi/9.2.1/../../../../arm-none-eabi/lib/thumb/v7e-m+fp/hard\libc_nano.a(lib_a-nano-msizer.o)
                0x20007934                _malloc_usable_size_r
 .text.cleanup_glue
                0x20007944       0x1a c:/cseapp/codelite/tools/gcc-arm/bin/../lib/gcc/arm-none-eabi/9.2.1/../../../../arm-none-eabi/lib/thumb/v7e-m+fp/hard\libc_nano.a(lib_a-reent.o)
                0x20007944                cleanup_glue
 *fill*         0x2000795e        0x2 
 .text._reclaim_reent
                0x20007960       0xb8 c:/cseapp/codelite/tools/gcc-arm/bin/../lib/gcc/arm-none-eabi/9.2.1/../../../../arm-none-eabi/lib/thumb/v7e-m+fp/hard\libc_nano.a(lib_a-reent.o)
                0x20007960                _reclaim_reent
 .text.__retarget_lock_init
                0x20007a18        0x2 c:/cseapp/codelite/tools/gcc-arm/bin/../lib/gcc/arm-none-eabi/9.2.1/../../../../arm-none-eabi/lib/thumb/v7e-m+fp/hard\libc_nano.a(lib_a-lock.o)
                0x20007a18                __retarget_lock_init
 .text.__retarget_lock_init_recursive
                0x20007a1a        0x2 c:/cseapp/codelite/tools/gcc-arm/bin/../lib/gcc/arm-none-eabi/9.2.1/../../../../arm-none-eabi/lib/thumb/v7e-m+fp/hard\libc_nano.a(lib_a-lock.o)
                0x20007a1a                __retarget_lock_init_recursive
 .text.__retarget_lock_close
                0x20007a1c        0x2 c:/cseapp/codelite/tools/gcc-arm/bin/../lib/gcc/arm-none-eabi/9.2.1/../../../../arm-none-eabi/lib/thumb/v7e-m+fp/hard\libc_nano.a(lib_a-lock.o)
                0x20007a1c                __retarget_lock_close
 .text.__retarget_lock_close_recursive
                0x20007a1e        0x2 c:/cseapp/codelite/tools/gcc-arm/bin/../lib/gcc/arm-none-eabi/9.2.1/../../../../arm-none-eabi/lib/thumb/v7e-m+fp/hard\libc_nano.a(lib_a-lock.o)
                0x20007a1e                __retarget_lock_close_recursive
 .text.__retarget_lock_acquire
                0x20007a20        0x2 c:/cseapp/codelite/tools/gcc-arm/bin/../lib/gcc/arm-none-eabi/9.2.1/../../../../arm-none-eabi/lib/thumb/v7e-m+fp/hard\libc_nano.a(lib_a-lock.o)
                0x20007a20                __retarget_lock_acquire
 .text.__retarget_lock_acquire_recursive
                0x20007a22        0x2 c:/cseapp/codelite/tools/gcc-arm/bin/../lib/gcc/arm-none-eabi/9.2.1/../../../../arm-none-eabi/lib/thumb/v7e-m+fp/hard\libc_nano.a(lib_a-lock.o)
                0x20007a22                __retarget_lock_acquire_recursive
 .text.__retarget_lock_try_acquire
                0x20007a24        0x4 c:/cseapp/codelite/tools/gcc-arm/bin/../lib/gcc/arm-none-eabi/9.2.1/../../../../arm-none-eabi/lib/thumb/v7e-m+fp/hard\libc_nano.a(lib_a-lock.o)
                0x20007a24                __retarget_lock_try_acquire
 .text.__retarget_lock_try_acquire_recursive
                0x20007a28        0x4 c:/cseapp/codelite/tools/gcc-arm/bin/../lib/gcc/arm-none-eabi/9.2.1/../../../../arm-none-eabi/lib/thumb/v7e-m+fp/hard\libc_nano.a(lib_a-lock.o)
                0x20007a28                __retarget_lock_try_acquire_recursive
 .text.__retarget_lock_release
                0x20007a2c        0x2 c:/cseapp/codelite/tools/gcc-arm/bin/../lib/gcc/arm-none-eabi/9.2.1/../../../../arm-none-eabi/lib/thumb/v7e-m+fp/hard\libc_nano.a(lib_a-lock.o)
                0x20007a2c                __retarget_lock_release
 .text.__retarget_lock_release_recursive
                0x20007a2e        0x2 c:/cseapp/codelite/tools/gcc-arm/bin/../lib/gcc/arm-none-eabi/9.2.1/../../../../arm-none-eabi/lib/thumb/v7e-m+fp/hard\libc_nano.a(lib_a-lock.o)
                0x20007a2e                __retarget_lock_release_recursive
 *(.rodata)
 .rodata        0x20007a30       0xd5 ./Debug/application.c.o
 *fill*         0x20007b05        0x3 
 .rodata        0x20007b08       0x8a ./Debug/canTinyTimber.c.o
 *fill*         0x20007b92        0x2 
 .rodata        0x20007b94       0x81 ./Debug/TinyTimber.c.o
 *(.rodata*)
 .rodata._ctype_
                0x20007c15      0x101 c:/cseapp/codelite/tools/gcc-arm/bin/../lib/gcc/arm-none-eabi/9.2.1/../../../../arm-none-eabi/lib/thumb/v7e-m+fp/hard\libc_nano.a(lib_a-ctype_.o)
                0x20007c15                _ctype_
 *fill*         0x20007d16        0x2 
 .rodata._global_impure_ptr
                0x20007d18        0x4 c:/cseapp/codelite/tools/gcc-arm/bin/../lib/gcc/arm-none-eabi/9.2.1/../../../../arm-none-eabi/lib/thumb/v7e-m+fp/hard\libc_nano.a(lib_a-impure.o)
                0x20007d18                _global_impure_ptr
 .rodata._svfprintf_r.str1.1
                0x20007d1c       0x11 c:/cseapp/codelite/tools/gcc-arm/bin/../lib/gcc/arm-none-eabi/9.2.1/../../../../arm-none-eabi/lib/thumb/v7e-m+fp/hard\libc_nano.a(lib_a-nano-svfprintf.o)
 .rodata._printf_i.str1.1
                0x20007d2d       0x22 c:/cseapp/codelite/tools/gcc-arm/bin/../lib/gcc/arm-none-eabi/9.2.1/../../../../arm-none-eabi/lib/thumb/v7e-m+fp/hard\libc_nano.a(lib_a-nano-vfprintf_i.o)
 *(.glue_7)
 .glue_7        0x20007d4f        0x0 linker stubs
 *(.glue_7t)
 .glue_7t       0x20007d4f        0x0 linker stubs
                0x20007d50                . = ALIGN (0x4)
 *fill*         0x20007d4f        0x1 

.vfp11_veneer   0x20007d50        0x0
 .vfp11_veneer  0x20007d50        0x0 linker stubs

.v4_bx          0x20007d50        0x0
 .v4_bx         0x20007d50        0x0 linker stubs

.iplt           0x20007d50        0x0
 .iplt          0x20007d50        0x0 ./Debug/driver_src_stm32f4xx_exti.c.o

.rel.dyn        0x20007d50        0x0
 .rel.iplt      0x20007d50        0x0 ./Debug/driver_src_stm32f4xx_exti.c.o

.data           0x20007d50      0x600
                0x20007d50                . = ALIGN (0x4)
 *(.data)
 .data          0x20007d50        0x0 ./Debug/driver_src_stm32f4xx_exti.c.o
 .data          0x20007d50        0x0 ./Debug/driver_src_stm32f4xx_can.c.o
 .data          0x20007d50        0x0 ./Debug/driver_src_stm32f4xx_usart.c.o
 .data          0x20007d50        0x0 ./Debug/driver_src_stm32f4xx_syscfg.c.o
 .data          0x20007d50       0x10 ./Debug/driver_src_stm32f4xx_rcc.c.o
 .data          0x20007d60        0x0 ./Debug/driver_src_stm32f4xx_dac.c.o
 .data          0x20007d60        0x0 ./Debug/driver_src_stm32f4xx_gpio.c.o
 .data          0x20007d60        0x0 ./Debug/startup.c.o
 .data          0x20007d60      0x4e4 ./Debug/application.c.o
                0x20007d60                app
                0x20007dac                sci0
                0x200081cc                can0
 .data          0x20008244        0x0 ./Debug/sciTinyTimber.c.o
 .data          0x20008244       0x84 ./Debug/dispatch.s.o
 .data          0x200082c8        0x0 ./Debug/driver_src_stm32f4xx_tim.c.o
 .data          0x200082c8        0x0 ./Debug/canTinyTimber.c.o
 .data          0x200082c8       0x24 ./Debug/TinyTimber.c.o
                0x200082c8                hex
                0x200082dc                msgPool
                0x200082e0                threadPool
                0x200082e4                activeStack
                0x200082e8                current
 .data          0x200082ec        0x0 c:/cseapp/codelite/tools/gcc-arm/bin/../lib/gcc/arm-none-eabi/9.2.1/../../../../arm-none-eabi/lib/thumb/v7e-m+fp/hard\libc_nano.a(lib_a-atoi.o)
 .data          0x200082ec        0x0 c:/cseapp/codelite/tools/gcc-arm/bin/../lib/gcc/arm-none-eabi/9.2.1/../../../../arm-none-eabi/lib/thumb/v7e-m+fp/hard\libc_nano.a(lib_a-snprintf.o)
 .data          0x200082ec        0x0 c:/cseapp/codelite/tools/gcc-arm/bin/../lib/gcc/arm-none-eabi/9.2.1/../../../../arm-none-eabi/lib/thumb/v7e-m+fp/hard\libc_nano.a(lib_a-strtol.o)
 .data          0x200082ec        0x0 c:/cseapp/codelite/tools/gcc-arm/bin/../lib/gcc/arm-none-eabi/9.2.1/../../../../arm-none-eabi/lib/thumb/v7e-m+fp/hard\libc_nano.a(lib_a-ctype_.o)
 .data          0x200082ec        0x0 c:/cseapp/codelite/tools/gcc-arm/bin/../lib/gcc/arm-none-eabi/9.2.1/../../../../arm-none-eabi/lib/thumb/v7e-m+fp/hard\libc_nano.a(lib_a-impure.o)
 .data          0x200082ec        0x0 c:/cseapp/codelite/tools/gcc-arm/bin/../lib/gcc/arm-none-eabi/9.2.1/../../../../arm-none-eabi/lib/thumb/v7e-m+fp/hard\libc_nano.a(lib_a-nano-svfprintf.o)
 .data          0x200082ec        0x0 c:/cseapp/codelite/tools/gcc-arm/bin/../lib/gcc/arm-none-eabi/9.2.1/../../../../arm-none-eabi/lib/thumb/v7e-m+fp/hard\libc_nano.a(lib_a-nano-vfprintf_i.o)
 .data          0x200082ec        0x0 c:/cseapp/codelite/tools/gcc-arm/bin/../lib/gcc/arm-none-eabi/9.2.1/../../../../arm-none-eabi/lib/thumb/v7e-m+fp/hard\libc_nano.a(lib_a-memchr.o)
 .data          0x200082ec        0x0 c:/cseapp/codelite/tools/gcc-arm/bin/../lib/gcc/arm-none-eabi/9.2.1/../../../../arm-none-eabi/lib/thumb/v7e-m+fp/hard\libc_nano.a(lib_a-memcpy-stub.o)
 .data          0x200082ec        0x0 c:/cseapp/codelite/tools/gcc-arm/bin/../lib/gcc/arm-none-eabi/9.2.1/../../../../arm-none-eabi/lib/thumb/v7e-m+fp/hard\libc_nano.a(lib_a-memmove.o)
 .data          0x200082ec        0x0 c:/cseapp/codelite/tools/gcc-arm/bin/../lib/gcc/arm-none-eabi/9.2.1/../../../../arm-none-eabi/lib/thumb/v7e-m+fp/hard\libc_nano.a(lib_a-nano-freer.o)
 .data          0x200082ec        0x0 c:/cseapp/codelite/tools/gcc-arm/bin/../lib/gcc/arm-none-eabi/9.2.1/../../../../arm-none-eabi/lib/thumb/v7e-m+fp/hard\libc_nano.a(lib_a-nano-mallocr.o)
 .data          0x200082ec        0x0 c:/cseapp/codelite/tools/gcc-arm/bin/../lib/gcc/arm-none-eabi/9.2.1/../../../../arm-none-eabi/lib/thumb/v7e-m+fp/hard\libc_nano.a(lib_a-nano-reallocr.o)
 .data          0x200082ec        0x0 c:/cseapp/codelite/tools/gcc-arm/bin/../lib/gcc/arm-none-eabi/9.2.1/../../../../arm-none-eabi/lib/thumb/v7e-m+fp/hard\libc_nano.a(lib_a-sbrkr.o)
 .data          0x200082ec        0x0 c:/cseapp/codelite/tools/gcc-arm/bin/../lib/gcc/arm-none-eabi/9.2.1/../../../../arm-none-eabi/lib/thumb/v7e-m+fp/hard\libc_nano.a(lib_a-mlock.o)
 .data          0x200082ec        0x0 c:/cseapp/codelite/tools/gcc-arm/bin/../lib/gcc/arm-none-eabi/9.2.1/../../../../arm-none-eabi/lib/thumb/v7e-m+fp/hard\libc_nano.a(lib_a-nano-msizer.o)
 .data          0x200082ec        0x0 c:/cseapp/codelite/tools/gcc-arm/bin/../lib/gcc/arm-none-eabi/9.2.1/../../../../arm-none-eabi/lib/thumb/v7e-m+fp/hard\libc_nano.a(lib_a-reent.o)
 .data          0x200082ec        0x0 c:/cseapp/codelite/tools/gcc-arm/bin/../lib/gcc/arm-none-eabi/9.2.1/../../../../arm-none-eabi/lib/thumb/v7e-m+fp/hard\libc_nano.a(lib_a-lock.o)
 *(.data.*)
 .data._impure_ptr
                0x200082ec        0x4 c:/cseapp/codelite/tools/gcc-arm/bin/../lib/gcc/arm-none-eabi/9.2.1/../../../../arm-none-eabi/lib/thumb/v7e-m+fp/hard\libc_nano.a(lib_a-impure.o)
                0x200082ec                _impure_ptr
 .data.impure_data
                0x200082f0       0x60 c:/cseapp/codelite/tools/gcc-arm/bin/../lib/gcc/arm-none-eabi/9.2.1/../../../../arm-none-eabi/lib/thumb/v7e-m+fp/hard\libc_nano.a(lib_a-impure.o)
                0x20008350                . = ALIGN (0x4)

.igot.plt       0x20008350        0x0
 .igot.plt      0x20008350        0x0 ./Debug/driver_src_stm32f4xx_exti.c.o

.bss            0x20008350     0x8388
                0x20008350                . = ALIGN (0x4)
                0x20008350                _sbss = .
 *(.bss)
 .bss           0x20008350        0x0 ./Debug/driver_src_stm32f4xx_exti.c.o
 .bss           0x20008350        0x0 ./Debug/driver_src_stm32f4xx_can.c.o
 .bss           0x20008350        0x0 ./Debug/driver_src_stm32f4xx_usart.c.o
 .bss           0x20008350        0x0 ./Debug/driver_src_stm32f4xx_syscfg.c.o
 .bss           0x20008350        0x0 ./Debug/driver_src_stm32f4xx_rcc.c.o
 .bss           0x20008350        0x0 ./Debug/driver_src_stm32f4xx_dac.c.o
 .bss           0x20008350        0x0 ./Debug/driver_src_stm32f4xx_gpio.c.o
 .bss           0x20008350        0x0 ./Debug/startup.c.o
 .bss           0x20008350        0x0 ./Debug/application.c.o
 .bss           0x20008350        0x0 ./Debug/sciTinyTimber.c.o
 .bss           0x20008350        0x0 ./Debug/dispatch.s.o
 .bss           0x20008350        0x0 ./Debug/driver_src_stm32f4xx_tim.c.o
 .bss           0x20008350        0x0 ./Debug/canTinyTimber.c.o
 .bss           0x20008350       0x18 ./Debug/TinyTimber.c.o
                0x20008350                msgQ
                0x20008354                timerQ
                0x20008358                runAsHardware
                0x2000835c                doIRQSchedule
                0x20008360                timestamp
                0x20008364                overflows
 .bss           0x20008368        0x0 c:/cseapp/codelite/tools/gcc-arm/bin/../lib/gcc/arm-none-eabi/9.2.1/../../../../arm-none-eabi/lib/thumb/v7e-m+fp/hard\libc_nano.a(lib_a-atoi.o)
 .bss           0x20008368        0x0 c:/cseapp/codelite/tools/gcc-arm/bin/../lib/gcc/arm-none-eabi/9.2.1/../../../../arm-none-eabi/lib/thumb/v7e-m+fp/hard\libc_nano.a(lib_a-snprintf.o)
 .bss           0x20008368        0x0 c:/cseapp/codelite/tools/gcc-arm/bin/../lib/gcc/arm-none-eabi/9.2.1/../../../../arm-none-eabi/lib/thumb/v7e-m+fp/hard\libc_nano.a(lib_a-strtol.o)
 .bss           0x20008368        0x0 c:/cseapp/codelite/tools/gcc-arm/bin/../lib/gcc/arm-none-eabi/9.2.1/../../../../arm-none-eabi/lib/thumb/v7e-m+fp/hard\libc_nano.a(lib_a-ctype_.o)
 .bss           0x20008368        0x0 c:/cseapp/codelite/tools/gcc-arm/bin/../lib/gcc/arm-none-eabi/9.2.1/../../../../arm-none-eabi/lib/thumb/v7e-m+fp/hard\libc_nano.a(lib_a-impure.o)
 .bss           0x20008368        0x0 c:/cseapp/codelite/tools/gcc-arm/bin/../lib/gcc/arm-none-eabi/9.2.1/../../../../arm-none-eabi/lib/thumb/v7e-m+fp/hard\libc_nano.a(lib_a-nano-svfprintf.o)
 .bss           0x20008368        0x0 c:/cseapp/codelite/tools/gcc-arm/bin/../lib/gcc/arm-none-eabi/9.2.1/../../../../arm-none-eabi/lib/thumb/v7e-m+fp/hard\libc_nano.a(lib_a-nano-vfprintf_i.o)
 .bss           0x20008368        0x0 c:/cseapp/codelite/tools/gcc-arm/bin/../lib/gcc/arm-none-eabi/9.2.1/../../../../arm-none-eabi/lib/thumb/v7e-m+fp/hard\libc_nano.a(lib_a-memchr.o)
 .bss           0x20008368        0x0 c:/cseapp/codelite/tools/gcc-arm/bin/../lib/gcc/arm-none-eabi/9.2.1/../../../../arm-none-eabi/lib/thumb/v7e-m+fp/hard\libc_nano.a(lib_a-memcpy-stub.o)
 .bss           0x20008368        0x0 c:/cseapp/codelite/tools/gcc-arm/bin/../lib/gcc/arm-none-eabi/9.2.1/../../../../arm-none-eabi/lib/thumb/v7e-m+fp/hard\libc_nano.a(lib_a-memmove.o)
 .bss           0x20008368        0x0 c:/cseapp/codelite/tools/gcc-arm/bin/../lib/gcc/arm-none-eabi/9.2.1/../../../../arm-none-eabi/lib/thumb/v7e-m+fp/hard\libc_nano.a(lib_a-nano-freer.o)
 .bss           0x20008368        0x0 c:/cseapp/codelite/tools/gcc-arm/bin/../lib/gcc/arm-none-eabi/9.2.1/../../../../arm-none-eabi/lib/thumb/v7e-m+fp/hard\libc_nano.a(lib_a-nano-mallocr.o)
 .bss           0x20008368        0x0 c:/cseapp/codelite/tools/gcc-arm/bin/../lib/gcc/arm-none-eabi/9.2.1/../../../../arm-none-eabi/lib/thumb/v7e-m+fp/hard\libc_nano.a(lib_a-nano-reallocr.o)
 .bss           0x20008368        0x0 c:/cseapp/codelite/tools/gcc-arm/bin/../lib/gcc/arm-none-eabi/9.2.1/../../../../arm-none-eabi/lib/thumb/v7e-m+fp/hard\libc_nano.a(lib_a-sbrkr.o)
 .bss           0x20008368        0x0 c:/cseapp/codelite/tools/gcc-arm/bin/../lib/gcc/arm-none-eabi/9.2.1/../../../../arm-none-eabi/lib/thumb/v7e-m+fp/hard\libc_nano.a(lib_a-mlock.o)
 .bss           0x20008368        0x0 c:/cseapp/codelite/tools/gcc-arm/bin/../lib/gcc/arm-none-eabi/9.2.1/../../../../arm-none-eabi/lib/thumb/v7e-m+fp/hard\libc_nano.a(lib_a-nano-msizer.o)
 .bss           0x20008368        0x0 c:/cseapp/codelite/tools/gcc-arm/bin/../lib/gcc/arm-none-eabi/9.2.1/../../../../arm-none-eabi/lib/thumb/v7e-m+fp/hard\libc_nano.a(lib_a-reent.o)
 .bss           0x20008368        0x0 c:/cseapp/codelite/tools/gcc-arm/bin/../lib/gcc/arm-none-eabi/9.2.1/../../../../arm-none-eabi/lib/thumb/v7e-m+fp/hard\libc_nano.a(lib_a-lock.o)
 *(.bss.*)
 .bss.__malloc_free_list
                0x20008368        0x4 c:/cseapp/codelite/tools/gcc-arm/bin/../lib/gcc/arm-none-eabi/9.2.1/../../../../arm-none-eabi/lib/thumb/v7e-m+fp/hard\libc_nano.a(lib_a-nano-mallocr.o)
                0x20008368                __malloc_free_list
 .bss.__malloc_sbrk_start
                0x2000836c        0x4 c:/cseapp/codelite/tools/gcc-arm/bin/../lib/gcc/arm-none-eabi/9.2.1/../../../../arm-none-eabi/lib/thumb/v7e-m+fp/hard\libc_nano.a(lib_a-nano-mallocr.o)
                0x2000836c                __malloc_sbrk_start
 *(COMMON)
 COMMON         0x20008370     0x8358 ./Debug/TinyTimber.c.o
                0x20008370                otable
                0x2000837c                upcoming
                0x20008380                threads
                0x200083d0                mtable
                0x200083dc                thread0
                0x200083f0                messages
                0x200086c0                __heap_end
                0x200086c8                stacks
 COMMON         0x200106c8        0x4 c:/cseapp/codelite/tools/gcc-arm/bin/../lib/gcc/arm-none-eabi/9.2.1/../../../../arm-none-eabi/lib/thumb/v7e-m+fp/hard\libc_nano.a(lib_a-reent.o)
                0x200106c8                errno
 COMMON         0x200106cc        0x9 c:/cseapp/codelite/tools/gcc-arm/bin/../lib/gcc/arm-none-eabi/9.2.1/../../../../arm-none-eabi/lib/thumb/v7e-m+fp/hard\libc_nano.a(lib_a-lock.o)
                0x200106cc                __lock___atexit_recursive_mutex
                0x200106cd                __lock___arc4random_mutex
                0x200106ce                __lock___env_recursive_mutex
                0x200106cf                __lock___sinit_recursive_mutex
                0x200106d0                __lock___malloc_recursive_mutex
                0x200106d1                __lock___at_quick_exit_mutex
                0x200106d2                __lock___dd_hash_mutex
                0x200106d3                __lock___tz_mutex
                0x200106d4                __lock___sfp_recursive_mutex
                0x200106d8                . = ALIGN (0x4)
 *fill*         0x200106d5        0x3 
                0x200106d8                _ebss = .
                0x200106d8                PROVIDE (end = _ebss)
                [!provide]                PROVIDE (_end = _ebss)
OUTPUT(./Debug/RTS-Lab.elf elf32-littlearm)

.debug_info     0x00000000     0xa2e5
 .debug_info    0x00000000      0x383 ./Debug/driver_src_stm32f4xx_exti.c.o
 .debug_info    0x00000383      0xc60 ./Debug/driver_src_stm32f4xx_can.c.o
 .debug_info    0x00000fe3      0xa68 ./Debug/driver_src_stm32f4xx_usart.c.o
 .debug_info    0x00001a4b      0x2c4 ./Debug/driver_src_stm32f4xx_syscfg.c.o
 .debug_info    0x00001d0f      0xef4 ./Debug/driver_src_stm32f4xx_rcc.c.o
 .debug_info    0x00002c03      0x6af ./Debug/driver_src_stm32f4xx_dac.c.o
 .debug_info    0x000032b2      0x67f ./Debug/driver_src_stm32f4xx_gpio.c.o
 .debug_info    0x00003931      0xade ./Debug/startup.c.o
 .debug_info    0x0000440f     0x10ef ./Debug/application.c.o
 .debug_info    0x000054fe      0x9d1 ./Debug/sciTinyTimber.c.o
 .debug_info    0x00005ecf     0x1e26 ./Debug/driver_src_stm32f4xx_tim.c.o
 .debug_info    0x00007cf5      0xdb4 ./Debug/canTinyTimber.c.o
 .debug_info    0x00008aa9     0x183c ./Debug/TinyTimber.c.o

.debug_abbrev   0x00000000     0x1ddf
 .debug_abbrev  0x00000000      0x1ea ./Debug/driver_src_stm32f4xx_exti.c.o
 .debug_abbrev  0x000001ea      0x238 ./Debug/driver_src_stm32f4xx_can.c.o
 .debug_abbrev  0x00000422      0x1a8 ./Debug/driver_src_stm32f4xx_usart.c.o
 .debug_abbrev  0x000005ca      0x164 ./Debug/driver_src_stm32f4xx_syscfg.c.o
 .debug_abbrev  0x0000072e      0x1f9 ./Debug/driver_src_stm32f4xx_rcc.c.o
 .debug_abbrev  0x00000927      0x1b9 ./Debug/driver_src_stm32f4xx_dac.c.o
 .debug_abbrev  0x00000ae0      0x1e6 ./Debug/driver_src_stm32f4xx_gpio.c.o
 .debug_abbrev  0x00000cc6      0x286 ./Debug/startup.c.o
 .debug_abbrev  0x00000f4c      0x2f5 ./Debug/application.c.o
 .debug_abbrev  0x00001241      0x273 ./Debug/sciTinyTimber.c.o
 .debug_abbrev  0x000014b4      0x1c2 ./Debug/driver_src_stm32f4xx_tim.c.o
 .debug_abbrev  0x00001676      0x277 ./Debug/canTinyTimber.c.o
 .debug_abbrev  0x000018ed      0x4f2 ./Debug/TinyTimber.c.o

.debug_aranges  0x00000000      0x1a8
 .debug_aranges
                0x00000000       0x20 ./Debug/driver_src_stm32f4xx_exti.c.o
 .debug_aranges
                0x00000020       0x20 ./Debug/driver_src_stm32f4xx_can.c.o
 .debug_aranges
                0x00000040       0x20 ./Debug/driver_src_stm32f4xx_usart.c.o
 .debug_aranges
                0x00000060       0x20 ./Debug/driver_src_stm32f4xx_syscfg.c.o
 .debug_aranges
                0x00000080       0x20 ./Debug/driver_src_stm32f4xx_rcc.c.o
 .debug_aranges
                0x000000a0       0x20 ./Debug/driver_src_stm32f4xx_dac.c.o
 .debug_aranges
                0x000000c0       0x20 ./Debug/driver_src_stm32f4xx_gpio.c.o
 .debug_aranges
                0x000000e0       0x28 ./Debug/startup.c.o
 .debug_aranges
                0x00000108       0x20 ./Debug/application.c.o
 .debug_aranges
                0x00000128       0x20 ./Debug/sciTinyTimber.c.o
 .debug_aranges
                0x00000148       0x20 ./Debug/driver_src_stm32f4xx_tim.c.o
 .debug_aranges
                0x00000168       0x20 ./Debug/canTinyTimber.c.o
 .debug_aranges
                0x00000188       0x20 ./Debug/TinyTimber.c.o

.debug_line     0x00000000     0x47ef
 .debug_line    0x00000000      0x315 ./Debug/driver_src_stm32f4xx_exti.c.o
 .debug_line    0x00000315      0x8ed ./Debug/driver_src_stm32f4xx_can.c.o
 .debug_line    0x00000c02      0x5a8 ./Debug/driver_src_stm32f4xx_usart.c.o
 .debug_line    0x000011aa      0x222 ./Debug/driver_src_stm32f4xx_syscfg.c.o
 .debug_line    0x000013cc      0x79e ./Debug/driver_src_stm32f4xx_rcc.c.o
 .debug_line    0x00001b6a      0x3eb ./Debug/driver_src_stm32f4xx_dac.c.o
 .debug_line    0x00001f55      0x446 ./Debug/driver_src_stm32f4xx_gpio.c.o
 .debug_line    0x0000239b      0x3a1 ./Debug/startup.c.o
 .debug_line    0x0000273c      0x32f ./Debug/application.c.o
 .debug_line    0x00002a6b      0x2d1 ./Debug/sciTinyTimber.c.o
 .debug_line    0x00002d3c      0xbbb ./Debug/driver_src_stm32f4xx_tim.c.o
 .debug_line    0x000038f7      0x449 ./Debug/canTinyTimber.c.o
 .debug_line    0x00003d40      0xaaf ./Debug/TinyTimber.c.o

.debug_str      0x00000000     0x3806
 .debug_str     0x00000000      0x355 ./Debug/driver_src_stm32f4xx_exti.c.o
                                0x3be (size before relaxing)
 .debug_str     0x00000355      0x58e ./Debug/driver_src_stm32f4xx_can.c.o
                                0x7b0 (size before relaxing)
 .debug_str     0x000008e3      0x4aa ./Debug/driver_src_stm32f4xx_usart.c.o
                                0x701 (size before relaxing)
 .debug_str     0x00000d8d      0x18d ./Debug/driver_src_stm32f4xx_syscfg.c.o
                                0x380 (size before relaxing)
 .debug_str     0x00000f1a      0x738 ./Debug/driver_src_stm32f4xx_rcc.c.o
                                0xa07 (size before relaxing)
 .debug_str     0x00001652      0x2ab ./Debug/driver_src_stm32f4xx_dac.c.o
                                0x4c5 (size before relaxing)
 .debug_str     0x000018fd      0x332 ./Debug/driver_src_stm32f4xx_gpio.c.o
                                0x515 (size before relaxing)
 .debug_str     0x00001c2f      0x196 ./Debug/startup.c.o
                                0x808 (size before relaxing)
 .debug_str     0x00001dc5      0x558 ./Debug/application.c.o
                                0x81c (size before relaxing)
 .debug_str     0x0000231d      0x5e3 ./Debug/sciTinyTimber.c.o
                                0x8e5 (size before relaxing)
 .debug_str     0x00002900      0xb99 ./Debug/driver_src_stm32f4xx_tim.c.o
                                0xe42 (size before relaxing)
 .debug_str     0x00003499       0x91 ./Debug/canTinyTimber.c.o
                                0xa86 (size before relaxing)
 .debug_str     0x0000352a      0x2dc ./Debug/TinyTimber.c.o
                                0xcc5 (size before relaxing)

.comment        0x00000000       0x79
 .comment       0x00000000       0x79 ./Debug/driver_src_stm32f4xx_exti.c.o
                                 0x7a (size before relaxing)
 .comment       0x00000079       0x7a ./Debug/driver_src_stm32f4xx_can.c.o
 .comment       0x00000079       0x7a ./Debug/driver_src_stm32f4xx_usart.c.o
 .comment       0x00000079       0x7a ./Debug/driver_src_stm32f4xx_syscfg.c.o
 .comment       0x00000079       0x7a ./Debug/driver_src_stm32f4xx_rcc.c.o
 .comment       0x00000079       0x7a ./Debug/driver_src_stm32f4xx_dac.c.o
 .comment       0x00000079       0x7a ./Debug/driver_src_stm32f4xx_gpio.c.o
 .comment       0x00000079       0x7a ./Debug/startup.c.o
 .comment       0x00000079       0x7a ./Debug/application.c.o
 .comment       0x00000079       0x7a ./Debug/sciTinyTimber.c.o
 .comment       0x00000079       0x7a ./Debug/driver_src_stm32f4xx_tim.c.o
 .comment       0x00000079       0x7a ./Debug/canTinyTimber.c.o
 .comment       0x00000079       0x7a ./Debug/TinyTimber.c.o

.ARM.attributes
                0x00000000       0x32
 .ARM.attributes
                0x00000000       0x34 ./Debug/driver_src_stm32f4xx_exti.c.o
 .ARM.attributes
                0x00000034       0x34 ./Debug/driver_src_stm32f4xx_can.c.o
 .ARM.attributes
                0x00000068       0x34 ./Debug/driver_src_stm32f4xx_usart.c.o
 .ARM.attributes
                0x0000009c       0x34 ./Debug/driver_src_stm32f4xx_syscfg.c.o
 .ARM.attributes
                0x000000d0       0x34 ./Debug/driver_src_stm32f4xx_rcc.c.o
 .ARM.attributes
                0x00000104       0x34 ./Debug/driver_src_stm32f4xx_dac.c.o
 .ARM.attributes
                0x00000138       0x34 ./Debug/driver_src_stm32f4xx_gpio.c.o
 .ARM.attributes
                0x0000016c       0x34 ./Debug/startup.c.o
 .ARM.attributes
                0x000001a0       0x34 ./Debug/application.c.o
 .ARM.attributes
                0x000001d4       0x34 ./Debug/sciTinyTimber.c.o
 .ARM.attributes
                0x00000208       0x25 ./Debug/dispatch.s.o
 .ARM.attributes
                0x0000022d       0x34 ./Debug/driver_src_stm32f4xx_tim.c.o
 .ARM.attributes
                0x00000261       0x34 ./Debug/canTinyTimber.c.o
 .ARM.attributes
                0x00000295       0x34 ./Debug/TinyTimber.c.o
 .ARM.attributes
                0x000002c9       0x34 c:/cseapp/codelite/tools/gcc-arm/bin/../lib/gcc/arm-none-eabi/9.2.1/../../../../arm-none-eabi/lib/thumb/v7e-m+fp/hard\libc_nano.a(lib_a-atoi.o)
 .ARM.attributes
                0x000002fd       0x34 c:/cseapp/codelite/tools/gcc-arm/bin/../lib/gcc/arm-none-eabi/9.2.1/../../../../arm-none-eabi/lib/thumb/v7e-m+fp/hard\libc_nano.a(lib_a-snprintf.o)
 .ARM.attributes
                0x00000331       0x34 c:/cseapp/codelite/tools/gcc-arm/bin/../lib/gcc/arm-none-eabi/9.2.1/../../../../arm-none-eabi/lib/thumb/v7e-m+fp/hard\libc_nano.a(lib_a-strtol.o)
 .ARM.attributes
                0x00000365       0x32 c:/cseapp/codelite/tools/gcc-arm/bin/../lib/gcc/arm-none-eabi/9.2.1/../../../../arm-none-eabi/lib/thumb/v7e-m+fp/hard\libc_nano.a(lib_a-ctype_.o)
 .ARM.attributes
                0x00000397       0x32 c:/cseapp/codelite/tools/gcc-arm/bin/../lib/gcc/arm-none-eabi/9.2.1/../../../../arm-none-eabi/lib/thumb/v7e-m+fp/hard\libc_nano.a(lib_a-impure.o)
 .ARM.attributes
                0x000003c9       0x34 c:/cseapp/codelite/tools/gcc-arm/bin/../lib/gcc/arm-none-eabi/9.2.1/../../../../arm-none-eabi/lib/thumb/v7e-m+fp/hard\libc_nano.a(lib_a-nano-svfprintf.o)
 .ARM.attributes
                0x000003fd       0x34 c:/cseapp/codelite/tools/gcc-arm/bin/../lib/gcc/arm-none-eabi/9.2.1/../../../../arm-none-eabi/lib/thumb/v7e-m+fp/hard\libc_nano.a(lib_a-nano-vfprintf_i.o)
 .ARM.attributes
                0x00000431       0x1c c:/cseapp/codelite/tools/gcc-arm/bin/../lib/gcc/arm-none-eabi/9.2.1/../../../../arm-none-eabi/lib/thumb/v7e-m+fp/hard\libc_nano.a(lib_a-memchr.o)
 .ARM.attributes
                0x0000044d       0x34 c:/cseapp/codelite/tools/gcc-arm/bin/../lib/gcc/arm-none-eabi/9.2.1/../../../../arm-none-eabi/lib/thumb/v7e-m+fp/hard\libc_nano.a(lib_a-memcpy-stub.o)
 .ARM.attributes
                0x00000481       0x34 c:/cseapp/codelite/tools/gcc-arm/bin/../lib/gcc/arm-none-eabi/9.2.1/../../../../arm-none-eabi/lib/thumb/v7e-m+fp/hard\libc_nano.a(lib_a-memmove.o)
 .ARM.attributes
                0x000004b5       0x34 c:/cseapp/codelite/tools/gcc-arm/bin/../lib/gcc/arm-none-eabi/9.2.1/../../../../arm-none-eabi/lib/thumb/v7e-m+fp/hard\libc_nano.a(lib_a-nano-freer.o)
 .ARM.attributes
                0x000004e9       0x34 c:/cseapp/codelite/tools/gcc-arm/bin/../lib/gcc/arm-none-eabi/9.2.1/../../../../arm-none-eabi/lib/thumb/v7e-m+fp/hard\libc_nano.a(lib_a-nano-mallocr.o)
 .ARM.attributes
                0x0000051d       0x34 c:/cseapp/codelite/tools/gcc-arm/bin/../lib/gcc/arm-none-eabi/9.2.1/../../../../arm-none-eabi/lib/thumb/v7e-m+fp/hard\libc_nano.a(lib_a-nano-reallocr.o)
 .ARM.attributes
                0x00000551       0x34 c:/cseapp/codelite/tools/gcc-arm/bin/../lib/gcc/arm-none-eabi/9.2.1/../../../../arm-none-eabi/lib/thumb/v7e-m+fp/hard\libc_nano.a(lib_a-sbrkr.o)
 .ARM.attributes
                0x00000585       0x34 c:/cseapp/codelite/tools/gcc-arm/bin/../lib/gcc/arm-none-eabi/9.2.1/../../../../arm-none-eabi/lib/thumb/v7e-m+fp/hard\libc_nano.a(lib_a-mlock.o)
 .ARM.attributes
                0x000005b9       0x34 c:/cseapp/codelite/tools/gcc-arm/bin/../lib/gcc/arm-none-eabi/9.2.1/../../../../arm-none-eabi/lib/thumb/v7e-m+fp/hard\libc_nano.a(lib_a-nano-msizer.o)
 .ARM.attributes
                0x000005ed       0x34 c:/cseapp/codelite/tools/gcc-arm/bin/../lib/gcc/arm-none-eabi/9.2.1/../../../../arm-none-eabi/lib/thumb/v7e-m+fp/hard\libc_nano.a(lib_a-reent.o)
 .ARM.attributes
                0x00000621       0x34 c:/cseapp/codelite/tools/gcc-arm/bin/../lib/gcc/arm-none-eabi/9.2.1/../../../../arm-none-eabi/lib/thumb/v7e-m+fp/hard\libc_nano.a(lib_a-lock.o)

.debug_frame    0x00000000     0x3438
 .debug_frame   0x00000000      0x148 ./Debug/driver_src_stm32f4xx_exti.c.o
 .debug_frame   0x00000148      0x3f8 ./Debug/driver_src_stm32f4xx_can.c.o
 .debug_frame   0x00000540      0x490 ./Debug/driver_src_stm32f4xx_usart.c.o
 .debug_frame   0x000009d0      0x11c ./Debug/driver_src_stm32f4xx_syscfg.c.o
 .debug_frame   0x00000aec      0x814 ./Debug/driver_src_stm32f4xx_rcc.c.o
 .debug_frame   0x00001300      0x2ac ./Debug/driver_src_stm32f4xx_dac.c.o
 .debug_frame   0x000015ac      0x23c ./Debug/driver_src_stm32f4xx_gpio.c.o
 .debug_frame   0x000017e8      0x14c ./Debug/startup.c.o
 .debug_frame   0x00001934       0x9c ./Debug/application.c.o
 .debug_frame   0x000019d0      0x11c ./Debug/sciTinyTimber.c.o
 .debug_frame   0x00001aec      0xe54 ./Debug/driver_src_stm32f4xx_tim.c.o
 .debug_frame   0x00002940      0x100 ./Debug/canTinyTimber.c.o
 .debug_frame   0x00002a40      0x57c ./Debug/TinyTimber.c.o
 .debug_frame   0x00002fbc       0x30 c:/cseapp/codelite/tools/gcc-arm/bin/../lib/gcc/arm-none-eabi/9.2.1/../../../../arm-none-eabi/lib/thumb/v7e-m+fp/hard\libc_nano.a(lib_a-atoi.o)
 .debug_frame   0x00002fec       0x7c c:/cseapp/codelite/tools/gcc-arm/bin/../lib/gcc/arm-none-eabi/9.2.1/../../../../arm-none-eabi/lib/thumb/v7e-m+fp/hard\libc_nano.a(lib_a-snprintf.o)
 .debug_frame   0x00003068       0x64 c:/cseapp/codelite/tools/gcc-arm/bin/../lib/gcc/arm-none-eabi/9.2.1/../../../../arm-none-eabi/lib/thumb/v7e-m+fp/hard\libc_nano.a(lib_a-strtol.o)
 .debug_frame   0x000030cc       0x90 c:/cseapp/codelite/tools/gcc-arm/bin/../lib/gcc/arm-none-eabi/9.2.1/../../../../arm-none-eabi/lib/thumb/v7e-m+fp/hard\libc_nano.a(lib_a-nano-svfprintf.o)
 .debug_frame   0x0000315c       0x60 c:/cseapp/codelite/tools/gcc-arm/bin/../lib/gcc/arm-none-eabi/9.2.1/../../../../arm-none-eabi/lib/thumb/v7e-m+fp/hard\libc_nano.a(lib_a-nano-vfprintf_i.o)
 .debug_frame   0x000031bc       0x28 c:/cseapp/codelite/tools/gcc-arm/bin/../lib/gcc/arm-none-eabi/9.2.1/../../../../arm-none-eabi/lib/thumb/v7e-m+fp/hard\libc_nano.a(lib_a-memcpy-stub.o)
 .debug_frame   0x000031e4       0x28 c:/cseapp/codelite/tools/gcc-arm/bin/../lib/gcc/arm-none-eabi/9.2.1/../../../../arm-none-eabi/lib/thumb/v7e-m+fp/hard\libc_nano.a(lib_a-memmove.o)
 .debug_frame   0x0000320c       0x38 c:/cseapp/codelite/tools/gcc-arm/bin/../lib/gcc/arm-none-eabi/9.2.1/../../../../arm-none-eabi/lib/thumb/v7e-m+fp/hard\libc_nano.a(lib_a-nano-freer.o)
 .debug_frame   0x00003244       0x30 c:/cseapp/codelite/tools/gcc-arm/bin/../lib/gcc/arm-none-eabi/9.2.1/../../../../arm-none-eabi/lib/thumb/v7e-m+fp/hard\libc_nano.a(lib_a-nano-mallocr.o)
 .debug_frame   0x00003274       0x3c c:/cseapp/codelite/tools/gcc-arm/bin/../lib/gcc/arm-none-eabi/9.2.1/../../../../arm-none-eabi/lib/thumb/v7e-m+fp/hard\libc_nano.a(lib_a-nano-reallocr.o)
 .debug_frame   0x000032b0       0x2c c:/cseapp/codelite/tools/gcc-arm/bin/../lib/gcc/arm-none-eabi/9.2.1/../../../../arm-none-eabi/lib/thumb/v7e-m+fp/hard\libc_nano.a(lib_a-sbrkr.o)
 .debug_frame   0x000032dc       0x30 c:/cseapp/codelite/tools/gcc-arm/bin/../lib/gcc/arm-none-eabi/9.2.1/../../../../arm-none-eabi/lib/thumb/v7e-m+fp/hard\libc_nano.a(lib_a-mlock.o)
 .debug_frame   0x0000330c       0x20 c:/cseapp/codelite/tools/gcc-arm/bin/../lib/gcc/arm-none-eabi/9.2.1/../../../../arm-none-eabi/lib/thumb/v7e-m+fp/hard\libc_nano.a(lib_a-nano-msizer.o)
 .debug_frame   0x0000332c       0x5c c:/cseapp/codelite/tools/gcc-arm/bin/../lib/gcc/arm-none-eabi/9.2.1/../../../../arm-none-eabi/lib/thumb/v7e-m+fp/hard\libc_nano.a(lib_a-reent.o)
 .debug_frame   0x00003388       0xb0 c:/cseapp/codelite/tools/gcc-arm/bin/../lib/gcc/arm-none-eabi/9.2.1/../../../../arm-none-eabi/lib/thumb/v7e-m+fp/hard\libc_nano.a(lib_a-lock.o)

.debug_ranges   0x00000000       0x18
 .debug_ranges  0x00000000       0x18 ./Debug/startup.c.o

Cross Reference Table

Symbol                                            File
ABORT                                             ./Debug/TinyTimber.c.o
CAN_CancelTransmit                                ./Debug/driver_src_stm32f4xx_can.c.o
CAN_ClearFlag                                     ./Debug/driver_src_stm32f4xx_can.c.o
CAN_ClearITPendingBit                             ./Debug/driver_src_stm32f4xx_can.c.o
CAN_DBGFreeze                                     ./Debug/driver_src_stm32f4xx_can.c.o
CAN_DeInit                                        ./Debug/driver_src_stm32f4xx_can.c.o
                                                  ./Debug/startup.c.o
CAN_FIFORelease                                   ./Debug/driver_src_stm32f4xx_can.c.o
CAN_FilterInit                                    ./Debug/driver_src_stm32f4xx_can.c.o
                                                  ./Debug/startup.c.o
CAN_GetFlagStatus                                 ./Debug/driver_src_stm32f4xx_can.c.o
                                                  ./Debug/canTinyTimber.c.o
CAN_GetITStatus                                   ./Debug/driver_src_stm32f4xx_can.c.o
CAN_GetLSBTransmitErrorCounter                    ./Debug/driver_src_stm32f4xx_can.c.o
CAN_GetLastErrorCode                              ./Debug/driver_src_stm32f4xx_can.c.o
CAN_GetReceiveErrorCounter                        ./Debug/driver_src_stm32f4xx_can.c.o
CAN_ITConfig                                      ./Debug/driver_src_stm32f4xx_can.c.o
                                                  ./Debug/canTinyTimber.c.o
CAN_Init                                          ./Debug/driver_src_stm32f4xx_can.c.o
                                                  ./Debug/canTinyTimber.c.o
CAN_MessagePending                                ./Debug/driver_src_stm32f4xx_can.c.o
CAN_OperatingModeRequest                          ./Debug/driver_src_stm32f4xx_can.c.o
CAN_Receive                                       ./Debug/driver_src_stm32f4xx_can.c.o
                                                  ./Debug/canTinyTimber.c.o
CAN_SlaveStartBank                                ./Debug/driver_src_stm32f4xx_can.c.o
CAN_Sleep                                         ./Debug/driver_src_stm32f4xx_can.c.o
CAN_StructInit                                    ./Debug/driver_src_stm32f4xx_can.c.o
                                                  ./Debug/canTinyTimber.c.o
CAN_TTComModeCmd                                  ./Debug/driver_src_stm32f4xx_can.c.o
CAN_Transmit                                      ./Debug/driver_src_stm32f4xx_can.c.o
                                                  ./Debug/canTinyTimber.c.o
CAN_TransmitStatus                                ./Debug/driver_src_stm32f4xx_can.c.o
CAN_WakeUp                                        ./Debug/driver_src_stm32f4xx_can.c.o
CURRENT_OFFSET                                    ./Debug/TinyTimber.c.o
DAC_ClearFlag                                     ./Debug/driver_src_stm32f4xx_dac.c.o
DAC_ClearITPendingBit                             ./Debug/driver_src_stm32f4xx_dac.c.o
DAC_Cmd                                           ./Debug/driver_src_stm32f4xx_dac.c.o
                                                  ./Debug/startup.c.o
DAC_DMACmd                                        ./Debug/driver_src_stm32f4xx_dac.c.o
DAC_DeInit                                        ./Debug/driver_src_stm32f4xx_dac.c.o
                                                  ./Debug/startup.c.o
DAC_DualSoftwareTriggerCmd                        ./Debug/driver_src_stm32f4xx_dac.c.o
DAC_GetDataOutputValue                            ./Debug/driver_src_stm32f4xx_dac.c.o
DAC_GetFlagStatus                                 ./Debug/driver_src_stm32f4xx_dac.c.o
DAC_GetITStatus                                   ./Debug/driver_src_stm32f4xx_dac.c.o
DAC_ITConfig                                      ./Debug/driver_src_stm32f4xx_dac.c.o
DAC_Init                                          ./Debug/driver_src_stm32f4xx_dac.c.o
                                                  ./Debug/startup.c.o
DAC_SetChannel1Data                               ./Debug/driver_src_stm32f4xx_dac.c.o
DAC_SetChannel2Data                               ./Debug/driver_src_stm32f4xx_dac.c.o
                                                  ./Debug/startup.c.o
DAC_SetDualChannelData                            ./Debug/driver_src_stm32f4xx_dac.c.o
DAC_SoftwareTriggerCmd                            ./Debug/driver_src_stm32f4xx_dac.c.o
DAC_StructInit                                    ./Debug/driver_src_stm32f4xx_dac.c.o
                                                  ./Debug/startup.c.o
DAC_WaveGenerationCmd                             ./Debug/driver_src_stm32f4xx_dac.c.o
DUMP                                              ./Debug/TinyTimber.c.o
                                                  ./Debug/canTinyTimber.c.o
                                                  ./Debug/dispatch.s.o
DUMPC                                             ./Debug/TinyTimber.c.o
DUMPD                                             ./Debug/TinyTimber.c.o
                                                  ./Debug/dispatch.s.o
DUMPH                                             ./Debug/TinyTimber.c.o
                                                  ./Debug/dispatch.s.o
EXTI_ClearFlag                                    ./Debug/driver_src_stm32f4xx_exti.c.o
EXTI_ClearITPendingBit                            ./Debug/driver_src_stm32f4xx_exti.c.o
EXTI_DeInit                                       ./Debug/driver_src_stm32f4xx_exti.c.o
                                                  ./Debug/startup.c.o
EXTI_GenerateSWInterrupt                          ./Debug/driver_src_stm32f4xx_exti.c.o
EXTI_GetFlagStatus                                ./Debug/driver_src_stm32f4xx_exti.c.o
EXTI_GetITStatus                                  ./Debug/driver_src_stm32f4xx_exti.c.o
EXTI_Init                                         ./Debug/driver_src_stm32f4xx_exti.c.o
                                                  ./Debug/startup.c.o
EXTI_StructInit                                   ./Debug/driver_src_stm32f4xx_exti.c.o
                                                  ./Debug/startup.c.o
GPIO_DeInit                                       ./Debug/driver_src_stm32f4xx_gpio.c.o
                                                  ./Debug/startup.c.o
GPIO_Init                                         ./Debug/driver_src_stm32f4xx_gpio.c.o
                                                  ./Debug/startup.c.o
GPIO_PinAFConfig                                  ./Debug/driver_src_stm32f4xx_gpio.c.o
                                                  ./Debug/startup.c.o
GPIO_PinLockConfig                                ./Debug/driver_src_stm32f4xx_gpio.c.o
GPIO_ReadInputData                                ./Debug/driver_src_stm32f4xx_gpio.c.o
GPIO_ReadInputDataBit                             ./Debug/driver_src_stm32f4xx_gpio.c.o
GPIO_ReadOutputData                               ./Debug/driver_src_stm32f4xx_gpio.c.o
GPIO_ReadOutputDataBit                            ./Debug/driver_src_stm32f4xx_gpio.c.o
GPIO_ResetBits                                    ./Debug/driver_src_stm32f4xx_gpio.c.o
GPIO_SetBits                                      ./Debug/driver_src_stm32f4xx_gpio.c.o
GPIO_StructInit                                   ./Debug/driver_src_stm32f4xx_gpio.c.o
                                                  ./Debug/startup.c.o
GPIO_ToggleBits                                   ./Debug/driver_src_stm32f4xx_gpio.c.o
GPIO_Write                                        ./Debug/driver_src_stm32f4xx_gpio.c.o
GPIO_WriteBit                                     ./Debug/driver_src_stm32f4xx_gpio.c.o
                                                  ./Debug/TinyTimber.c.o
                                                  ./Debug/startup.c.o
RCC_AHB1PeriphClockCmd                            ./Debug/driver_src_stm32f4xx_rcc.c.o
                                                  ./Debug/startup.c.o
RCC_AHB1PeriphClockLPModeCmd                      ./Debug/driver_src_stm32f4xx_rcc.c.o
RCC_AHB1PeriphResetCmd                            ./Debug/driver_src_stm32f4xx_rcc.c.o
                                                  ./Debug/driver_src_stm32f4xx_gpio.c.o
RCC_AHB2PeriphClockCmd                            ./Debug/driver_src_stm32f4xx_rcc.c.o
RCC_AHB2PeriphClockLPModeCmd                      ./Debug/driver_src_stm32f4xx_rcc.c.o
RCC_AHB2PeriphResetCmd                            ./Debug/driver_src_stm32f4xx_rcc.c.o
RCC_AHB3PeriphClockCmd                            ./Debug/driver_src_stm32f4xx_rcc.c.o
RCC_AHB3PeriphClockLPModeCmd                      ./Debug/driver_src_stm32f4xx_rcc.c.o
RCC_AHB3PeriphResetCmd                            ./Debug/driver_src_stm32f4xx_rcc.c.o
RCC_APB1PeriphClockCmd                            ./Debug/driver_src_stm32f4xx_rcc.c.o
                                                  ./Debug/startup.c.o
RCC_APB1PeriphClockLPModeCmd                      ./Debug/driver_src_stm32f4xx_rcc.c.o
                                                  ./Debug/startup.c.o
RCC_APB1PeriphResetCmd                            ./Debug/driver_src_stm32f4xx_rcc.c.o
                                                  ./Debug/driver_src_stm32f4xx_tim.c.o
                                                  ./Debug/driver_src_stm32f4xx_dac.c.o
                                                  ./Debug/driver_src_stm32f4xx_usart.c.o
                                                  ./Debug/driver_src_stm32f4xx_can.c.o
RCC_APB2PeriphClockCmd                            ./Debug/driver_src_stm32f4xx_rcc.c.o
                                                  ./Debug/startup.c.o
RCC_APB2PeriphClockLPModeCmd                      ./Debug/driver_src_stm32f4xx_rcc.c.o
RCC_APB2PeriphResetCmd                            ./Debug/driver_src_stm32f4xx_rcc.c.o
                                                  ./Debug/driver_src_stm32f4xx_tim.c.o
                                                  ./Debug/driver_src_stm32f4xx_syscfg.c.o
                                                  ./Debug/driver_src_stm32f4xx_usart.c.o
RCC_AdjustHSICalibrationValue                     ./Debug/driver_src_stm32f4xx_rcc.c.o
RCC_BackupResetCmd                                ./Debug/driver_src_stm32f4xx_rcc.c.o
RCC_ClearFlag                                     ./Debug/driver_src_stm32f4xx_rcc.c.o
RCC_ClearITPendingBit                             ./Debug/driver_src_stm32f4xx_rcc.c.o
RCC_ClockSecuritySystemCmd                        ./Debug/driver_src_stm32f4xx_rcc.c.o
RCC_DeInit                                        ./Debug/driver_src_stm32f4xx_rcc.c.o
RCC_GetClocksFreq                                 ./Debug/driver_src_stm32f4xx_rcc.c.o
                                                  ./Debug/driver_src_stm32f4xx_usart.c.o
RCC_GetFlagStatus                                 ./Debug/driver_src_stm32f4xx_rcc.c.o
RCC_GetITStatus                                   ./Debug/driver_src_stm32f4xx_rcc.c.o
RCC_GetSYSCLKSource                               ./Debug/driver_src_stm32f4xx_rcc.c.o
RCC_HCLKConfig                                    ./Debug/driver_src_stm32f4xx_rcc.c.o
RCC_HSEConfig                                     ./Debug/driver_src_stm32f4xx_rcc.c.o
RCC_HSICmd                                        ./Debug/driver_src_stm32f4xx_rcc.c.o
RCC_I2SCLKConfig                                  ./Debug/driver_src_stm32f4xx_rcc.c.o
RCC_ITConfig                                      ./Debug/driver_src_stm32f4xx_rcc.c.o
RCC_LSEConfig                                     ./Debug/driver_src_stm32f4xx_rcc.c.o
RCC_LSICmd                                        ./Debug/driver_src_stm32f4xx_rcc.c.o
RCC_LTDCCLKDivConfig                              ./Debug/driver_src_stm32f4xx_rcc.c.o
RCC_MCO1Config                                    ./Debug/driver_src_stm32f4xx_rcc.c.o
RCC_MCO2Config                                    ./Debug/driver_src_stm32f4xx_rcc.c.o
RCC_PCLK1Config                                   ./Debug/driver_src_stm32f4xx_rcc.c.o
RCC_PCLK2Config                                   ./Debug/driver_src_stm32f4xx_rcc.c.o
RCC_PLLCmd                                        ./Debug/driver_src_stm32f4xx_rcc.c.o
RCC_PLLConfig                                     ./Debug/driver_src_stm32f4xx_rcc.c.o
RCC_PLLI2SCmd                                     ./Debug/driver_src_stm32f4xx_rcc.c.o
RCC_PLLI2SConfig                                  ./Debug/driver_src_stm32f4xx_rcc.c.o
RCC_PLLSAICmd                                     ./Debug/driver_src_stm32f4xx_rcc.c.o
RCC_PLLSAIConfig                                  ./Debug/driver_src_stm32f4xx_rcc.c.o
RCC_RTCCLKCmd                                     ./Debug/driver_src_stm32f4xx_rcc.c.o
RCC_RTCCLKConfig                                  ./Debug/driver_src_stm32f4xx_rcc.c.o
RCC_SAIBlockACLKConfig                            ./Debug/driver_src_stm32f4xx_rcc.c.o
RCC_SAIBlockBCLKConfig                            ./Debug/driver_src_stm32f4xx_rcc.c.o
RCC_SAIPLLI2SClkDivConfig                         ./Debug/driver_src_stm32f4xx_rcc.c.o
RCC_SAIPLLSAIClkDivConfig                         ./Debug/driver_src_stm32f4xx_rcc.c.o
RCC_SYSCLKConfig                                  ./Debug/driver_src_stm32f4xx_rcc.c.o
RCC_TIMCLKPresConfig                              ./Debug/driver_src_stm32f4xx_rcc.c.o
RCC_WaitForHSEStartUp                             ./Debug/driver_src_stm32f4xx_rcc.c.o
SETPC                                             ./Debug/TinyTimber.c.o
SETSTACK                                          ./Debug/TinyTimber.c.o
SYSCFG_CompensationCellCmd                        ./Debug/driver_src_stm32f4xx_syscfg.c.o
SYSCFG_DeInit                                     ./Debug/driver_src_stm32f4xx_syscfg.c.o
SYSCFG_ETH_MediaInterfaceConfig                   ./Debug/driver_src_stm32f4xx_syscfg.c.o
SYSCFG_EXTILineConfig                             ./Debug/driver_src_stm32f4xx_syscfg.c.o
                                                  ./Debug/startup.c.o
SYSCFG_GetCompensationCellStatus                  ./Debug/driver_src_stm32f4xx_syscfg.c.o
SYSCFG_MemoryRemapConfig                          ./Debug/driver_src_stm32f4xx_syscfg.c.o
SYSCFG_MemorySwappingBank                         ./Debug/driver_src_stm32f4xx_syscfg.c.o
TIMER_INIT                                        ./Debug/TinyTimber.c.o
TIM_ARRPreloadConfig                              ./Debug/driver_src_stm32f4xx_tim.c.o
TIM_BDTRConfig                                    ./Debug/driver_src_stm32f4xx_tim.c.o
TIM_BDTRStructInit                                ./Debug/driver_src_stm32f4xx_tim.c.o
TIM_CCPreloadControl                              ./Debug/driver_src_stm32f4xx_tim.c.o
TIM_CCxCmd                                        ./Debug/driver_src_stm32f4xx_tim.c.o
TIM_CCxNCmd                                       ./Debug/driver_src_stm32f4xx_tim.c.o
TIM_ClearFlag                                     ./Debug/driver_src_stm32f4xx_tim.c.o
TIM_ClearITPendingBit                             ./Debug/driver_src_stm32f4xx_tim.c.o
                                                  ./Debug/TinyTimber.c.o
TIM_ClearOC1Ref                                   ./Debug/driver_src_stm32f4xx_tim.c.o
TIM_ClearOC2Ref                                   ./Debug/driver_src_stm32f4xx_tim.c.o
TIM_ClearOC3Ref                                   ./Debug/driver_src_stm32f4xx_tim.c.o
TIM_ClearOC4Ref                                   ./Debug/driver_src_stm32f4xx_tim.c.o
TIM_Cmd                                           ./Debug/driver_src_stm32f4xx_tim.c.o
                                                  ./Debug/TinyTimber.c.o
TIM_CounterModeConfig                             ./Debug/driver_src_stm32f4xx_tim.c.o
TIM_CtrlPWMOutputs                                ./Debug/driver_src_stm32f4xx_tim.c.o
TIM_DMACmd                                        ./Debug/driver_src_stm32f4xx_tim.c.o
TIM_DMAConfig                                     ./Debug/driver_src_stm32f4xx_tim.c.o
TIM_DeInit                                        ./Debug/driver_src_stm32f4xx_tim.c.o
                                                  ./Debug/TinyTimber.c.o
TIM_ETRClockMode1Config                           ./Debug/driver_src_stm32f4xx_tim.c.o
TIM_ETRClockMode2Config                           ./Debug/driver_src_stm32f4xx_tim.c.o
TIM_ETRConfig                                     ./Debug/driver_src_stm32f4xx_tim.c.o
TIM_EncoderInterfaceConfig                        ./Debug/driver_src_stm32f4xx_tim.c.o
TIM_ForcedOC1Config                               ./Debug/driver_src_stm32f4xx_tim.c.o
TIM_ForcedOC2Config                               ./Debug/driver_src_stm32f4xx_tim.c.o
TIM_ForcedOC3Config                               ./Debug/driver_src_stm32f4xx_tim.c.o
TIM_ForcedOC4Config                               ./Debug/driver_src_stm32f4xx_tim.c.o
TIM_GenerateEvent                                 ./Debug/driver_src_stm32f4xx_tim.c.o
TIM_GetCapture1                                   ./Debug/driver_src_stm32f4xx_tim.c.o
TIM_GetCapture2                                   ./Debug/driver_src_stm32f4xx_tim.c.o
TIM_GetCapture3                                   ./Debug/driver_src_stm32f4xx_tim.c.o
TIM_GetCapture4                                   ./Debug/driver_src_stm32f4xx_tim.c.o
TIM_GetCounter                                    ./Debug/driver_src_stm32f4xx_tim.c.o
                                                  ./Debug/TinyTimber.c.o
TIM_GetFlagStatus                                 ./Debug/driver_src_stm32f4xx_tim.c.o
TIM_GetITStatus                                   ./Debug/driver_src_stm32f4xx_tim.c.o
TIM_GetPrescaler                                  ./Debug/driver_src_stm32f4xx_tim.c.o
TIM_ICInit                                        ./Debug/driver_src_stm32f4xx_tim.c.o
TIM_ICStructInit                                  ./Debug/driver_src_stm32f4xx_tim.c.o
TIM_ITConfig                                      ./Debug/driver_src_stm32f4xx_tim.c.o
                                                  ./Debug/TinyTimber.c.o
TIM_ITRxExternalClockConfig                       ./Debug/driver_src_stm32f4xx_tim.c.o
TIM_InternalClockConfig                           ./Debug/driver_src_stm32f4xx_tim.c.o
TIM_OC1FastConfig                                 ./Debug/driver_src_stm32f4xx_tim.c.o
TIM_OC1Init                                       ./Debug/driver_src_stm32f4xx_tim.c.o
TIM_OC1NPolarityConfig                            ./Debug/driver_src_stm32f4xx_tim.c.o
TIM_OC1PolarityConfig                             ./Debug/driver_src_stm32f4xx_tim.c.o
TIM_OC1PreloadConfig                              ./Debug/driver_src_stm32f4xx_tim.c.o
TIM_OC2FastConfig                                 ./Debug/driver_src_stm32f4xx_tim.c.o
TIM_OC2Init                                       ./Debug/driver_src_stm32f4xx_tim.c.o
TIM_OC2NPolarityConfig                            ./Debug/driver_src_stm32f4xx_tim.c.o
TIM_OC2PolarityConfig                             ./Debug/driver_src_stm32f4xx_tim.c.o
TIM_OC2PreloadConfig                              ./Debug/driver_src_stm32f4xx_tim.c.o
TIM_OC3FastConfig                                 ./Debug/driver_src_stm32f4xx_tim.c.o
TIM_OC3Init                                       ./Debug/driver_src_stm32f4xx_tim.c.o
TIM_OC3NPolarityConfig                            ./Debug/driver_src_stm32f4xx_tim.c.o
TIM_OC3PolarityConfig                             ./Debug/driver_src_stm32f4xx_tim.c.o
TIM_OC3PreloadConfig                              ./Debug/driver_src_stm32f4xx_tim.c.o
TIM_OC4FastConfig                                 ./Debug/driver_src_stm32f4xx_tim.c.o
TIM_OC4Init                                       ./Debug/driver_src_stm32f4xx_tim.c.o
TIM_OC4PolarityConfig                             ./Debug/driver_src_stm32f4xx_tim.c.o
TIM_OC4PreloadConfig                              ./Debug/driver_src_stm32f4xx_tim.c.o
TIM_OCStructInit                                  ./Debug/driver_src_stm32f4xx_tim.c.o
TIM_PWMIConfig                                    ./Debug/driver_src_stm32f4xx_tim.c.o
TIM_PrescalerConfig                               ./Debug/driver_src_stm32f4xx_tim.c.o
TIM_RemapConfig                                   ./Debug/driver_src_stm32f4xx_tim.c.o
TIM_SelectCCDMA                                   ./Debug/driver_src_stm32f4xx_tim.c.o
TIM_SelectCOM                                     ./Debug/driver_src_stm32f4xx_tim.c.o
TIM_SelectHallSensor                              ./Debug/driver_src_stm32f4xx_tim.c.o
TIM_SelectInputTrigger                            ./Debug/driver_src_stm32f4xx_tim.c.o
TIM_SelectMasterSlaveMode                         ./Debug/driver_src_stm32f4xx_tim.c.o
TIM_SelectOCxM                                    ./Debug/driver_src_stm32f4xx_tim.c.o
TIM_SelectOnePulseMode                            ./Debug/driver_src_stm32f4xx_tim.c.o
TIM_SelectOutputTrigger                           ./Debug/driver_src_stm32f4xx_tim.c.o
TIM_SelectSlaveMode                               ./Debug/driver_src_stm32f4xx_tim.c.o
TIM_SetAutoreload                                 ./Debug/driver_src_stm32f4xx_tim.c.o
TIM_SetClockDivision                              ./Debug/driver_src_stm32f4xx_tim.c.o
TIM_SetCompare1                                   ./Debug/driver_src_stm32f4xx_tim.c.o
                                                  ./Debug/TinyTimber.c.o
TIM_SetCompare2                                   ./Debug/driver_src_stm32f4xx_tim.c.o
TIM_SetCompare3                                   ./Debug/driver_src_stm32f4xx_tim.c.o
TIM_SetCompare4                                   ./Debug/driver_src_stm32f4xx_tim.c.o
TIM_SetCounter                                    ./Debug/driver_src_stm32f4xx_tim.c.o
                                                  ./Debug/TinyTimber.c.o
TIM_SetIC1Prescaler                               ./Debug/driver_src_stm32f4xx_tim.c.o
TIM_SetIC2Prescaler                               ./Debug/driver_src_stm32f4xx_tim.c.o
TIM_SetIC3Prescaler                               ./Debug/driver_src_stm32f4xx_tim.c.o
TIM_SetIC4Prescaler                               ./Debug/driver_src_stm32f4xx_tim.c.o
TIM_TIxExternalClockConfig                        ./Debug/driver_src_stm32f4xx_tim.c.o
TIM_TimeBaseInit                                  ./Debug/driver_src_stm32f4xx_tim.c.o
                                                  ./Debug/TinyTimber.c.o
TIM_TimeBaseStructInit                            ./Debug/driver_src_stm32f4xx_tim.c.o
                                                  ./Debug/TinyTimber.c.o
TIM_UpdateDisableConfig                           ./Debug/driver_src_stm32f4xx_tim.c.o
TIM_UpdateRequestConfig                           ./Debug/driver_src_stm32f4xx_tim.c.o
T_RESET                                           ./Debug/TinyTimber.c.o
T_SAMPLE                                          ./Debug/TinyTimber.c.o
USART_ClearFlag                                   ./Debug/driver_src_stm32f4xx_usart.c.o
USART_ClearITPendingBit                           ./Debug/driver_src_stm32f4xx_usart.c.o
USART_ClockInit                                   ./Debug/driver_src_stm32f4xx_usart.c.o
USART_ClockStructInit                             ./Debug/driver_src_stm32f4xx_usart.c.o
USART_Cmd                                         ./Debug/driver_src_stm32f4xx_usart.c.o
USART_DMACmd                                      ./Debug/driver_src_stm32f4xx_usart.c.o
USART_DeInit                                      ./Debug/driver_src_stm32f4xx_usart.c.o
USART_GetFlagStatus                               ./Debug/driver_src_stm32f4xx_usart.c.o
                                                  ./Debug/TinyTimber.c.o
                                                  ./Debug/sciTinyTimber.c.o
USART_GetITStatus                                 ./Debug/driver_src_stm32f4xx_usart.c.o
USART_HalfDuplexCmd                               ./Debug/driver_src_stm32f4xx_usart.c.o
USART_ITConfig                                    ./Debug/driver_src_stm32f4xx_usart.c.o
                                                  ./Debug/sciTinyTimber.c.o
USART_Init                                        ./Debug/driver_src_stm32f4xx_usart.c.o
USART_IrDACmd                                     ./Debug/driver_src_stm32f4xx_usart.c.o
USART_IrDAConfig                                  ./Debug/driver_src_stm32f4xx_usart.c.o
USART_LINBreakDetectLengthConfig                  ./Debug/driver_src_stm32f4xx_usart.c.o
USART_LINCmd                                      ./Debug/driver_src_stm32f4xx_usart.c.o
USART_OneBitMethodCmd                             ./Debug/driver_src_stm32f4xx_usart.c.o
USART_OverSampling8Cmd                            ./Debug/driver_src_stm32f4xx_usart.c.o
USART_ReceiveData                                 ./Debug/driver_src_stm32f4xx_usart.c.o
                                                  ./Debug/sciTinyTimber.c.o
USART_ReceiverWakeUpCmd                           ./Debug/driver_src_stm32f4xx_usart.c.o
USART_SendBreak                                   ./Debug/driver_src_stm32f4xx_usart.c.o
USART_SendData                                    ./Debug/driver_src_stm32f4xx_usart.c.o
                                                  ./Debug/TinyTimber.c.o
                                                  ./Debug/sciTinyTimber.c.o
USART_SetAddress                                  ./Debug/driver_src_stm32f4xx_usart.c.o
USART_SetGuardTime                                ./Debug/driver_src_stm32f4xx_usart.c.o
USART_SetPrescaler                                ./Debug/driver_src_stm32f4xx_usart.c.o
USART_SmartCardCmd                                ./Debug/driver_src_stm32f4xx_usart.c.o
USART_SmartCardNACKCmd                            ./Debug/driver_src_stm32f4xx_usart.c.o
USART_StructInit                                  ./Debug/driver_src_stm32f4xx_usart.c.o
USART_WakeUpConfig                                ./Debug/driver_src_stm32f4xx_usart.c.o
__heap_end                                        ./Debug/TinyTimber.c.o
__lock___arc4random_mutex                         c:/cseapp/codelite/tools/gcc-arm/bin/../lib/gcc/arm-none-eabi/9.2.1/../../../../arm-none-eabi/lib/thumb/v7e-m+fp/hard\libc_nano.a(lib_a-lock.o)
__lock___at_quick_exit_mutex                      c:/cseapp/codelite/tools/gcc-arm/bin/../lib/gcc/arm-none-eabi/9.2.1/../../../../arm-none-eabi/lib/thumb/v7e-m+fp/hard\libc_nano.a(lib_a-lock.o)
__lock___atexit_recursive_mutex                   c:/cseapp/codelite/tools/gcc-arm/bin/../lib/gcc/arm-none-eabi/9.2.1/../../../../arm-none-eabi/lib/thumb/v7e-m+fp/hard\libc_nano.a(lib_a-lock.o)
__lock___dd_hash_mutex                            c:/cseapp/codelite/tools/gcc-arm/bin/../lib/gcc/arm-none-eabi/9.2.1/../../../../arm-none-eabi/lib/thumb/v7e-m+fp/hard\libc_nano.a(lib_a-lock.o)
__lock___env_recursive_mutex                      c:/cseapp/codelite/tools/gcc-arm/bin/../lib/gcc/arm-none-eabi/9.2.1/../../../../arm-none-eabi/lib/thumb/v7e-m+fp/hard\libc_nano.a(lib_a-lock.o)
__lock___malloc_recursive_mutex                   c:/cseapp/codelite/tools/gcc-arm/bin/../lib/gcc/arm-none-eabi/9.2.1/../../../../arm-none-eabi/lib/thumb/v7e-m+fp/hard\libc_nano.a(lib_a-lock.o)
                                                  c:/cseapp/codelite/tools/gcc-arm/bin/../lib/gcc/arm-none-eabi/9.2.1/../../../../arm-none-eabi/lib/thumb/v7e-m+fp/hard\libc_nano.a(lib_a-mlock.o)
__lock___sfp_recursive_mutex                      c:/cseapp/codelite/tools/gcc-arm/bin/../lib/gcc/arm-none-eabi/9.2.1/../../../../arm-none-eabi/lib/thumb/v7e-m+fp/hard\libc_nano.a(lib_a-lock.o)
__lock___sinit_recursive_mutex                    c:/cseapp/codelite/tools/gcc-arm/bin/../lib/gcc/arm-none-eabi/9.2.1/../../../../arm-none-eabi/lib/thumb/v7e-m+fp/hard\libc_nano.a(lib_a-lock.o)
__lock___tz_mutex                                 c:/cseapp/codelite/tools/gcc-arm/bin/../lib/gcc/arm-none-eabi/9.2.1/../../../../arm-none-eabi/lib/thumb/v7e-m+fp/hard\libc_nano.a(lib_a-lock.o)
__malloc_free_list                                c:/cseapp/codelite/tools/gcc-arm/bin/../lib/gcc/arm-none-eabi/9.2.1/../../../../arm-none-eabi/lib/thumb/v7e-m+fp/hard\libc_nano.a(lib_a-nano-mallocr.o)
                                                  c:/cseapp/codelite/tools/gcc-arm/bin/../lib/gcc/arm-none-eabi/9.2.1/../../../../arm-none-eabi/lib/thumb/v7e-m+fp/hard\libc_nano.a(lib_a-nano-freer.o)
__malloc_lock                                     c:/cseapp/codelite/tools/gcc-arm/bin/../lib/gcc/arm-none-eabi/9.2.1/../../../../arm-none-eabi/lib/thumb/v7e-m+fp/hard\libc_nano.a(lib_a-mlock.o)
                                                  c:/cseapp/codelite/tools/gcc-arm/bin/../lib/gcc/arm-none-eabi/9.2.1/../../../../arm-none-eabi/lib/thumb/v7e-m+fp/hard\libc_nano.a(lib_a-nano-mallocr.o)
                                                  c:/cseapp/codelite/tools/gcc-arm/bin/../lib/gcc/arm-none-eabi/9.2.1/../../../../arm-none-eabi/lib/thumb/v7e-m+fp/hard\libc_nano.a(lib_a-nano-freer.o)
__malloc_sbrk_start                               c:/cseapp/codelite/tools/gcc-arm/bin/../lib/gcc/arm-none-eabi/9.2.1/../../../../arm-none-eabi/lib/thumb/v7e-m+fp/hard\libc_nano.a(lib_a-nano-mallocr.o)
__malloc_unlock                                   c:/cseapp/codelite/tools/gcc-arm/bin/../lib/gcc/arm-none-eabi/9.2.1/../../../../arm-none-eabi/lib/thumb/v7e-m+fp/hard\libc_nano.a(lib_a-mlock.o)
                                                  c:/cseapp/codelite/tools/gcc-arm/bin/../lib/gcc/arm-none-eabi/9.2.1/../../../../arm-none-eabi/lib/thumb/v7e-m+fp/hard\libc_nano.a(lib_a-nano-mallocr.o)
                                                  c:/cseapp/codelite/tools/gcc-arm/bin/../lib/gcc/arm-none-eabi/9.2.1/../../../../arm-none-eabi/lib/thumb/v7e-m+fp/hard\libc_nano.a(lib_a-nano-freer.o)
__pendSV_dispatch                                 ./Debug/TinyTimber.c.o
__retarget_lock_acquire                           c:/cseapp/codelite/tools/gcc-arm/bin/../lib/gcc/arm-none-eabi/9.2.1/../../../../arm-none-eabi/lib/thumb/v7e-m+fp/hard\libc_nano.a(lib_a-lock.o)
__retarget_lock_acquire_recursive                 c:/cseapp/codelite/tools/gcc-arm/bin/../lib/gcc/arm-none-eabi/9.2.1/../../../../arm-none-eabi/lib/thumb/v7e-m+fp/hard\libc_nano.a(lib_a-lock.o)
                                                  c:/cseapp/codelite/tools/gcc-arm/bin/../lib/gcc/arm-none-eabi/9.2.1/../../../../arm-none-eabi/lib/thumb/v7e-m+fp/hard\libc_nano.a(lib_a-mlock.o)
__retarget_lock_close                             c:/cseapp/codelite/tools/gcc-arm/bin/../lib/gcc/arm-none-eabi/9.2.1/../../../../arm-none-eabi/lib/thumb/v7e-m+fp/hard\libc_nano.a(lib_a-lock.o)
__retarget_lock_close_recursive                   c:/cseapp/codelite/tools/gcc-arm/bin/../lib/gcc/arm-none-eabi/9.2.1/../../../../arm-none-eabi/lib/thumb/v7e-m+fp/hard\libc_nano.a(lib_a-lock.o)
__retarget_lock_init                              c:/cseapp/codelite/tools/gcc-arm/bin/../lib/gcc/arm-none-eabi/9.2.1/../../../../arm-none-eabi/lib/thumb/v7e-m+fp/hard\libc_nano.a(lib_a-lock.o)
__retarget_lock_init_recursive                    c:/cseapp/codelite/tools/gcc-arm/bin/../lib/gcc/arm-none-eabi/9.2.1/../../../../arm-none-eabi/lib/thumb/v7e-m+fp/hard\libc_nano.a(lib_a-lock.o)
__retarget_lock_release                           c:/cseapp/codelite/tools/gcc-arm/bin/../lib/gcc/arm-none-eabi/9.2.1/../../../../arm-none-eabi/lib/thumb/v7e-m+fp/hard\libc_nano.a(lib_a-lock.o)